
****** Vivado v2023.2 (64-bit)
  **** SW Build 4029153 on Fri Oct 13 20:13:54 MDT 2023
  **** IP Build 4028589 on Sat Oct 14 00:45:43 MDT 2023
  **** SharedData Build 4025554 on Tue Oct 10 17:18:54 MDT 2023
    ** Copyright 1986-2022 Xilinx, Inc. All Rights Reserved.
    ** Copyright 2022-2023 Advanced Micro Devices, Inc. All Rights Reserved.

source /tmp/strat2/build_arm.tcl
# set PERIOD [lindex $argv 0]
# set ARM    [lindex $argv 1]
# set ROOT   /home/st-wangjun/project/RISCV_A910
# set SYNTH  [file join $ROOT synth vivado fmax_impl_${PERIOD}ns fmax_impl_${PERIOD}ns.runs synth_1 top_fmax.dcp]
# set REF    /tmp/p0a/fmax_base_6.9ns/top_fmax_routed.dcp
# set OUT    [file join /tmp/strat2 fmax_${ARM}_${PERIOD}ns]
# file mkdir $OUT
# open_checkpoint $SYNTH
Command: open_checkpoint /home/st-wangjun/project/RISCV_A910/synth/vivado/fmax_impl_6.5ns/fmax_impl_6.5ns.runs/synth_1/top_fmax.dcp

Starting open_checkpoint Task

Time (s): cpu = 00:00:00.04 ; elapsed = 00:00:00.03 . Memory (MB): peak = 1424.770 ; gain = 0.004 ; free physical = 63095 ; free virtual = 944443
INFO: [Device 21-403] Loading part xc7k325tffg900-2
Netlist sorting complete. Time (s): cpu = 00:00:00.06 ; elapsed = 00:00:00.06 . Memory (MB): peak = 1795.707 ; gain = 0.000 ; free physical = 65991 ; free virtual = 947318
INFO: [Netlist 29-17] Analyzing 1275 Unisim elements for replacement
INFO: [Netlist 29-28] Unisim Transformation completed in 0 CPU seconds
INFO: [Project 1-479] Netlist was created with Vivado 2023.2
INFO: [Project 1-570] Preparing netlist for logic optimization
Read ShapeDB Complete: Time (s): cpu = 00:00:00.02 ; elapsed = 00:00:00.02 . Memory (MB): peak = 1888.270 ; gain = 2.004 ; free physical = 69701 ; free virtual = 951028
Netlist sorting complete. Time (s): cpu = 00:00:00 ; elapsed = 00:00:00 . Memory (MB): peak = 1888.270 ; gain = 0.000 ; free physical = 69591 ; free virtual = 950918
INFO: [Project 1-111] Unisim Transformation Summary:
  A total of 267 instances were transformed.
  RAM32M => RAM32M (RAMD32(x6), RAMS32(x2)): 8 instances
  RAM64M => RAM64M (RAMD64E(x4)): 183 instances
  RAM64X1D => RAM64X1D (RAMD64E(x2)): 76 instances

INFO: [Project 1-604] Checkpoint was created with Vivado v2023.2 (64-bit) build 4029153
open_checkpoint: Time (s): cpu = 00:00:11 ; elapsed = 00:00:11 . Memory (MB): peak = 1897.273 ; gain = 534.711 ; free physical = 69577 ; free virtual = 950904
# if {[llength [get_clocks -quiet]] == 0} {
#     read_xdc [file join $ROOT synth vivado fmax_impl_${PERIOD}ns fmax_gen.xdc]
# }
Parsing XDC File [/home/st-wangjun/project/RISCV_A910/synth/vivado/fmax_impl_6.5ns/fmax_gen.xdc]
Finished Parsing XDC File [/home/st-wangjun/project/RISCV_A910/synth/vivado/fmax_impl_6.5ns/fmax_gen.xdc]
# puts "ARM_CLK [get_property -quiet PERIOD [get_clocks -quiet clk]] expect=$PERIOD arm=$ARM"
ARM_CLK 6.500 expect=6.5 arm=incr
# if {$ARM eq "incr"} {
#     # 指南第五步: 增量 —— 拿 6.9ns 已布线的结果当 reference, 只按新约束局部重优化
#     if {[catch {read_checkpoint -incremental $REF} e]} { puts "INCR_READ_FAIL $e" } else { puts "INCR_READ_OK" }
#     if {[catch {opt_design} e]} { puts "INCR_OPT $e" }
#     place_design
# } else {
#     if {$ARM eq "merge"} {
#         if {[catch {opt_design -merge_equivalent_drivers -hier_fanout_limit 512} e]} { puts "MERGE_FAIL $e"; opt_design }
#     } else {
#         if {[catch {set_property FORCE_MAX_FANOUT 128 [current_design]} e]} { puts "FFO_FAIL $e" }
#         opt_design
#     }
# }
Command: read_checkpoint -incremental /tmp/p0a/fmax_base_6.9ns/top_fmax_routed.dcp
INFO: [Vivado 12-9151] Incremental flow is being run with directive 'RuntimeOptimized'. This will override place_design, post-place phys_opt_design and route_design directives.

Starting Incremental read checkpoint Task

Phase 1 Process Reference Checkpoint Netlist
INFO: [Netlist 29-17] Analyzing 1275 Unisim elements for replacement
INFO: [Netlist 29-28] Unisim Transformation completed in 0 CPU seconds

Time (s): cpu = 00:00:00.5 ; elapsed = 00:00:00.52 . Memory (MB): peak = 2621.566 ; gain = 38.785 ; free physical = 67892 ; free virtual = 949219
CRITICAL WARNING: [Project 1-948] opt_design is not done on current design. Should run opt_design before running r_c_i

Phase 2 Initialization
Netlist sorting complete. Time (s): cpu = 00:00:00 ; elapsed = 00:00:00 . Memory (MB): peak = 2658.203 ; gain = 0.000 ; free physical = 67744 ; free virtual = 949071
INFO: [Opt 31-138] Pushed 0 inverter(s) to 0 load pin(s).
Netlist sorting complete. Time (s): cpu = 00:00:00 ; elapsed = 00:00:00 . Memory (MB): peak = 2658.203 ; gain = 0.000 ; free physical = 67683 ; free virtual = 949010

Time (s): cpu = 00:00:01 ; elapsed = 00:00:00.95 . Memory (MB): peak = 2658.203 ; gain = 75.422 ; free physical = 67683 ; free virtual = 949010

Phase 3 Replay Physical Synthesis Transforms
INFO: [Physopt 32-721] Multithreading enabled for phys_opt_design using a maximum of 8 CPUs
INFO: [Timing 38-35] Done setting XDC timing constraints.
INFO: [Physopt 32-81] Processed net u_soc/Core_cpu/u_ifu_subsys/u_refill/Q[1]. Replicated 2 times.
INFO: [Physopt 32-81] Processed net u_soc/Core_cpu/u_ifu_subsys/u_refill/Q[2]. Replicated 3 times.
INFO: [Physopt 32-81] Processed net u_soc/Core_cpu/u_ifu_subsys/u_refill/Q[0]. Replicated 2 times.
INFO: [Vivado_Tcl 4-521] iPhys_opt_design summary: tried 3 changes and 3 changes are successfully applied

Time (s): cpu = 00:00:03 ; elapsed = 00:00:02 . Memory (MB): peak = 2712.980 ; gain = 130.199 ; free physical = 67381 ; free virtual = 948708

Phase 4 Build Reuse DB
INFO: [Physopt 32-721] Multithreading enabled for phys_opt_design using a maximum of 8 CPUs
Guided Cells=37
Timing taken for matching:0.52
Netlist sorting complete. Time (s): cpu = 00:00:00.07 ; elapsed = 00:00:00.07 . Memory (MB): peak = 2712.980 ; gain = 0.000 ; free physical = 66182 ; free virtual = 947510
INFO: [Designutils 20-5722] Start Reading Physical Databases.
Read Netlist Cache: Time (s): cpu = 00:00:00.02 ; elapsed = 00:00:00.02 . Memory (MB): peak = 2715.949 ; gain = 0.000 ; free physical = 66096 ; free virtual = 947424
Reading placer database...
Read Device Cache: Time (s): cpu = 00:00:00.01 ; elapsed = 00:00:00.01 . Memory (MB): peak = 2715.949 ; gain = 0.000 ; free physical = 66088 ; free virtual = 947416
Read PlaceDB: Time (s): cpu = 00:00:00.67 ; elapsed = 00:00:00.68 . Memory (MB): peak = 2717.910 ; gain = 1.961 ; free physical = 65714 ; free virtual = 947041
Read PulsedLatchDB: Time (s): cpu = 00:00:00 ; elapsed = 00:00:00 . Memory (MB): peak = 2717.910 ; gain = 0.000 ; free physical = 65713 ; free virtual = 947041
Read RouteStorage: Time (s): cpu = 00:00:00.29 ; elapsed = 00:00:00.3 . Memory (MB): peak = 2720.910 ; gain = 3.000 ; free physical = 65606 ; free virtual = 946933
Read Physdb Files: Time (s): cpu = 00:00:01 ; elapsed = 00:00:01 . Memory (MB): peak = 2720.910 ; gain = 4.961 ; free physical = 65605 ; free virtual = 946932
Finished XDEF File Restore: Time (s): cpu = 00:00:02 ; elapsed = 00:00:02 . Memory (MB): peak = 2720.910 ; gain = 4.961 ; free physical = 65419 ; free virtual = 946746
INFO: [Designutils 20-2297] Reference Design: /tmp/p0a/fmax_base_6.9ns/top_fmax_routed.dcp, Summary | WNS = 0.115 | WHS = 0.092 | State = POST_ROUTE |

Time (s): cpu = 00:00:09 ; elapsed = 00:00:07 . Memory (MB): peak = 2858.285 ; gain = 275.504 ; free physical = 65232 ; free virtual = 946559

Phase 5 Checking legality
Phase 5 Checking legality | Checksum: 108df7ff7

Time (s): cpu = 00:00:13 ; elapsed = 00:00:09 . Memory (MB): peak = 2878.492 ; gain = 295.711 ; free physical = 64461 ; free virtual = 945788

Phase 6 Reporting
Copyright 1986-2022 Xilinx, Inc. All Rights Reserved. Copyright 2022-2023 Advanced Micro Devices, Inc. All Rights Reserved.
---------------------------------------------------------------------------------------------------------------------------------------------
| Tool Version : Vivado v.2023.2 (lin64) Build 4029153 Fri Oct 13 20:13:54 MDT 2023
| Date         : Tue Sep 29 02:59:27 2026
| Host         : edaserver08 running 64-bit NAME="Red Hat Enterprise Linux Server"
| Design       : top_fmax
| Device       : xc7k325t
| Design State : Unknown
---------------------------------------------------------------------------------------------------------------------------------------------

Incremental Implementation Information

Table of Contents
-----------------
1. Incremental Flow Summary
2. Reuse Summary
3. Reference Checkpoint Information
4. Comparison with Reference Run
5. Optimization Comparison With Reference Run
5.1 iphys_opt_replay Optimizations
5.2 QoR Suggestion Optimizations
6. Command Comparison with Reference Run
6.1 Reference:
6.2 Incremental:
7. Non Reuse Information

1. Incremental Flow Summary
---------------------------

+-----------------------+------------------+
|    Flow Information   |       Value      |
+-----------------------+------------------+
| Synthesis Flow        |          Default |
| Auto Incremental      |               No |
| Incremental Directive | RuntimeOptimized |
| Target WNS            |              0.0 |
| QoR Suggestions       |                0 |
+-----------------------+------------------+


2. Reuse Summary
----------------

+-------+----------------------+----------------------------+--------------------+-------+
|  Type | Matched % (of Total) | Current Reuse % (of Total) | Fixed % (of Total) | Total |
+-------+----------------------+----------------------------+--------------------+-------+
| Cells |                98.79 |                      99.65 |               0.00 | 18903 |
| Nets  |                94.51 |                      96.47 |               0.00 | 12753 |
| Pins  |                    - |                      95.23 |                  - | 93582 |
| Ports |               100.00 |                     100.00 |               0.00 |    73 |
+-------+----------------------+----------------------------+--------------------+-------+
* Reused % can exceed matched % when unmatched cells take their placement directly from other cells that have been matched
** Reused % can exceed matched % when unmatched nets take their routing from nets with similar placement and connectivity


3. Reference Checkpoint Information
-----------------------------------

+----------------+----------------------------------------------+
| DCP Location:  | /tmp/p0a/fmax_base_6.9ns/top_fmax_routed.dcp |
+----------------+----------------------------------------------+


+--------------------------------+----------------------------+
|         DCP Information        |            Value           |
+--------------------------------+----------------------------+
| DCP State                      |                 POST_ROUTE |
| Recorded WNS                   |                      0.115 |
| Recorded WHS                   |                      0.092 |
| Reference Speed File Version   | PRODUCTION 1.12 2017-02-17 |
| Incremental Speed File Version | PRODUCTION 1.12 2017-02-17 |
+--------------------------------+----------------------------+
* Recorded WNS/WHS timing numbers are estimated timing numbers. They may vary slightly from sign-off timing numbers.


4. Comparison with Reference Run
--------------------------------

+-----------------+---------------------------+---------------------------+---------------------------+
|                 |          WNS(ns)          |  Runtime(elapsed)(hh:mm)  |    Runtime(cpu)(hh:mm)    |
+-----------------+-------------+-------------+-------------+-------------+-------------+-------------+
|      Stage      |  Reference  | Incremental |  Reference  | Incremental |  Reference  | Incremental |
+-----------------+-------------+-------------+-------------+-------------+-------------+-------------+
| synth_design    |             |             |       00:02 |       00:03 |       00:02 |       00:03 |
| opt_design      |             |             |     < 1 min |             |     < 1 min |             |
| read_checkpoint |             |             |             |             |             |             |
| place_design    |       0.197 |             |     < 1 min |             |       00:01 |             |
| phys_opt_design |       0.197 |             |     < 1 min |             |     < 1 min |             |
| route_design    |       0.114 |             |       00:01 |             |       00:01 |             |
+-----------------+-------------+-------------+-------------+-------------+-------------+-------------+


5. Optimization Comparison With Reference Run
---------------------------------------------

5.1 iphys_opt_replay Optimizations
----------------------------------

+-------------------------+--------+------------+
| iphys_opt_design replay | Reused | Not Reused |
+-------------------------+--------+------------+
| fanout_opt              |      3 |          0 |
+-------------------------+--------+------------+


5.2 QoR Suggestion Optimizations
--------------------------------

+-------------------------------------+-------+
|           QoR Suggestions           | Value |
+-------------------------------------+-------+
| QoR Suggestions (Recommended)       |     0 |
|   Suggestions Included In Reference |     0 |
|     Yet to apply                    |     0 |
|     Applied                         |     0 |
|     Failed to apply                 |     0 |
|   New Suggestions (INCR_FRIENDLY=1) |     0 |
|     Yet to apply                    |     0 |
|     Applied                         |     0 |
|     Failed to apply                 |     0 |
| QoR Suggestions (Not Recommended)   |     0 |
|   New Suggestions (INCR_FRIENDLY=0) |     0 |
|     Yet to apply                    |     0 |
|     Applied                         |     0 |
|     Failed to apply                 |     0 |
| Disabled New Suggestions            |     0 |
+-------------------------------------+-------+


6. Command Comparison with Reference Run
----------------------------------------

6.1 Reference:
--------------
synth_design-define default::[not_specified] -verilog_define default::[not_specified] -vhdl_define default::[not_specified] -top  top_fmax -part  xc7k325tffg900-2 
opt_design
place_design
phys_opt_design
route_design

6.2 Incremental:
----------------
synth_design-define default::[not_specified] -verilog_define default::[not_specified] -vhdl_define default::[not_specified] -top  top_fmax -part  xc7k325tffg900-2 
read_checkpoint -directive RuntimeOptimized  -incremental /tmp/p0a/fmax_base_6.9ns/top_fmax_routed.dcp

7. Non Reuse Information
------------------------

+------------------------------------------------------+------+
|                         Type                         |   %  |
+------------------------------------------------------+------+
| Non-Reused Cells                                     | 0.34 |
|   New                                                | 0.33 |
|   Discarded illegal placement due to netlist changes | 0.01 |
| Partially reused nets                                | 1.63 |
| Non-Reused nets                                      | 1.88 |
| Non-Reused Ports                                     | 0.00 |
+------------------------------------------------------+------+



Time (s): cpu = 00:00:13 ; elapsed = 00:00:09 . Memory (MB): peak = 2878.492 ; gain = 295.711 ; free physical = 64432 ; free virtual = 945759

Time (s): cpu = 00:00:13 ; elapsed = 00:00:09 . Memory (MB): peak = 2878.492 ; gain = 295.711 ; free physical = 64425 ; free virtual = 945753
read_checkpoint: Time (s): cpu = 00:00:13 ; elapsed = 00:00:09 . Memory (MB): peak = 2878.492 ; gain = 295.719 ; free physical = 64425 ; free virtual = 945753
INCR_READ_OK
INFO: [Vivado_Tcl 4-548] Skipping opt_design. The opt_design command can only be run before read_checkpoint -incremental.
Command: place_design
Attempting to get a license for feature 'Implementation' and/or device 'xc7k325t'
INFO: [Common 17-349] Got license for feature 'Implementation' and/or device 'xc7k325t'
INFO: [Common 17-83] Releasing license: Implementation

Starting Incremental Placer Task
INFO: [Vivado_Tcl 4-24] Running Incremental Placer flow for unplaced cells using reference design-checkpoint '/tmp/p0a/fmax_base_6.9ns/top_fmax_routed.dcp'.
INFO: [Place 46-44] place_design is using directive Default with target WNS of 0 ns.

Phase 1 Placer Initialization

Phase 1.1 Placer Initialization Netlist Sorting
Netlist sorting complete. Time (s): cpu = 00:00:00 ; elapsed = 00:00:00 . Memory (MB): peak = 2878.492 ; gain = 0.000 ; free physical = 64422 ; free virtual = 945749
Phase 1.1 Placer Initialization Netlist Sorting | Checksum: 108df7ff7

Time (s): cpu = 00:00:00.26 ; elapsed = 00:00:00.28 . Memory (MB): peak = 2878.492 ; gain = 0.000 ; free physical = 64375 ; free virtual = 945702

Phase 1.2 IO Placement/ Clock Placement/ Build Placer Device
Phase 1.2 IO Placement/ Clock Placement/ Build Placer Device | Checksum: 108df7ff7

Time (s): cpu = 00:00:01 ; elapsed = 00:00:00.92 . Memory (MB): peak = 2961.082 ; gain = 82.590 ; free physical = 64155 ; free virtual = 945482

Phase 1.3 Build Placer Netlist Model
Phase 1.3 Build Placer Netlist Model | Checksum: 212af6d28

Time (s): cpu = 00:00:11 ; elapsed = 00:00:05 . Memory (MB): peak = 2961.082 ; gain = 82.590 ; free physical = 63693 ; free virtual = 945020

Phase 1.4 Constrain Clocks/Macros
Phase 1.4 Constrain Clocks/Macros | Checksum: 212af6d28

Time (s): cpu = 00:00:11 ; elapsed = 00:00:05 . Memory (MB): peak = 2961.082 ; gain = 82.590 ; free physical = 63581 ; free virtual = 944908
Phase 1 Placer Initialization | Checksum: 212af6d28

Time (s): cpu = 00:00:11 ; elapsed = 00:00:05 . Memory (MB): peak = 2961.082 ; gain = 82.590 ; free physical = 65223 ; free virtual = 946550

Phase 2 Global Placement

Phase 2.1 Floorplanning
Phase 2.1 Floorplanning | Checksum: 22412ea79

Time (s): cpu = 00:00:16 ; elapsed = 00:00:06 . Memory (MB): peak = 3057.492 ; gain = 179.000 ; free physical = 64290 ; free virtual = 945619

Phase 2.2 Update Timing before SLR Path Opt
Phase 2.2 Update Timing before SLR Path Opt | Checksum: 22a941741

Time (s): cpu = 00:00:19 ; elapsed = 00:00:07 . Memory (MB): peak = 3057.492 ; gain = 179.000 ; free physical = 64030 ; free virtual = 945359

Phase 2.3 Post-Processing in Floorplanning
Phase 2.3 Post-Processing in Floorplanning | Checksum: 2107347d9

Time (s): cpu = 00:00:20 ; elapsed = 00:00:08 . Memory (MB): peak = 3057.492 ; gain = 179.000 ; free physical = 63928 ; free virtual = 945232

Phase 2.4 Global Placement Core
Phase 2.4 Global Placement Core | Checksum: 1f05b3bc8

Time (s): cpu = 00:00:58 ; elapsed = 00:00:19 . Memory (MB): peak = 3080.488 ; gain = 201.996 ; free physical = 65544 ; free virtual = 946862
Phase 2 Global Placement | Checksum: 1f05b3bc8

Time (s): cpu = 00:00:58 ; elapsed = 00:00:19 . Memory (MB): peak = 3080.488 ; gain = 201.996 ; free physical = 65522 ; free virtual = 946840

Phase 3 Detail Placement

Phase 3.1 Commit Multi Column Macros
Phase 3.1 Commit Multi Column Macros | Checksum: 271b325f7

Time (s): cpu = 00:00:59 ; elapsed = 00:00:20 . Memory (MB): peak = 3080.488 ; gain = 201.996 ; free physical = 65488 ; free virtual = 946806

Phase 3.2 Commit Most Macros & LUTRAMs
Phase 3.2 Commit Most Macros & LUTRAMs | Checksum: 1d85b4647

Time (s): cpu = 00:01:01 ; elapsed = 00:00:21 . Memory (MB): peak = 3080.488 ; gain = 201.996 ; free physical = 65476 ; free virtual = 946794

Phase 3.3 Place Remaining
Phase 3.3 Place Remaining | Checksum: 1ac016cb9

Time (s): cpu = 00:01:06 ; elapsed = 00:00:22 . Memory (MB): peak = 3155.152 ; gain = 276.660 ; free physical = 65332 ; free virtual = 946649
Phase 3 Detail Placement | Checksum: 246f356bd

Time (s): cpu = 00:01:10 ; elapsed = 00:00:24 . Memory (MB): peak = 3155.152 ; gain = 276.660 ; free physical = 65051 ; free virtual = 946369

Phase 4 Post Placement Optimization and Clean-Up

Phase 4.1 Post Commit Optimization

Phase 4.1.1 Post Placement Optimization
Post Placement Optimization Initialization | Checksum: 2ae36e628

Phase 4.1.1.1 BUFG Insertion

Starting Physical Synthesis Task

Phase 1 Physical Synthesis Initialization
INFO: [Physopt 32-721] Multithreading enabled for phys_opt_design using a maximum of 8 CPUs
INFO: [Physopt 32-619] Estimated Timing Summary | WNS=-1.359 | TNS=-789.331 |
Phase 1 Physical Synthesis Initialization | Checksum: 134f83679

Time (s): cpu = 00:00:01 ; elapsed = 00:00:00.35 . Memory (MB): peak = 3155.152 ; gain = 0.000 ; free physical = 65018 ; free virtual = 946335
INFO: [Place 46-56] BUFG insertion identified 0 candidate nets. Inserted BUFG: 0, Replicated BUFG Driver: 0, Skipped due to Placement/Routing Conflicts: 0, Skipped due to Timing Degradation: 0, Skipped due to netlist editing failed: 0.
Ending Physical Synthesis Task | Checksum: 2146d15f1

Time (s): cpu = 00:00:01 ; elapsed = 00:00:00.7 . Memory (MB): peak = 3155.152 ; gain = 0.000 ; free physical = 65013 ; free virtual = 946331
Phase 4.1.1.1 BUFG Insertion | Checksum: 2ae36e628

Time (s): cpu = 00:01:15 ; elapsed = 00:00:26 . Memory (MB): peak = 3155.152 ; gain = 276.660 ; free physical = 65012 ; free virtual = 946330

Phase 4.1.1.2 Post Placement Timing Optimization
INFO: [Place 30-746] Post Placement Timing Summary WNS=-0.603. For the most accurate timing information please run report_timing.
Phase 4.1.1.2 Post Placement Timing Optimization | Checksum: 26388596b

Time (s): cpu = 00:01:32 ; elapsed = 00:00:38 . Memory (MB): peak = 3155.152 ; gain = 276.660 ; free physical = 63512 ; free virtual = 944830

Time (s): cpu = 00:01:32 ; elapsed = 00:00:38 . Memory (MB): peak = 3155.152 ; gain = 276.660 ; free physical = 63512 ; free virtual = 944830
Phase 4.1 Post Commit Optimization | Checksum: 26388596b

Time (s): cpu = 00:01:32 ; elapsed = 00:00:39 . Memory (MB): peak = 3155.152 ; gain = 276.660 ; free physical = 63377 ; free virtual = 944695

Phase 4.2 Sweep Clock Roots: Post-Placement
Phase 4.2 Sweep Clock Roots: Post-Placement | Checksum: 26388596b

Time (s): cpu = 00:01:33 ; elapsed = 00:00:39 . Memory (MB): peak = 3155.152 ; gain = 276.660 ; free physical = 63342 ; free virtual = 944660

Phase 4.3 Placer Reporting

Phase 4.3.1 Print Estimated Congestion
INFO: [Place 30-612] Post-Placement Estimated Congestion 
 ____________________________________________________
|           | Global Congestion | Short Congestion  |
| Direction | Region Size       | Region Size       |
|___________|___________________|___________________|
|      North|              16x16|              32x32|
|___________|___________________|___________________|
|      South|                8x8|              16x16|
|___________|___________________|___________________|
|       East|              16x16|              16x16|
|___________|___________________|___________________|
|       West|              16x16|              16x16|
|___________|___________________|___________________|

Phase 4.3.1 Print Estimated Congestion | Checksum: 1b6ef8e44

Time (s): cpu = 00:01:38 ; elapsed = 00:00:40 . Memory (MB): peak = 3155.152 ; gain = 276.660 ; free physical = 63291 ; free virtual = 944609
Phase 4.3 Placer Reporting | Checksum: 1b6ef8e44

Time (s): cpu = 00:01:38 ; elapsed = 00:00:41 . Memory (MB): peak = 3155.152 ; gain = 276.660 ; free physical = 63288 ; free virtual = 944606

Phase 4.4 Post Placement Cleanup
Phase 4.4 Post Placement Cleanup | Checksum: 1b6ef8e44

Time (s): cpu = 00:01:38 ; elapsed = 00:00:41 . Memory (MB): peak = 3155.152 ; gain = 276.660 ; free physical = 63284 ; free virtual = 944602

Phase 4.5 Final Placement Cleanup
Netlist sorting complete. Time (s): cpu = 00:00:00 ; elapsed = 00:00:00 . Memory (MB): peak = 3155.152 ; gain = 0.000 ; free physical = 63284 ; free virtual = 944602

Time (s): cpu = 00:01:38 ; elapsed = 00:00:41 . Memory (MB): peak = 3155.152 ; gain = 276.660 ; free physical = 63284 ; free virtual = 944602

Phase 4.6 Final Placement Cleanup
Netlist sorting complete. Time (s): cpu = 00:00:00 ; elapsed = 00:00:00 . Memory (MB): peak = 3155.152 ; gain = 0.000 ; free physical = 63284 ; free virtual = 944602

Time (s): cpu = 00:01:39 ; elapsed = 00:00:41 . Memory (MB): peak = 3155.152 ; gain = 276.660 ; free physical = 63284 ; free virtual = 944602
Phase 4 Post Placement Optimization and Clean-Up | Checksum: 1b3bd2e7b

Time (s): cpu = 00:01:39 ; elapsed = 00:00:41 . Memory (MB): peak = 3155.152 ; gain = 276.660 ; free physical = 63281 ; free virtual = 944599
INFO: [Place 46-3] During incremental compilation, routing data from the original checkpoint is applied during place_design. As a result, dangling route segments and route conflicts may appear in the post place_design implementation due to changes between the original and incremental netlists. These routes can be ignored as they will be subsequently resolved by route_design. This issue will be cleaned up automatically in place_design in a future software release.

+-------------------------------------------------------------------------------+
|Incremental Placement Summary                                                  |
+-------------------------------------------------------------------------------+
|                          Type                           | Count  | Percentage |
+-------------------------------------------------------------------------------+
|  Total instances                                        |  18903 |     100.00 |
|  Reused instances                                       |  18382 |      97.24 |
|  Non-reused instances                                   |    521 |       2.75 |
|    New                                                  |     64 |       0.33 |
|    Discarded illegal placement due to netlist changes   |     46 |       0.24 |
|    Discarded to improve timing                          |    411 |       2.17 |
+-------------------------------------------------------------------------------+
|Incremental Placement Runtime Summary                                          |
+-------------------------------------------------------------------------------+
|  Initialization time(elapsed secs)                                   |   5.24 |
|  Incremental Placer time(elapsed secs)                               |  35.87 |
+-------------------------------------------------------------------------------+

Reference - Incremental Comparison Summary

1. Comparison with Reference Run
--------------------------------

+-----------------+---------------------------+---------------------------+---------------------------+
|                 |          WNS(ns)          |  Runtime(elapsed)(hh:mm)  |    Runtime(cpu)(hh:mm)    |
+-----------------+-------------+-------------+-------------+-------------+-------------+-------------+
|      Stage      |  Reference  | Incremental |  Reference  | Incremental |  Reference  | Incremental |
+-----------------+-------------+-------------+-------------+-------------+-------------+-------------+
| synth_design    |             |             |       00:02 |       00:03 |       00:02 |       00:03 |
| opt_design      |             |             |     < 1 min |             |     < 1 min |             |
| read_checkpoint |             |             |             |     < 1 min |             |     < 1 min |
| place_design    |       0.197 |      -0.603 |     < 1 min |     < 1 min |       00:01 |       00:01 |
| phys_opt_design |       0.197 |             |     < 1 min |             |     < 1 min |             |
| route_design    |       0.114 |             |       00:01 |             |       00:01 |             |
+-----------------+-------------+-------------+-------------+-------------+-------------+-------------+


Ending Incremental Placer Task | Checksum: 16bc21b6d

Time (s): cpu = 00:01:39 ; elapsed = 00:00:41 . Memory (MB): peak = 3155.152 ; gain = 276.660 ; free physical = 63279 ; free virtual = 944597
24 Infos, 0 Warnings, 1 Critical Warnings and 0 Errors encountered.
place_design completed successfully
place_design: Time (s): cpu = 00:01:39 ; elapsed = 00:00:42 . Memory (MB): peak = 3155.152 ; gain = 276.660 ; free physical = 63279 ; free virtual = 944597
# phys_opt_design
Command: phys_opt_design
Attempting to get a license for feature 'Implementation' and/or device 'xc7k325t'
INFO: [Common 17-349] Got license for feature 'Implementation' and/or device 'xc7k325t'

Starting Initial Update Timing Task

Time (s): cpu = 00:00:01 ; elapsed = 00:00:00.43 . Memory (MB): peak = 3155.152 ; gain = 0.000 ; free physical = 63278 ; free virtual = 944595
INFO: [Vivado_Tcl 4-1435] PhysOpt_Tcl_Interface Runtime Before Starting Physical Synthesis Task | CPU: 1.58s |  WALL: 0.46s
Netlist sorting complete. Time (s): cpu = 00:00:00 ; elapsed = 00:00:00 . Memory (MB): peak = 3155.152 ; gain = 0.000 ; free physical = 63278 ; free virtual = 944595

Starting Physical Synthesis Task

Phase 1 Physical Synthesis Initialization
INFO: [Physopt 32-673] Physical synthesis flow is being used in incremental compile flow
INFO: [Physopt 32-721] Multithreading enabled for phys_opt_design using a maximum of 8 CPUs
INFO: [Physopt 32-619] Estimated Timing Summary | WNS=-0.603 | TNS=-270.588 |
Phase 1 Physical Synthesis Initialization | Checksum: acf1e0eb

Time (s): cpu = 00:00:02 ; elapsed = 00:00:01 . Memory (MB): peak = 3155.152 ; gain = 0.000 ; free physical = 63226 ; free virtual = 944544
INFO: [Physopt 32-673] Physical synthesis flow is being used in incremental compile flow
INFO: [Physopt 32-619] Estimated Timing Summary | WNS=-0.603 | TNS=-270.588 |

Phase 2 DSP Register Optimization
INFO: [Physopt 32-456] No candidate cells for DSP register optimization found in the design.
INFO: [Physopt 32-775] End 2 Pass. Optimized 0 net or cell. Created 0 new cell, deleted 0 existing cell and moved 0 existing cell
Phase 2 DSP Register Optimization | Checksum: acf1e0eb

Time (s): cpu = 00:00:02 ; elapsed = 00:00:01 . Memory (MB): peak = 3155.152 ; gain = 0.000 ; free physical = 63202 ; free virtual = 944520

Phase 3 Critical Path Optimization
INFO: [Physopt 32-619] Estimated Timing Summary | WNS=-0.603 | TNS=-270.588 |
INFO: [Physopt 32-702] Processed net u_soc/Core_cpu/u_ifu_subsys/u_icache/u_dat_way1/u_prim/rd_q[104]. Optimizations did not improve timing on the net.
INFO: [Physopt 32-81] Processed net u_soc/Core_cpu/u_ifu_subsys/g_tage.u_tage/q_row_idx_reg[1]_0[1]. Replicated 2 times.
INFO: [Physopt 32-735] Processed net u_soc/Core_cpu/u_ifu_subsys/g_tage.u_tage/q_row_idx_reg[1]_0[1]. Optimization improves timing on the net.
INFO: [Physopt 32-619] Estimated Timing Summary | WNS=-0.533 | TNS=-205.092 |
INFO: [Physopt 32-663] Processed net u_soc/Core_cpu/u_ifu_subsys/g_tage.u_tage/q_row_idx_reg[1]_0[0].  Re-placed instance u_soc/Core_cpu/u_ifu_subsys/g_tage.u_tage/q_row_idx_reg[1][0]
INFO: [Physopt 32-735] Processed net u_soc/Core_cpu/u_ifu_subsys/g_tage.u_tage/q_row_idx_reg[1]_0[0]. Optimization improves timing on the net.
INFO: [Physopt 32-619] Estimated Timing Summary | WNS=-0.536 | TNS=-232.430 |
INFO: [Physopt 32-702] Processed net u_soc/Core_cpu/u_ifu_subsys/u_ibuf/ent_q_reg[1]_24[55]. Optimizations did not improve timing on the net.
INFO: [Physopt 32-702] Processed net u_soc/Core_cpu/u_ifu_subsys/g_tage.u_tage/q_row_idx_reg[1]_0[0]. Optimizations did not improve timing on the net.
INFO: [Physopt 32-710] Processed net u_soc/Core_cpu/u_ifu_subsys/u_ibuf/ent_q[1][55]_i_1_n_0. Critical path length was reduced through logic transformation on cell u_soc/Core_cpu/u_ifu_subsys/u_ibuf/ent_q[1][55]_i_1_comp.
INFO: [Physopt 32-735] Processed net u_soc/Core_cpu/u_ifu_subsys/u_ibuf/ent_q[1][55]_i_2_n_0. Optimization improves timing on the net.
INFO: [Physopt 32-619] Estimated Timing Summary | WNS=-0.594 | TNS=-310.107 |
INFO: [Physopt 32-710] Processed net u_soc/Core_cpu/u_ifu_subsys/u_btb/next_pc[4]. Critical path length was reduced through logic transformation on cell u_soc/Core_cpu/u_ifu_subsys/u_btb/q_row_idx[0][4]_i_1_comp.
INFO: [Physopt 32-735] Processed net u_soc/Core_cpu/u_ifu_subsys/u_btb/reached_taken. Optimization improves timing on the net.
INFO: [Physopt 32-619] Estimated Timing Summary | WNS=-0.590 | TNS=-310.555 |
INFO: [Physopt 32-702] Processed net u_soc/Core_cpu/u_ifu_subsys/u_ibuf/ent_q_reg[3]_22[55]. Optimizations did not improve timing on the net.
INFO: [Physopt 32-663] Processed net u_soc/Core_cpu/u_ifu_subsys/u_ibuf/ent_q[3][55]_i_2_n_0.  Re-placed instance u_soc/Core_cpu/u_ifu_subsys/u_ibuf/ent_q[3][55]_i_2
INFO: [Physopt 32-735] Processed net u_soc/Core_cpu/u_ifu_subsys/u_ibuf/ent_q[3][55]_i_2_n_0. Optimization improves timing on the net.
INFO: [Physopt 32-619] Estimated Timing Summary | WNS=-0.583 | TNS=-310.520 |
INFO: [Physopt 32-702] Processed net u_soc/Core_cpu/u_ifu_subsys/u_ibuf/ent_q_reg[0]_25[53]. Optimizations did not improve timing on the net.
INFO: [Physopt 32-710] Processed net u_soc/Core_cpu/u_ifu_subsys/u_ibuf/ent_q[0][53]_i_1_n_0. Critical path length was reduced through logic transformation on cell u_soc/Core_cpu/u_ifu_subsys/u_ibuf/ent_q[0][53]_i_1_comp.
INFO: [Physopt 32-735] Processed net u_soc/Core_cpu/u_ifu_subsys/u_ibuf/ent_q[0][53]_i_2_n_0. Optimization improves timing on the net.
INFO: [Physopt 32-619] Estimated Timing Summary | WNS=-0.581 | TNS=-310.424 |
INFO: [Physopt 32-702] Processed net u_soc/Core_cpu/u_ifu_subsys/u_ibuf/ent_q_reg[2]_23[89]. Optimizations did not improve timing on the net.
INFO: [Physopt 32-710] Processed net u_soc/Core_cpu/u_ifu_subsys/u_ibuf/ent_q[2][89]_i_1_n_0. Critical path length was reduced through logic transformation on cell u_soc/Core_cpu/u_ifu_subsys/u_ibuf/ent_q[2][89]_i_1_comp.
INFO: [Physopt 32-735] Processed net u_soc/Core_cpu/u_ifu_subsys/u_ibuf/ent_q[2][89]_i_2_n_0. Optimization improves timing on the net.
INFO: [Physopt 32-619] Estimated Timing Summary | WNS=-0.581 | TNS=-309.931 |
INFO: [Physopt 32-710] Processed net u_soc/Core_cpu/u_ifu_subsys/u_btb/next_pc[4]. Critical path length was reduced through logic transformation on cell u_soc/Core_cpu/u_ifu_subsys/u_btb/q_row_idx[0][4]_i_1_comp_1.
INFO: [Physopt 32-735] Processed net u_soc/Core_cpu/u_ifu_subsys/u_btb/reached_taken_repN. Optimization improves timing on the net.
INFO: [Physopt 32-619] Estimated Timing Summary | WNS=-0.577 | TNS=-309.132 |
INFO: [Physopt 32-702] Processed net u_soc/Core_cpu/u_ifu_subsys/u_ibuf/ent_q_reg[6]_19[0]. Optimizations did not improve timing on the net.
INFO: [Physopt 32-663] Processed net u_soc/Core_cpu/u_ifu_subsys/u_ibuf/ent_q[6][0]_i_3_n_0.  Re-placed instance u_soc/Core_cpu/u_ifu_subsys/u_ibuf/ent_q[6][0]_i_3
INFO: [Physopt 32-735] Processed net u_soc/Core_cpu/u_ifu_subsys/u_ibuf/ent_q[6][0]_i_3_n_0. Optimization improves timing on the net.
INFO: [Physopt 32-619] Estimated Timing Summary | WNS=-0.573 | TNS=-308.955 |
INFO: [Physopt 32-702] Processed net u_soc/Core_cpu/u_ifu_subsys/u_ibuf/ent_q_reg[0]_25[55]. Optimizations did not improve timing on the net.
INFO: [Physopt 32-710] Processed net u_soc/Core_cpu/u_ifu_subsys/u_ibuf/ent_q[0][55]_i_1_n_0. Critical path length was reduced through logic transformation on cell u_soc/Core_cpu/u_ifu_subsys/u_ibuf/ent_q[0][55]_i_1_comp.
INFO: [Physopt 32-735] Processed net u_soc/Core_cpu/u_ifu_subsys/u_ibuf/ent_q[0][55]_i_2_n_0. Optimization improves timing on the net.
INFO: [Physopt 32-619] Estimated Timing Summary | WNS=-0.571 | TNS=-308.564 |
INFO: [Physopt 32-702] Processed net u_soc/Core_cpu/u_ifu_subsys/u_icache/u_dat_way0/u_prim/rd_q[104]. Optimizations did not improve timing on the net.
INFO: [Physopt 32-608] Optimized 1 net.  Swapped 20 pins.
INFO: [Physopt 32-735] Processed net u_soc/Core_cpu/u_ifu_subsys/u_btb/reached_taken. Optimization improves timing on the net.
INFO: [Physopt 32-619] Estimated Timing Summary | WNS=-0.565 | TNS=-302.770 |
INFO: [Physopt 32-702] Processed net u_soc/Core_cpu/u_ifu_subsys/g_tage.u_tage/q_row_idx_reg[1]_0[0]. Optimizations did not improve timing on the net.
INFO: [Physopt 32-702] Processed net u_soc/Core_cpu/u_ifu_subsys/g_tage.u_tage/g_tab[0].tg_p_reg_r1_0_63_3_5/DOA. Optimizations did not improve timing on the net.
INFO: [Physopt 32-608] Optimized 1 net.  Swapped 19 pins.
INFO: [Physopt 32-735] Processed net u_soc/Core_cpu/u_ifu_subsys/u_ibuf/ghr_q_reg[0]. Optimization improves timing on the net.
INFO: [Physopt 32-619] Estimated Timing Summary | WNS=-0.563 | TNS=-302.300 |
INFO: [Physopt 32-702] Processed net u_soc/Core_cpu/u_ifu_subsys/u_ibuf/ent_q_reg[3]_22[53]. Optimizations did not improve timing on the net.
INFO: [Physopt 32-702] Processed net u_soc/Core_cpu/u_ifu_subsys/u_ibuf/ent_q[3][53]_i_2_n_0. Optimizations did not improve timing on the net.
INFO: [Physopt 32-702] Processed net u_soc/Core_cpu/u_ifu_subsys/u_ibuf/ent_q[6][53]_i_3_n_0. Optimizations did not improve timing on the net.
INFO: [Physopt 32-608] Optimized 1 net.  Swapped 16 pins.
INFO: [Physopt 32-735] Processed net u_soc/Core_cpu/u_ifu_subsys/u_ibuf/p_0_in__0[53]. Optimization improves timing on the net.
INFO: [Physopt 32-619] Estimated Timing Summary | WNS=-0.562 | TNS=-301.340 |
INFO: [Physopt 32-702] Processed net u_soc/Core_cpu/u_ifu_subsys/u_ibuf/ent_q_reg[1]_24[79]. Optimizations did not improve timing on the net.
INFO: [Physopt 32-702] Processed net u_soc/Core_cpu/u_ifu_subsys/u_btb/q_pc_q_reg[3]_rep__0_14. Optimizations did not improve timing on the net.
INFO: [Physopt 32-702] Processed net u_soc/Core_cpu/u_ifu_subsys/u_ibuf/ent_q_reg[7][79]_0. Optimizations did not improve timing on the net.
INFO: [Physopt 32-702] Processed net u_soc/Core_cpu/u_ifu_subsys/u_btb/p_0_in__0[13]. Optimizations did not improve timing on the net.
INFO: [Physopt 32-702] Processed net u_soc/Core_cpu/u_ifu_subsys/u_ibuf/cnt_q_reg[4]_3. Optimizations did not improve timing on the net.
INFO: [Physopt 32-702] Processed net u_soc/Core_cpu/u_ifu_subsys/u_ibuf/cnt_q_reg[4]_2[1]. Optimizations did not improve timing on the net.
INFO: [Physopt 32-608] Optimized 1 net.  Swapped 21 pins.
INFO: [Physopt 32-735] Processed net u_soc/Core_cpu/u_ifu_subsys/u_icache/u_tag_way1/u_prim/push_num[1]. Optimization improves timing on the net.
INFO: [Physopt 32-619] Estimated Timing Summary | WNS=-0.562 | TNS=-299.588 |
INFO: [Physopt 32-702] Processed net u_soc/Core_cpu/u_ifu_subsys/u_ibuf/ent_q_reg[2]_23[95]. Optimizations did not improve timing on the net.
INFO: [Physopt 32-663] Processed net u_soc/Core_cpu/u_ifu_subsys/u_ibuf/ent_q[2][95]_i_2_n_0.  Re-placed instance u_soc/Core_cpu/u_ifu_subsys/u_ibuf/ent_q[2][95]_i_2
INFO: [Physopt 32-735] Processed net u_soc/Core_cpu/u_ifu_subsys/u_ibuf/ent_q[2][95]_i_2_n_0. Optimization improves timing on the net.
INFO: [Physopt 32-619] Estimated Timing Summary | WNS=-0.561 | TNS=-299.501 |
INFO: [Physopt 32-702] Processed net u_soc/Core_cpu/u_ifu_subsys/u_ibuf/ent_q[6][95]_i_4_n_0. Optimizations did not improve timing on the net.
INFO: [Physopt 32-608] Optimized 1 net.  Swapped 19 pins.
INFO: [Physopt 32-735] Processed net u_soc/Core_cpu/u_ifu_subsys/u_icache/u_tag_way1/u_prim/push_num[2]. Optimization improves timing on the net.
INFO: [Physopt 32-619] Estimated Timing Summary | WNS=-0.532 | TNS=-248.250 |
INFO: [Physopt 32-663] Processed net u_soc/Core_cpu/u_ifu_subsys/u_btb/q_pc_q_reg[3]_rep__0.  Re-placed instance u_soc/Core_cpu/u_ifu_subsys/u_btb/id_pred_npc[31]_i_3
INFO: [Physopt 32-735] Processed net u_soc/Core_cpu/u_ifu_subsys/u_btb/q_pc_q_reg[3]_rep__0. Optimization improves timing on the net.
INFO: [Physopt 32-619] Estimated Timing Summary | WNS=-0.510 | TNS=-248.026 |
INFO: [Physopt 32-702] Processed net u_soc/Core_cpu/u_ifu_subsys/g_tage.u_tage/q_row_idx_reg[3]_5[1]. Optimizations did not improve timing on the net.
INFO: [Physopt 32-608] Optimized 1 net.  Swapped 21 pins.
INFO: [Physopt 32-735] Processed net u_soc/Core_cpu/u_ifu_subsys/u_ibuf/iu_red_ghr_q_reg[7]. Optimization improves timing on the net.
INFO: [Physopt 32-619] Estimated Timing Summary | WNS=-0.504 | TNS=-247.875 |
INFO: [Physopt 32-702] Processed net u_soc/Core_cpu/u_ifu_subsys/u_icache/u_tag_way1/u_prim/push_num[1]. Optimizations did not improve timing on the net.
INFO: [Physopt 32-702] Processed net u_soc/Core_cpu/u_ifu_subsys/u_btb/any_taken. Optimizations did not improve timing on the net.
INFO: [Physopt 32-608] Optimized 1 net.  Swapped 20 pins.
INFO: [Physopt 32-735] Processed net u_soc/Core_cpu/u_ifu_subsys/u_btb/btb_t1. Optimization improves timing on the net.
INFO: [Physopt 32-619] Estimated Timing Summary | WNS=-0.500 | TNS=-242.395 |
INFO: [Physopt 32-702] Processed net u_soc/Core_cpu/u_ifu_subsys/g_tage.u_tage/p_0_in11_in. Optimizations did not improve timing on the net.
INFO: [Physopt 32-702] Processed net u_soc/Core_cpu/u_ifu_subsys/g_tage.u_tage/dir_pred[1]. Optimizations did not improve timing on the net.
INFO: [Physopt 32-608] Optimized 1 net.  Swapped 24 pins.
INFO: [Physopt 32-735] Processed net u_soc/Core_cpu/u_ifu_subsys/g_tage.u_tage/ent_q[6][150]_i_22_n_0. Optimization improves timing on the net.
INFO: [Physopt 32-619] Estimated Timing Summary | WNS=-0.456 | TNS=-202.623 |
INFO: [Physopt 32-702] Processed net u_soc/Core_cpu/u_ifu_subsys/g_tage.u_tage/ent_q[6][150]_i_22_n_0. Optimizations did not improve timing on the net.
INFO: [Physopt 32-663] Processed net u_soc/Core_cpu/u_ifu_subsys/g_tage.u_tage/ent_q[6][150]_i_36_n_0.  Re-placed instance u_soc/Core_cpu/u_ifu_subsys/g_tage.u_tage/ent_q[6][150]_i_36
INFO: [Physopt 32-735] Processed net u_soc/Core_cpu/u_ifu_subsys/g_tage.u_tage/ent_q[6][150]_i_36_n_0. Optimization improves timing on the net.
INFO: [Physopt 32-619] Estimated Timing Summary | WNS=-0.433 | TNS=-184.026 |
INFO: [Physopt 32-702] Processed net u_soc/Core_cpu/u_ifu_subsys/u_btb/btb_t1. Optimizations did not improve timing on the net.
INFO: [Physopt 32-608] Optimized 1 net.  Swapped 19 pins.
INFO: [Physopt 32-735] Processed net u_soc/Core_cpu/u_ifu_subsys/g_tage.u_tage/init_done_q_reg_inv_0. Optimization improves timing on the net.
INFO: [Physopt 32-619] Estimated Timing Summary | WNS=-0.427 | TNS=-178.944 |
INFO: [Physopt 32-608] Optimized 1 net.  Swapped 19 pins.
INFO: [Physopt 32-735] Processed net u_soc/Core_cpu/u_ifu_subsys/g_tage.u_tage/init_done_q_reg_inv_0. Optimization improves timing on the net.
INFO: [Physopt 32-619] Estimated Timing Summary | WNS=-0.416 | TNS=-168.132 |
INFO: [Physopt 32-608] Optimized 1 net.  Swapped 24 pins.
INFO: [Physopt 32-735] Processed net u_soc/Core_cpu/u_ifu_subsys/g_tage.u_tage/ent_q[6][150]_i_39_n_0. Optimization improves timing on the net.
INFO: [Physopt 32-619] Estimated Timing Summary | WNS=-0.378 | TNS=-131.438 |
INFO: [Physopt 32-702] Processed net u_soc/Core_cpu/u_ifu_subsys/u_ibuf/ent_q_reg[6]_19[6]. Optimizations did not improve timing on the net.
INFO: [Physopt 32-702] Processed net u_soc/Core_cpu/u_ifu_subsys/g_tage.u_tage/q_row_idx_reg[3]_5[0]. Optimizations did not improve timing on the net.
INFO: [Physopt 32-608] Optimized 1 net.  Swapped 20 pins.
INFO: [Physopt 32-735] Processed net u_soc/Core_cpu/u_ifu_subsys/u_ibuf/ent_q[6][6]_i_3_n_0. Optimization improves timing on the net.
INFO: [Physopt 32-619] Estimated Timing Summary | WNS=-0.419 | TNS=-169.596 |
INFO: [Physopt 32-663] Processed net u_soc/Core_cpu/u_ifu_subsys/g_tage.u_tage/ent_q[6][150]_i_36_n_0.  Re-placed instance u_soc/Core_cpu/u_ifu_subsys/g_tage.u_tage/ent_q[6][150]_i_36
INFO: [Physopt 32-735] Processed net u_soc/Core_cpu/u_ifu_subsys/g_tage.u_tage/ent_q[6][150]_i_36_n_0. Optimization improves timing on the net.
INFO: [Physopt 32-619] Estimated Timing Summary | WNS=-0.403 | TNS=-158.072 |
INFO: [Physopt 32-608] Optimized 1 net.  Swapped 16 pins.
INFO: [Physopt 32-735] Processed net u_soc/Core_cpu/u_ifu_subsys/g_tage.u_tage/ent_q[6][150]_i_36_n_0. Optimization improves timing on the net.
INFO: [Physopt 32-619] Estimated Timing Summary | WNS=-0.370 | TNS=-130.786 |
INFO: [Physopt 32-702] Processed net u_soc/Core_cpu/u_ifu_subsys/u_ibuf/cnt_q[4]. Optimizations did not improve timing on the net.
INFO: [Physopt 32-663] Processed net u_soc/Core_cpu/U_ID_EX/ex_csr_op[1].  Re-placed instance u_soc/Core_cpu/U_ID_EX/ex_csr_op_reg[1]
INFO: [Physopt 32-735] Processed net u_soc/Core_cpu/U_ID_EX/ex_csr_op[1]. Optimization improves timing on the net.
INFO: [Physopt 32-619] Estimated Timing Summary | WNS=-0.366 | TNS=-130.328 |
INFO: [Physopt 32-702] Processed net u_soc/Core_cpu/u_ifu_subsys/g_tage.u_tage/init_done_q_reg_inv_0. Optimizations did not improve timing on the net.
INFO: [Physopt 32-702] Processed net u_soc/Core_cpu/u_ifu_subsys/g_tage.u_tage/id_bht_chk[22]_i_10_n_0. Optimizations did not improve timing on the net.
INFO: [Physopt 32-608] Optimized 1 net.  Swapped 19 pins.
INFO: [Physopt 32-735] Processed net u_soc/Core_cpu/u_ifu_subsys/g_tage.u_tage/id_bht_chk[22]_i_21_n_0. Optimization improves timing on the net.
INFO: [Physopt 32-619] Estimated Timing Summary | WNS=-0.360 | TNS=-126.232 |
INFO: [Physopt 32-702] Processed net u_soc/Core_cpu/u_ifu_subsys/g_tage.u_tage/ent_q[6][150]_i_39_n_0. Optimizations did not improve timing on the net.
INFO: [Physopt 32-702] Processed net u_soc/Core_cpu/u_ifu_subsys/g_tage.u_tage/ent_q[6][150]_i_58_n_0. Optimizations did not improve timing on the net.
INFO: [Physopt 32-608] Optimized 1 net.  Swapped 21 pins.
INFO: [Physopt 32-735] Processed net u_soc/Core_cpu/u_ifu_subsys/g_tage.u_tage/ent_q[6][150]_i_61_n_0. Optimization improves timing on the net.
INFO: [Physopt 32-619] Estimated Timing Summary | WNS=-0.352 | TNS=-116.740 |
INFO: [Physopt 32-702] Processed net u_soc/Core_cpu/U_ID_EX/ex_csr_op[1]. Optimizations did not improve timing on the net.
INFO: [Physopt 32-663] Processed net u_soc/Core_cpu/u_ifu_subsys/u_ibuf/cnt_q[4]_i_3_n_0.  Re-placed instance u_soc/Core_cpu/u_ifu_subsys/u_ibuf/cnt_q[4]_i_3
INFO: [Physopt 32-735] Processed net u_soc/Core_cpu/u_ifu_subsys/u_ibuf/cnt_q[4]_i_3_n_0. Optimization improves timing on the net.
INFO: [Physopt 32-619] Estimated Timing Summary | WNS=-0.345 | TNS=-115.090 |
INFO: [Physopt 32-702] Processed net u_soc/Core_cpu/u_ifu_subsys/g_tage.u_tage/u2_pv_data_reg_n_0_[2][19]. Optimizations did not improve timing on the net.
INFO: [Physopt 32-702] Processed net u_soc/Core_cpu/u_ifu_subsys/g_tage.u_tage/u1_row_idx_reg[2]_1[3]. Optimizations did not improve timing on the net.
INFO: [Physopt 32-663] Processed net u_soc/Core_cpu/u_ifu_subsys/g_tage.u_tage/u2_pv_data[1][22]_i_4_n_0.  Re-placed instance u_soc/Core_cpu/u_ifu_subsys/g_tage.u_tage/u2_pv_data[1][22]_i_4
INFO: [Physopt 32-735] Processed net u_soc/Core_cpu/u_ifu_subsys/g_tage.u_tage/u2_pv_data[1][22]_i_4_n_0. Optimization improves timing on the net.
INFO: [Physopt 32-619] Estimated Timing Summary | WNS=-0.361 | TNS=-115.707 |
INFO: [Physopt 32-663] Processed net u_soc/Core_cpu/u_ifu_subsys/g_tage.u_tage/u2_tg_data_reg_n_0_[2][4].  Re-placed instance u_soc/Core_cpu/u_ifu_subsys/g_tage.u_tage/u2_tg_data_reg[2][4]
INFO: [Physopt 32-735] Processed net u_soc/Core_cpu/u_ifu_subsys/g_tage.u_tage/u2_tg_data_reg_n_0_[2][4]. Optimization improves timing on the net.
INFO: [Physopt 32-619] Estimated Timing Summary | WNS=-0.346 | TNS=-114.903 |
INFO: [Physopt 32-702] Processed net u_soc/Core_cpu/u_ifu_subsys/g_tage.u_tage/u2_pv_data_reg_n_0_[1][14]. Optimizations did not improve timing on the net.
INFO: [Physopt 32-663] Processed net u_soc/Core_cpu/u_ifu_subsys/g_tage.u_tage/u2_pv_data[1][14]_i_5_n_0.  Re-placed instance u_soc/Core_cpu/u_ifu_subsys/g_tage.u_tage/u2_pv_data[1][14]_i_5
INFO: [Physopt 32-735] Processed net u_soc/Core_cpu/u_ifu_subsys/g_tage.u_tage/u2_pv_data[1][14]_i_5_n_0. Optimization improves timing on the net.
INFO: [Physopt 32-619] Estimated Timing Summary | WNS=-0.345 | TNS=-114.866 |
INFO: [Physopt 32-608] Optimized 1 net.  Swapped 21 pins.
INFO: [Physopt 32-735] Processed net u_soc/Core_cpu/u_ifu_subsys/g_tage.u_tage/ent_q[6][150]_i_61_n_0. Optimization improves timing on the net.
INFO: [Physopt 32-619] Estimated Timing Summary | WNS=-0.342 | TNS=-113.016 |
INFO: [Physopt 32-702] Processed net u_soc/Core_cpu/u_ifu_subsys/g_tage.u_tage/q_row_idx_reg[3]_5[2]. Optimizations did not improve timing on the net.
INFO: [Physopt 32-663] Processed net u_soc/Core_cpu/u_ifu_subsys/g_tage.u_tage/ent_q[6][150]_i_24_n_0.  Re-placed instance u_soc/Core_cpu/u_ifu_subsys/g_tage.u_tage/ent_q[6][150]_i_24
INFO: [Physopt 32-735] Processed net u_soc/Core_cpu/u_ifu_subsys/g_tage.u_tage/ent_q[6][150]_i_24_n_0. Optimization improves timing on the net.
INFO: [Physopt 32-619] Estimated Timing Summary | WNS=-0.365 | TNS=-126.348 |
INFO: [Physopt 32-608] Optimized 1 net.  Swapped 22 pins.
INFO: [Physopt 32-735] Processed net u_soc/Core_cpu/u_ifu_subsys/g_tage.u_tage/ent_q[6][150]_i_24_n_0. Optimization improves timing on the net.
INFO: [Physopt 32-619] Estimated Timing Summary | WNS=-0.350 | TNS=-117.383 |
INFO: [Physopt 32-608] Optimized 1 net.  Swapped 19 pins.
INFO: [Physopt 32-735] Processed net u_soc/Core_cpu/u_ifu_subsys/g_tage.u_tage/id_bht_chk[22]_i_11_n_0. Optimization improves timing on the net.
INFO: [Physopt 32-619] Estimated Timing Summary | WNS=-0.337 | TNS=-110.214 |
INFO: [Physopt 32-702] Processed net u_soc/Core_cpu/u_ifu_subsys/g_tage.u_tage/id_bht_chk[22]_i_8_n_0. Optimizations did not improve timing on the net.
INFO: [Physopt 32-608] Optimized 1 net.  Swapped 16 pins.
INFO: [Physopt 32-735] Processed net u_soc/Core_cpu/u_ifu_subsys/g_tage.u_tage/id_bht_chk[22]_i_17_n_0. Optimization improves timing on the net.
INFO: [Physopt 32-619] Estimated Timing Summary | WNS=-0.333 | TNS=-107.397 |
INFO: [Physopt 32-608] Optimized 1 net.  Swapped 15 pins.
INFO: [Physopt 32-735] Processed net u_soc/Core_cpu/u_ifu_subsys/g_tage.u_tage/ent_q[6][150]_i_45_n_0. Optimization improves timing on the net.
INFO: [Physopt 32-619] Estimated Timing Summary | WNS=-0.329 | TNS=-104.988 |
INFO: [Physopt 32-702] Processed net u_soc/Core_cpu/u_ifu_subsys/u_btb/taken_slot[1]. Optimizations did not improve timing on the net.
INFO: [Physopt 32-702] Processed net u_soc/Core_cpu/u_ifu_subsys/u_btb/btb_t0. Optimizations did not improve timing on the net.
INFO: [Physopt 32-702] Processed net u_soc/Core_cpu/u_ifu_subsys/g_tage.u_tage/dir_pred[0]. Optimizations did not improve timing on the net.
INFO: [Physopt 32-702] Processed net u_soc/Core_cpu/u_ifu_subsys/g_tage.u_tage/id_bht_chk[22]_i_13_n_0. Optimizations did not improve timing on the net.
INFO: [Physopt 32-608] Optimized 1 net.  Swapped 16 pins.
INFO: [Physopt 32-735] Processed net u_soc/Core_cpu/u_ifu_subsys/g_tage.u_tage/id_bht_chk[22]_i_27_n_0. Optimization improves timing on the net.
INFO: [Physopt 32-619] Estimated Timing Summary | WNS=-0.320 | TNS=-99.665 |
INFO: [Physopt 32-608] Optimized 1 net.  Swapped 21 pins.
INFO: [Physopt 32-735] Processed net u_soc/Core_cpu/u_ifu_subsys/g_tage.u_tage/u2_pv_data[1][22]_i_4_n_0. Optimization improves timing on the net.
INFO: [Physopt 32-619] Estimated Timing Summary | WNS=-0.320 | TNS=-99.069 |
INFO: [Physopt 32-663] Processed net u_soc/Core_cpu/u_ifu_subsys/g_tage.u_tage/ent_q[6][150]_i_59_n_0.  Re-placed instance u_soc/Core_cpu/u_ifu_subsys/g_tage.u_tage/ent_q[6][150]_i_59
INFO: [Physopt 32-735] Processed net u_soc/Core_cpu/u_ifu_subsys/g_tage.u_tage/ent_q[6][150]_i_59_n_0. Optimization improves timing on the net.
INFO: [Physopt 32-619] Estimated Timing Summary | WNS=-0.319 | TNS=-98.197 |
INFO: [Physopt 32-702] Processed net u_soc/Core_cpu/u_ifu_subsys/g_tage.u_tage/ent_q[6][150]_i_61_n_0. Optimizations did not improve timing on the net.
INFO: [Physopt 32-608] Optimized 1 net.  Swapped 24 pins.
INFO: [Physopt 32-735] Processed net u_soc/Core_cpu/u_ifu_subsys/u_ibuf/ent_q[1][79]_i_1_n_0. Optimization improves timing on the net.
INFO: [Physopt 32-619] Estimated Timing Summary | WNS=-0.315 | TNS=-97.959 |
INFO: [Physopt 32-702] Processed net u_soc/Core_cpu/u_ifu_subsys/u_ibuf/ent_q_reg[0]_25[60]. Optimizations did not improve timing on the net.
INFO: [Physopt 32-608] Optimized 1 net.  Swapped 15 pins.
INFO: [Physopt 32-735] Processed net u_soc/Core_cpu/u_ifu_subsys/u_ibuf/ent_q[0][60]_i_2_n_0. Optimization improves timing on the net.
INFO: [Physopt 32-619] Estimated Timing Summary | WNS=-0.312 | TNS=-97.913 |
INFO: [Physopt 32-702] Processed net u_soc/Core_cpu/u_ifu_subsys/u_ibuf/ent_q_reg[3]_22[55]. Optimizations did not improve timing on the net.
INFO: [Physopt 32-608] Optimized 1 net.  Swapped 16 pins.
INFO: [Physopt 32-735] Processed net u_soc/Core_cpu/u_ifu_subsys/u_ibuf/ent_q[3][55]_i_2_n_0. Optimization improves timing on the net.
INFO: [Physopt 32-619] Estimated Timing Summary | WNS=-0.308 | TNS=-97.654 |
INFO: [Physopt 32-608] Optimized 1 net.  Swapped 21 pins.
INFO: [Physopt 32-735] Processed net u_soc/Core_cpu/u_ifu_subsys/g_tage.u_tage/u2_pv_data[1][22]_i_4_n_0. Optimization improves timing on the net.
INFO: [Physopt 32-619] Estimated Timing Summary | WNS=-0.308 | TNS=-96.633 |
INFO: [Physopt 32-702] Processed net u_soc/Core_cpu/u_ifu_subsys/u_ibuf/ent_q_reg[2]_23[25]. Optimizations did not improve timing on the net.
INFO: [Physopt 32-702] Processed net u_soc/Core_cpu/u_ifu_biu_mem/u_rom/u_prim/out[89]. Optimizations did not improve timing on the net.
INFO: [Physopt 32-608] Optimized 1 net.  Swapped 16 pins.
INFO: [Physopt 32-735] Processed net u_soc/Core_cpu/u_ifu_subsys/u_ibuf/ent_q[2][25]_i_2_n_0. Optimization improves timing on the net.
INFO: [Physopt 32-619] Estimated Timing Summary | WNS=-0.304 | TNS=-96.091 |
INFO: [Physopt 32-702] Processed net u_soc/Core_cpu/u_ifu_subsys/u_ibuf/ent_q_reg[1]_24[52]. Optimizations did not improve timing on the net.
INFO: [Physopt 32-608] Optimized 1 net.  Swapped 18 pins.
INFO: [Physopt 32-735] Processed net u_soc/Core_cpu/u_ifu_subsys/u_ibuf/ent_q[1][52]_i_2_n_0. Optimization improves timing on the net.
INFO: [Physopt 32-619] Estimated Timing Summary | WNS=-0.303 | TNS=-95.952 |
INFO: [Physopt 32-702] Processed net u_soc/Core_cpu/u_ifu_subsys/u_ibuf/iu_red_ghr_q_reg[7]. Optimizations did not improve timing on the net.
INFO: [Physopt 32-702] Processed net u_soc/Core_cpu/u_ifu_subsys/u_ibuf/D[0]. Optimizations did not improve timing on the net.
INFO: [Physopt 32-702] Processed net u_soc/Core_cpu/u_ifu_subsys/u_ibuf/ghr_q[1]_i_2_n_0. Optimizations did not improve timing on the net.
INFO: [Physopt 32-608] Optimized 1 net.  Swapped 16 pins.
INFO: [Physopt 32-735] Processed net u_soc/Core_cpu/u_ifu_subsys/u_ibuf/b[0]. Optimization improves timing on the net.
INFO: [Physopt 32-619] Estimated Timing Summary | WNS=-0.302 | TNS=-95.725 |
INFO: [Physopt 32-608] Optimized 1 net.  Swapped 20 pins.
INFO: [Physopt 32-735] Processed net u_soc/Core_cpu/u_ifu_subsys/g_tage.u_tage/u2_pv_data[1][14]_i_5_n_0. Optimization improves timing on the net.
INFO: [Physopt 32-619] Estimated Timing Summary | WNS=-0.302 | TNS=-95.233 |
INFO: [Physopt 32-619] Estimated Timing Summary | WNS=-0.302 | TNS=-95.233 |
Netlist sorting complete. Time (s): cpu = 00:00:00.02 ; elapsed = 00:00:00.02 . Memory (MB): peak = 3155.152 ; gain = 0.000 ; free physical = 60803 ; free virtual = 942123
Phase 3 Critical Path Optimization | Checksum: f724dfa2

Time (s): cpu = 00:00:37 ; elapsed = 00:00:15 . Memory (MB): peak = 3155.152 ; gain = 0.000 ; free physical = 60788 ; free virtual = 942108

Phase 4 Critical Path Optimization
INFO: [Physopt 32-619] Estimated Timing Summary | WNS=-0.302 | TNS=-95.233 |
INFO: [Physopt 32-702] Processed net u_soc/Core_cpu/u_ifu_subsys/u_ibuf/ent_q_reg[6]_19[54]. Optimizations did not improve timing on the net.
INFO: [Physopt 32-702] Processed net u_soc/Core_cpu/u_ifu_subsys/g_tage.u_tage/q_row_idx_reg[1]_0[0]. Optimizations did not improve timing on the net.
INFO: [Physopt 32-710] Processed net u_soc/Core_cpu/u_ifu_subsys/u_ibuf/p_1_in[54]. Critical path length was reduced through logic transformation on cell u_soc/Core_cpu/u_ifu_subsys/u_ibuf/ent_q[6][54]_i_1_comp.
INFO: [Physopt 32-735] Processed net u_soc/Core_cpu/u_ifu_subsys/u_ibuf/ent_q[6][54]_i_2_n_0. Optimization improves timing on the net.
INFO: [Physopt 32-619] Estimated Timing Summary | WNS=-0.290 | TNS=-94.931 |
INFO: [Physopt 32-702] Processed net u_soc/Core_cpu/u_ifu_subsys/u_ibuf/ent_q_reg[4]_21[89]. Optimizations did not improve timing on the net.
INFO: [Physopt 32-710] Processed net u_soc/Core_cpu/u_ifu_subsys/u_ibuf/ent_q[4][89]_i_1_n_0. Critical path length was reduced through logic transformation on cell u_soc/Core_cpu/u_ifu_subsys/u_ibuf/ent_q[4][89]_i_1_comp.
INFO: [Physopt 32-735] Processed net u_soc/Core_cpu/u_ifu_subsys/u_ibuf/ent_q[4][89]_i_2_n_0. Optimization improves timing on the net.
INFO: [Physopt 32-619] Estimated Timing Summary | WNS=-0.288 | TNS=-94.641 |
INFO: [Physopt 32-702] Processed net u_soc/Core_cpu/u_ifu_subsys/u_ibuf/ent_q_reg[3]_22[66]. Optimizations did not improve timing on the net.
INFO: [Physopt 32-663] Processed net u_soc/Core_cpu/u_ifu_subsys/u_ibuf/ent_q[3][66]_i_2_n_0.  Re-placed instance u_soc/Core_cpu/u_ifu_subsys/u_ibuf/ent_q[3][66]_i_2
INFO: [Physopt 32-735] Processed net u_soc/Core_cpu/u_ifu_subsys/u_ibuf/ent_q[3][66]_i_2_n_0. Optimization improves timing on the net.
INFO: [Physopt 32-619] Estimated Timing Summary | WNS=-0.288 | TNS=-94.624 |
INFO: [Physopt 32-702] Processed net u_soc/Core_cpu/u_ifu_subsys/g_tage.u_tage/u2_pv_data_reg_n_0_[2][13]. Optimizations did not improve timing on the net.
INFO: [Physopt 32-81] Processed net u_soc/Core_cpu/u_ifu_subsys/g_tage.u_tage/u1_row_idx_reg[2]_1[3]. Replicated 1 times.
INFO: [Physopt 32-735] Processed net u_soc/Core_cpu/u_ifu_subsys/g_tage.u_tage/u1_row_idx_reg[2]_1[3]. Optimization improves timing on the net.
INFO: [Physopt 32-619] Estimated Timing Summary | WNS=-0.287 | TNS=-92.521 |
INFO: [Physopt 32-702] Processed net u_soc/Core_cpu/u_ifu_subsys/g_tage.u_tage/q_row_tag_reg[2]_15[1]. Optimizations did not improve timing on the net.
INFO: [Physopt 32-702] Processed net u_soc/Core_cpu/u_ifu_subsys/u_ibuf/iu_red_vld_q_reg. Optimizations did not improve timing on the net.
INFO: [Physopt 32-608] Optimized 1 net.  Swapped 20 pins.
INFO: [Physopt 32-735] Processed net u_soc/Core_cpu/u_ifu_subsys/u_ibuf/ghr_q[6]_i_2_n_0. Optimization improves timing on the net.
INFO: [Physopt 32-619] Estimated Timing Summary | WNS=-0.287 | TNS=-91.003 |
INFO: [Physopt 32-702] Processed net u_soc/Core_cpu/u_ifu_subsys/u_ibuf/ent_q_reg[5]_20[89]. Optimizations did not improve timing on the net.
INFO: [Physopt 32-710] Processed net u_soc/Core_cpu/u_ifu_subsys/u_ibuf/ent_q[5][89]_i_1_n_0. Critical path length was reduced through logic transformation on cell u_soc/Core_cpu/u_ifu_subsys/u_ibuf/ent_q[5][89]_i_1_comp.
INFO: [Physopt 32-735] Processed net u_soc/Core_cpu/u_ifu_subsys/u_ibuf/ent_q[5][89]_i_2_n_0. Optimization improves timing on the net.
INFO: [Physopt 32-619] Estimated Timing Summary | WNS=-0.283 | TNS=-90.742 |
INFO: [Physopt 32-702] Processed net u_soc/Core_cpu/u_ifu_subsys/u_ibuf/ent_q_reg[4]_21[6]. Optimizations did not improve timing on the net.
INFO: [Physopt 32-702] Processed net u_soc/Core_cpu/u_ifu_subsys/u_ibuf/ent_q[4][6]_i_2_n_0. Optimizations did not improve timing on the net.
INFO: [Physopt 32-710] Processed net u_soc/Core_cpu/u_ifu_subsys/u_ibuf/ent_q[4][6]_i_2_n_0. Critical path length was reduced through logic transformation on cell u_soc/Core_cpu/u_ifu_subsys/u_ibuf/ent_q[4][6]_i_2_comp.
INFO: [Physopt 32-735] Processed net u_soc/Core_cpu/u_ifu_subsys/u_ibuf/ent_q[465]. Optimization improves timing on the net.
INFO: [Physopt 32-619] Estimated Timing Summary | WNS=-0.278 | TNS=-90.635 |
INFO: [Physopt 32-702] Processed net u_soc/Core_cpu/u_ifu_subsys/u_ibuf/ent_q_reg[2]_23[27]. Optimizations did not improve timing on the net.
INFO: [Physopt 32-710] Processed net u_soc/Core_cpu/u_ifu_subsys/u_ibuf/ent_q[2][27]_i_1_n_0. Critical path length was reduced through logic transformation on cell u_soc/Core_cpu/u_ifu_subsys/u_ibuf/ent_q[2][27]_i_1_comp.
INFO: [Physopt 32-735] Processed net u_soc/Core_cpu/u_ifu_subsys/u_ibuf/ent_q[2][27]_i_2_n_0. Optimization improves timing on the net.
INFO: [Physopt 32-619] Estimated Timing Summary | WNS=-0.276 | TNS=-90.357 |
INFO: [Physopt 32-702] Processed net u_soc/Core_cpu/u_ifu_subsys/u_ibuf/ent_q_reg[7]_26[89]. Optimizations did not improve timing on the net.
INFO: [Physopt 32-710] Processed net u_soc/Core_cpu/u_ifu_subsys/u_ibuf/ent_q[7][89]_i_1_n_0. Critical path length was reduced through logic transformation on cell u_soc/Core_cpu/u_ifu_subsys/u_ibuf/ent_q[7][89]_i_1_comp.
INFO: [Physopt 32-735] Processed net u_soc/Core_cpu/u_ifu_subsys/u_ibuf/ent_q[7][89]_i_2_n_0. Optimization improves timing on the net.
INFO: [Physopt 32-619] Estimated Timing Summary | WNS=-0.275 | TNS=-90.081 |
INFO: [Physopt 32-702] Processed net u_soc/Core_cpu/u_ifu_subsys/g_tage.u_tage/q_row_idx_reg[3]_5[1]. Optimizations did not improve timing on the net.
INFO: [Physopt 32-134] Processed net u_soc/Core_cpu/u_ifu_subsys/u_ibuf/iu_red_ghr_q_reg[7]. Rewiring did not optimize the net.
INFO: [Physopt 32-702] Processed net u_soc/Core_cpu/u_ifu_subsys/u_ibuf/iu_red_ghr_q_reg[7]. Optimizations did not improve timing on the net.
INFO: [Physopt 32-710] Processed net u_soc/Core_cpu/u_ifu_subsys/u_ibuf/iu_red_ghr_q_reg[7]. Critical path length was reduced through logic transformation on cell u_soc/Core_cpu/u_ifu_subsys/u_ibuf/q_row_idx[3][1]_i_2_comp.
INFO: [Physopt 32-735] Processed net u_soc/Core_cpu/u_ifu_subsys/u_ibuf/D[0]. Optimization improves timing on the net.
INFO: [Physopt 32-619] Estimated Timing Summary | WNS=-0.296 | TNS=-99.565 |
INFO: [Physopt 32-702] Processed net u_soc/Core_cpu/u_ifu_subsys/u_ibuf/ent_q_reg[6]_19[6]. Optimizations did not improve timing on the net.
INFO: [Physopt 32-702] Processed net u_soc/Core_cpu/u_ifu_subsys/g_tage.u_tage/q_row_idx_reg[3]_5[1]. Optimizations did not improve timing on the net.
INFO: [Physopt 32-702] Processed net u_soc/Core_cpu/u_ifu_subsys/u_ibuf/ent_q[6][6]_i_3_n_0. Optimizations did not improve timing on the net.
INFO: [Physopt 32-608] Optimized 1 net.  Swapped 21 pins.
INFO: [Physopt 32-735] Processed net u_soc/Core_cpu/u_ifu_subsys/u_ibuf/ent_q[6][6]_i_7_n_0. Optimization improves timing on the net.
INFO: [Physopt 32-619] Estimated Timing Summary | WNS=-0.292 | TNS=-99.243 |
INFO: [Physopt 32-702] Processed net u_soc/Core_cpu/u_ifu_subsys/u_ibuf/ent_q_reg[6]_19[44]. Optimizations did not improve timing on the net.
INFO: [Physopt 32-702] Processed net u_soc/Core_cpu/u_ifu_subsys/u_ibuf/ent_q[6][44]_i_3_n_0. Optimizations did not improve timing on the net.
INFO: [Physopt 32-702] Processed net u_soc/Core_cpu/u_ifu_subsys/u_ibuf/ent_q[197]. Optimizations did not improve timing on the net.
INFO: [Physopt 32-663] Processed net u_soc/Core_cpu/u_ifu_subsys/u_ibuf/p_0_in__0[44].  Re-placed instance u_soc/Core_cpu/u_ifu_subsys/u_ibuf/ent_q[6][44]_i_8
INFO: [Physopt 32-735] Processed net u_soc/Core_cpu/u_ifu_subsys/u_ibuf/p_0_in__0[44]. Optimization improves timing on the net.
INFO: [Physopt 32-619] Estimated Timing Summary | WNS=-0.292 | TNS=-98.638 |
INFO: [Physopt 32-702] Processed net u_soc/Core_cpu/u_ifu_subsys/u_ibuf/ent_q_reg[3]_22[60]. Optimizations did not improve timing on the net.
INFO: [Physopt 32-702] Processed net u_soc/Core_cpu/u_ifu_subsys/u_ibuf/ent_q[3][60]_i_2_n_0. Optimizations did not improve timing on the net.
INFO: [Physopt 32-608] Optimized 1 net.  Swapped 17 pins.
INFO: [Physopt 32-735] Processed net u_soc/Core_cpu/u_ifu_subsys/u_ibuf/ent_q[6][60]_i_5_n_0. Optimization improves timing on the net.
INFO: [Physopt 32-619] Estimated Timing Summary | WNS=-0.291 | TNS=-97.655 |
INFO: [Physopt 32-702] Processed net u_soc/Core_cpu/u_ifu_subsys/u_ibuf/ent_q_reg[3]_22[58]. Optimizations did not improve timing on the net.
INFO: [Physopt 32-702] Processed net u_soc/Core_cpu/u_ifu_subsys/u_ibuf/ent_q[3][58]_i_2_n_0. Optimizations did not improve timing on the net.
INFO: [Physopt 32-663] Processed net u_soc/Core_cpu/u_ifu_subsys/u_ibuf/ent_q[6][58]_i_3_n_0.  Re-placed instance u_soc/Core_cpu/u_ifu_subsys/u_ibuf/ent_q[6][58]_i_3
INFO: [Physopt 32-735] Processed net u_soc/Core_cpu/u_ifu_subsys/u_ibuf/ent_q[6][58]_i_3_n_0. Optimization improves timing on the net.
INFO: [Physopt 32-619] Estimated Timing Summary | WNS=-0.291 | TNS=-97.618 |
INFO: [Physopt 32-702] Processed net u_soc/Core_cpu/u_ifu_subsys/u_ibuf/ent_q_reg[0]_25[47]. Optimizations did not improve timing on the net.
INFO: [Physopt 32-608] Optimized 1 net.  Swapped 22 pins.
INFO: [Physopt 32-735] Processed net u_soc/Core_cpu/u_ifu_subsys/u_ibuf/ent_q[0][47]_i_2_n_0. Optimization improves timing on the net.
INFO: [Physopt 32-619] Estimated Timing Summary | WNS=-0.290 | TNS=-97.527 |
INFO: [Physopt 32-702] Processed net u_soc/Core_cpu/u_ifu_subsys/u_ibuf/ent_q_reg[4]_21[64]. Optimizations did not improve timing on the net.
INFO: [Physopt 32-608] Optimized 1 net.  Swapped 19 pins.
INFO: [Physopt 32-735] Processed net u_soc/Core_cpu/u_ifu_subsys/u_ibuf/ent_q[4][64]_i_2_n_0. Optimization improves timing on the net.
INFO: [Physopt 32-619] Estimated Timing Summary | WNS=-0.289 | TNS=-97.412 |
INFO: [Physopt 32-702] Processed net u_soc/Core_cpu/u_ifu_subsys/u_ibuf/ent_q_reg[5]_20[47]. Optimizations did not improve timing on the net.
INFO: [Physopt 32-608] Optimized 1 net.  Swapped 13 pins.
INFO: [Physopt 32-735] Processed net u_soc/Core_cpu/u_ifu_subsys/u_ibuf/ent_q[5][47]_i_2_n_0. Optimization improves timing on the net.
INFO: [Physopt 32-619] Estimated Timing Summary | WNS=-0.288 | TNS=-97.281 |
INFO: [Physopt 32-702] Processed net u_soc/Core_cpu/u_ifu_subsys/u_ibuf/ent_q_reg[7]_26[45]. Optimizations did not improve timing on the net.
INFO: [Physopt 32-608] Optimized 1 net.  Swapped 20 pins.
INFO: [Physopt 32-735] Processed net u_soc/Core_cpu/u_ifu_subsys/u_ibuf/ent_q[7][45]_i_2_n_0. Optimization improves timing on the net.
INFO: [Physopt 32-619] Estimated Timing Summary | WNS=-0.284 | TNS=-97.242 |
INFO: [Physopt 32-702] Processed net u_soc/Core_cpu/u_ifu_subsys/u_ibuf/ent_q_reg[0]_25[54]. Optimizations did not improve timing on the net.
INFO: [Physopt 32-608] Optimized 1 net.  Swapped 19 pins.
INFO: [Physopt 32-735] Processed net u_soc/Core_cpu/u_ifu_subsys/u_ibuf/ent_q[0][54]_i_2_n_0. Optimization improves timing on the net.
INFO: [Physopt 32-619] Estimated Timing Summary | WNS=-0.283 | TNS=-97.103 |
INFO: [Physopt 32-702] Processed net u_soc/Core_cpu/u_ifu_subsys/u_ibuf/ent_q_reg[4]_21[13]. Optimizations did not improve timing on the net.
INFO: [Physopt 32-608] Optimized 1 net.  Swapped 22 pins.
INFO: [Physopt 32-735] Processed net u_soc/Core_cpu/u_ifu_subsys/u_ibuf/ent_q[4][13]_i_2_n_0. Optimization improves timing on the net.
INFO: [Physopt 32-619] Estimated Timing Summary | WNS=-0.283 | TNS=-96.976 |
INFO: [Physopt 32-619] Estimated Timing Summary | WNS=-0.283 | TNS=-96.976 |
Netlist sorting complete. Time (s): cpu = 00:00:00.03 ; elapsed = 00:00:00.03 . Memory (MB): peak = 3155.152 ; gain = 0.000 ; free physical = 59695 ; free virtual = 941015
Phase 4 Critical Path Optimization | Checksum: 12bb91b34

Time (s): cpu = 00:00:50 ; elapsed = 00:00:22 . Memory (MB): peak = 3155.152 ; gain = 0.000 ; free physical = 59692 ; free virtual = 941012
Netlist sorting complete. Time (s): cpu = 00:00:00.01 ; elapsed = 00:00:00 . Memory (MB): peak = 3155.152 ; gain = 0.000 ; free physical = 59692 ; free virtual = 941012
INFO: [Physopt 32-603] Post Physical Optimization Timing Summary | WNS=-0.283 | TNS=-96.976 |

Summary of Physical Synthesis Optimizations
============================================


-------------------------------------------------------------------------------------------------------------------------------------------------------------
|  Optimization   |  WNS Gain (ns)  |  TNS Gain (ns)  |  Added Cells  |  Removed Cells  |  Optimized Cells/Nets  |  Dont Touch  |  Iterations  |  Elapsed   |
-------------------------------------------------------------------------------------------------------------------------------------------------------------
|  DSP Register   |          0.000  |          0.000  |            0  |              0  |                     0  |           0  |           1  |  00:00:00  |
|  Critical Path  |          0.320  |        173.611  |            3  |              0  |                    71  |           0  |           2  |  00:00:20  |
|  Total          |          0.320  |        173.611  |            3  |              0  |                    71  |           0  |           3  |  00:00:20  |
-------------------------------------------------------------------------------------------------------------------------------------------------------------


Netlist sorting complete. Time (s): cpu = 00:00:00.01 ; elapsed = 00:00:00.01 . Memory (MB): peak = 3155.152 ; gain = 0.000 ; free physical = 59691 ; free virtual = 941011
Ending Physical Synthesis Task | Checksum: 243ddacb6

Time (s): cpu = 00:00:50 ; elapsed = 00:00:22 . Memory (MB): peak = 3155.152 ; gain = 0.000 ; free physical = 59675 ; free virtual = 940995

Reference - Incremental Comparison Summary

1. Comparison with Reference Run
--------------------------------

+-----------------+---------------------------+---------------------------+---------------------------+
|                 |          WNS(ns)          |  Runtime(elapsed)(hh:mm)  |    Runtime(cpu)(hh:mm)    |
+-----------------+-------------+-------------+-------------+-------------+-------------+-------------+
|      Stage      |  Reference  | Incremental |  Reference  | Incremental |  Reference  | Incremental |
+-----------------+-------------+-------------+-------------+-------------+-------------+-------------+
| synth_design    |             |             |       00:02 |       00:03 |       00:02 |       00:03 |
| opt_design      |             |             |     < 1 min |             |     < 1 min |             |
| read_checkpoint |             |             |             |     < 1 min |             |     < 1 min |
| place_design    |       0.197 |      -0.603 |     < 1 min |     < 1 min |       00:01 |       00:01 |
| phys_opt_design |       0.197 |      -0.283 |     < 1 min |     < 1 min |     < 1 min |     < 1 min |
| route_design    |       0.114 |             |       00:01 |             |       00:01 |             |
+-----------------+-------------+-------------+-------------+-------------+-------------+-------------+


INFO: [Common 17-83] Releasing license: Implementation
314 Infos, 0 Warnings, 0 Critical Warnings and 0 Errors encountered.
phys_opt_design completed successfully
phys_opt_design: Time (s): cpu = 00:00:52 ; elapsed = 00:00:23 . Memory (MB): peak = 3155.152 ; gain = 0.000 ; free physical = 59674 ; free virtual = 940994
# route_design
Command: route_design
Attempting to get a license for feature 'Implementation' and/or device 'xc7k325t'
INFO: [Common 17-349] Got license for feature 'Implementation' and/or device 'xc7k325t'
INFO: [DRC 23-27] Running DRC with 8 threads
INFO: [Vivado_Tcl 4-198] DRC finished with 0 Errors
INFO: [Vivado_Tcl 4-199] Please refer to the DRC report (report_drc) for more information.
Running DRC as a precondition to command route_design
INFO: [DRC 23-27] Running DRC with 8 threads
INFO: [Vivado_Tcl 4-198] DRC finished with 0 Errors
INFO: [Vivado_Tcl 4-199] Please refer to the DRC report (report_drc) for more information.
cleanRouteStorageTime (s): cpu = 00:00:03 ; elapsed = 00:00:02 . Memory (MB): peak = 3185.242 ; gain = 0.000 ; free physical = 59559 ; free virtual = 940879
INFO: [Route 35-254] Multithreading enabled for route_design using a maximum of 8 CPUs

Starting Incremental Route Task

Phase 1 Build RT Design
Checksum: PlaceDB: 2cd153af ConstDB: 0 ShapeSum: ebfe211d RouteDB: e591a935
Phase 1 Build RT Design | Checksum: 2782300aa

Time (s): cpu = 00:00:33 ; elapsed = 00:00:20 . Memory (MB): peak = 3261.148 ; gain = 75.906 ; free physical = 59627 ; free virtual = 940952
Post Restoration Checksum: NetGraph: ca53a270 | NumContArr: ff74b06e | Constraints: c2a8fa9d | Timing: c2a8fa9d

Phase 2 Router Initialization

Phase 2.1 Fix Topology Constraints
Phase 2.1 Fix Topology Constraints | Checksum: 34f1a4818

Time (s): cpu = 00:00:33 ; elapsed = 00:00:21 . Memory (MB): peak = 3301.148 ; gain = 115.906 ; free physical = 59631 ; free virtual = 940955

Phase 2.2 Pre Route Cleanup
Phase 2.2 Pre Route Cleanup | Checksum: 2d4b0973f

Time (s): cpu = 00:00:33 ; elapsed = 00:00:21 . Memory (MB): peak = 3301.148 ; gain = 115.906 ; free physical = 59631 ; free virtual = 940955
--------------------------------------------------------
|Incremental Routing Reuse Summary                      |
--------------------------------------------------------
|Type                     | Count    | Percentage       |
--------------------------------------------------------
|Fully reused nets        |     13140|            88.27 |
|Partially reused nets    |       733|             4.92 |
|Non-reused nets          |      1013|             6.81 |
--------------------------------------------------------
INFO: [Route 35-559] route_design is using directive Default with target WNS of 0.0ns
 Number of Nodes with overlaps = 0

Phase 2.3 Update Timing
Phase 2.3 Update Timing | Checksum: 15ececee7

Time (s): cpu = 00:00:42 ; elapsed = 00:00:24 . Memory (MB): peak = 3385.883 ; gain = 200.641 ; free physical = 59531 ; free virtual = 940860
INFO: [Route 35-416] Intermediate Timing Summary | WNS=-0.235 | TNS=-15.577| WHS=-0.298 | THS=-278.989|


Router Utilization Summary
  Global Vertical Routing Utilization    = 0.00515003 %
  Global Horizontal Routing Utilization  = 0.00530338 %
  Routable Net Status*
  *Does not include unroutable nets such as driverless and loadless.
  Run report_route_status for detailed report.
  Number of Failed Nets               = 1746
    (Failed Nets is the sum of unrouted and partially routed nets)
  Number of Unrouted Nets             = 1011
  Number of Partially Routed Nets     = 735
  Number of Node Overlaps             = 0

Phase 2 Router Initialization | Checksum: 14b7b83a0

Time (s): cpu = 00:00:47 ; elapsed = 00:00:25 . Memory (MB): peak = 3404.383 ; gain = 219.141 ; free physical = 59505 ; free virtual = 940845

Phase 3 Initial Routing

Phase 3.1 Global Routing
Phase 3.1 Global Routing | Checksum: 14b7b83a0

Time (s): cpu = 00:00:47 ; elapsed = 00:00:25 . Memory (MB): peak = 3404.383 ; gain = 219.141 ; free physical = 59505 ; free virtual = 940845

Phase 3.2 Initial Net Routing
Phase 3.2 Initial Net Routing | Checksum: 1cf38826f

Time (s): cpu = 00:00:49 ; elapsed = 00:00:26 . Memory (MB): peak = 3404.383 ; gain = 219.141 ; free physical = 61738 ; free virtual = 943058
Phase 3 Initial Routing | Checksum: 1cf38826f

Time (s): cpu = 00:00:49 ; elapsed = 00:00:26 . Memory (MB): peak = 3404.383 ; gain = 219.141 ; free physical = 61739 ; free virtual = 943059

Phase 4 Initial Route for Timing

Phase 4.1 Update Timing
Phase 4.1 Update Timing | Checksum: 272693209

Time (s): cpu = 00:00:49 ; elapsed = 00:00:26 . Memory (MB): peak = 3404.383 ; gain = 219.141 ; free physical = 61733 ; free virtual = 943052
INFO: [Route 35-416] Intermediate Timing Summary | WNS=-0.589 | TNS=-165.219| WHS=N/A    | THS=N/A    |


Phase 4.2 Fast Budgeting
Phase 4.2 Fast Budgeting | Checksum: 2371b141a

Time (s): cpu = 00:00:50 ; elapsed = 00:00:26 . Memory (MB): peak = 3404.383 ; gain = 219.141 ; free physical = 61724 ; free virtual = 943043
Phase 4 Initial Route for Timing | Checksum: 3518b9d5e

Time (s): cpu = 00:00:50 ; elapsed = 00:00:27 . Memory (MB): peak = 3404.383 ; gain = 219.141 ; free physical = 61721 ; free virtual = 943040
INFO: [Route 35-580] Design has 48 pins with tight setup and hold constraints.

The top 5 pins with tight setup and hold constraints:

+====================+===================+========================================================+
| Launch Setup Clock | Launch Hold Clock | Pin                                                    |
+====================+===================+========================================================+
| clk                | clk               | u_soc/Core_cpu/u_ifu_subsys/u_ibuf/cnt_q_reg[3]/D      |
| clk                | clk               | u_soc/Core_cpu/u_ifu_subsys/u_ibuf/cnt_q_reg[4]/D      |
| clk                | clk               | u_soc/Core_cpu/u_ifu_subsys/u_ibuf/ent_q_reg[4][76]/D  |
| clk                | clk               | u_soc/Core_cpu/u_ifu_subsys/u_ibuf/cnt_q_reg[2]/D      |
| clk                | clk               | u_soc/Core_cpu/u_ifu_subsys/u_ibuf/ent_q_reg[7][131]/D |
+--------------------+-------------------+--------------------------------------------------------+

File with complete list of pins: tight_setup_hold_pins.txt


Phase 5 Rip-up And Reroute

Phase 5.1 Global Iteration 0
 Number of Nodes with overlaps = 1768
 Number of Nodes with overlaps = 627
 Number of Nodes with overlaps = 199
 Number of Nodes with overlaps = 50
 Number of Nodes with overlaps = 22
 Number of Nodes with overlaps = 4
 Number of Nodes with overlaps = 5
 Number of Nodes with overlaps = 1
 Number of Nodes with overlaps = 0
INFO: [Route 35-416] Intermediate Timing Summary | WNS=-0.887 | TNS=-530.045| WHS=N/A    | THS=N/A    |

Phase 5.1 Global Iteration 0 | Checksum: 21b59882d

Time (s): cpu = 00:01:11 ; elapsed = 00:00:37 . Memory (MB): peak = 3404.383 ; gain = 219.141 ; free physical = 60981 ; free virtual = 942300

Phase 5.2 Global Iteration 1
 Number of Nodes with overlaps = 952
 Number of Nodes with overlaps = 215
 Number of Nodes with overlaps = 56
 Number of Nodes with overlaps = 19
 Number of Nodes with overlaps = 18
 Number of Nodes with overlaps = 8
 Number of Nodes with overlaps = 2
 Number of Nodes with overlaps = 2
 Number of Nodes with overlaps = 2
 Number of Nodes with overlaps = 5
 Number of Nodes with overlaps = 1
 Number of Nodes with overlaps = 0
INFO: [Route 35-416] Intermediate Timing Summary | WNS=-1.008 | TNS=-682.320| WHS=N/A    | THS=N/A    |

Phase 5.2 Global Iteration 1 | Checksum: 2d7c212c5

Time (s): cpu = 00:01:21 ; elapsed = 00:00:44 . Memory (MB): peak = 3404.383 ; gain = 219.141 ; free physical = 60481 ; free virtual = 941801
Phase 5 Rip-up And Reroute | Checksum: 2d7c212c5

Time (s): cpu = 00:01:21 ; elapsed = 00:00:44 . Memory (MB): peak = 3404.383 ; gain = 219.141 ; free physical = 60480 ; free virtual = 941799

Phase 6 Delay and Skew Optimization

Phase 6.1 Delay CleanUp

Phase 6.1.1 Update Timing
Phase 6.1.1 Update Timing | Checksum: 2cbf00f5f

Time (s): cpu = 00:01:23 ; elapsed = 00:00:44 . Memory (MB): peak = 3404.383 ; gain = 219.141 ; free physical = 60406 ; free virtual = 941725
INFO: [Route 35-416] Intermediate Timing Summary | WNS=-0.795 | TNS=-410.439| WHS=N/A    | THS=N/A    |

 Number of Nodes with overlaps = 0
Phase 6.1 Delay CleanUp | Checksum: 14ba16bdc

Time (s): cpu = 00:01:24 ; elapsed = 00:00:44 . Memory (MB): peak = 3404.383 ; gain = 219.141 ; free physical = 60386 ; free virtual = 941705

Phase 6.2 Clock Skew Optimization
Phase 6.2 Clock Skew Optimization | Checksum: 14ba16bdc

Time (s): cpu = 00:01:24 ; elapsed = 00:00:44 . Memory (MB): peak = 3404.383 ; gain = 219.141 ; free physical = 60386 ; free virtual = 941705
Phase 6 Delay and Skew Optimization | Checksum: 14ba16bdc

Time (s): cpu = 00:01:24 ; elapsed = 00:00:44 . Memory (MB): peak = 3404.383 ; gain = 219.141 ; free physical = 60382 ; free virtual = 941701

Phase 7 Post Hold Fix

Phase 7.1 Hold Fix Iter

Phase 7.1.1 Update Timing
Phase 7.1.1 Update Timing | Checksum: 209378a2a

Time (s): cpu = 00:01:26 ; elapsed = 00:00:45 . Memory (MB): peak = 3404.383 ; gain = 219.141 ; free physical = 60290 ; free virtual = 941610
INFO: [Route 35-416] Intermediate Timing Summary | WNS=-0.774 | TNS=-386.210| WHS=0.092  | THS=0.000  |

Phase 7.1 Hold Fix Iter | Checksum: 209378a2a

Time (s): cpu = 00:01:26 ; elapsed = 00:00:45 . Memory (MB): peak = 3404.383 ; gain = 219.141 ; free physical = 60289 ; free virtual = 941608
Phase 7 Post Hold Fix | Checksum: 209378a2a

Time (s): cpu = 00:01:26 ; elapsed = 00:00:45 . Memory (MB): peak = 3404.383 ; gain = 219.141 ; free physical = 60289 ; free virtual = 941608

Phase 8 Route finalize

Router Utilization Summary
  Global Vertical Routing Utilization    = 1.70202 %
  Global Horizontal Routing Utilization  = 2.09722 %
  Routable Net Status*
  *Does not include unroutable nets such as driverless and loadless.
  Run report_route_status for detailed report.
  Number of Failed Nets               = 0
    (Failed Nets is the sum of unrouted and partially routed nets)
  Number of Unrouted Nets             = 0
  Number of Partially Routed Nets     = 0
  Number of Node Overlaps             = 0


--GLOBAL Congestion:
Utilization threshold used for congestion level computation: 0.85
Congestion Report
North Dir 1x1 Area, Max Cong = 84.6847%, No Congested Regions.
South Dir 1x1 Area, Max Cong = 81.0811%, No Congested Regions.
East Dir 1x1 Area, Max Cong = 88.2353%, Congestion bounded by tiles (Lower Left Tile -> Upper Right Tile):
   INT_R_X25Y23 -> INT_R_X25Y23
West Dir 1x1 Area, Max Cong = 94.1176%, Congestion bounded by tiles (Lower Left Tile -> Upper Right Tile):
   INT_L_X28Y26 -> INT_L_X28Y26
   INT_R_X31Y25 -> INT_R_X31Y25
   INT_R_X33Y23 -> INT_R_X33Y23
   INT_L_X32Y22 -> INT_L_X32Y22

------------------------------
Reporting congestion hotspots
------------------------------
Direction: North
----------------
Congested clusters found at Level 0
Effective congestion level: 0 Aspect Ratio: 1 Sparse Ratio: 0
Direction: South
----------------
Congested clusters found at Level 0
Effective congestion level: 0 Aspect Ratio: 1 Sparse Ratio: 0
Direction: East
----------------
Congested clusters found at Level 0
Effective congestion level: 0 Aspect Ratio: 1 Sparse Ratio: 1
Direction: West
----------------
Congested clusters found at Level 0
Effective congestion level: 0 Aspect Ratio: 1 Sparse Ratio: 1

Phase 8 Route finalize | Checksum: 209378a2a

Time (s): cpu = 00:01:26 ; elapsed = 00:00:45 . Memory (MB): peak = 3404.383 ; gain = 219.141 ; free physical = 60288 ; free virtual = 941608

Phase 9 Verifying routed nets

 Verification completed successfully
Phase 9 Verifying routed nets | Checksum: 209378a2a

Time (s): cpu = 00:01:26 ; elapsed = 00:00:45 . Memory (MB): peak = 3404.383 ; gain = 219.141 ; free physical = 60288 ; free virtual = 941607

Phase 10 Depositing Routes
Phase 10 Depositing Routes | Checksum: 1d20c3cd8

Time (s): cpu = 00:01:27 ; elapsed = 00:00:46 . Memory (MB): peak = 3404.383 ; gain = 219.141 ; free physical = 60286 ; free virtual = 941605

Phase 11 Post Router Timing
INFO: [Route 35-57] Estimated Timing Summary | WNS=-0.774 | TNS=-386.210| WHS=0.092  | THS=0.000  |

WARNING: [Route 35-328] Router estimated timing not met.
Resolution: For a complete and accurate timing signoff, report_timing_summary must be run after route_design. Alternatively, route_design can be run with the -timing_summary option to enable a complete timing signoff at the end of route_design.
Phase 11 Post Router Timing | Checksum: 1d20c3cd8

Time (s): cpu = 00:01:29 ; elapsed = 00:00:46 . Memory (MB): peak = 3404.383 ; gain = 219.141 ; free physical = 60286 ; free virtual = 941605
--------------------------------------------------------
|Incremental Routing Reuse Summary                      |
--------------------------------------------------------
|Type                     | Count    | Percentage       |
--------------------------------------------------------
|Fully reused nets        |     10514|            70.63 |
|Partially reused nets    |         0|             0.00 |
|Non-reused nets          |      4372|            29.37 |
--------------------------------------------------------
INFO: [Route 35-16] Router Completed Successfully
------------------------------------
Incremental Router Runtime Summary: 
------------------------------------
   Initialization time: 26.16 Secs
   Incremental Router time: 20.68 Secs
Ending Incremental Route Task | Checksum: 1ed897b3f

Time (s): cpu = 00:01:31 ; elapsed = 00:00:47 . Memory (MB): peak = 3453.223 ; gain = 267.980 ; free physical = 60144 ; free virtual = 941464
antenna Cleanup:Time (s): cpu = 00:00:00 ; elapsed = 00:00:00 . Memory (MB): peak = 3453.223 ; gain = 0.000 ; free physical = 60142 ; free virtual = 941462

Reference - Incremental Comparison Summary

1. Comparison with Reference Run
--------------------------------

+-----------------+---------------------------+---------------------------+---------------------------+
|                 |          WNS(ns)          |  Runtime(elapsed)(hh:mm)  |    Runtime(cpu)(hh:mm)    |
+-----------------+-------------+-------------+-------------+-------------+-------------+-------------+
|      Stage      |  Reference  | Incremental |  Reference  | Incremental |  Reference  | Incremental |
+-----------------+-------------+-------------+-------------+-------------+-------------+-------------+
| synth_design    |             |             |       00:02 |       00:03 |       00:02 |       00:03 |
| opt_design      |             |             |     < 1 min |             |     < 1 min |             |
| read_checkpoint |             |             |             |     < 1 min |             |     < 1 min |
| place_design    |       0.197 |      -0.603 |     < 1 min |     < 1 min |       00:01 |       00:01 |
| phys_opt_design |       0.197 |      -0.283 |     < 1 min |     < 1 min |     < 1 min |     < 1 min |
| route_design    |       0.114 |      -0.774 |       00:01 |       00:01 |       00:01 |       00:02 |
+-----------------+-------------+-------------+-------------+-------------+-------------+-------------+


INFO: [Common 17-83] Releasing license: Implementation
19 Infos, 1 Warnings, 0 Critical Warnings and 0 Errors encountered.
route_design completed successfully
route_design: Time (s): cpu = 00:01:38 ; elapsed = 00:00:50 . Memory (MB): peak = 3453.223 ; gain = 298.070 ; free physical = 60142 ; free virtual = 941462
# set wns  [get_property SLACK [get_timing_paths -delay_type max -max_paths 1]]
# report_timing -delay_type max -max_paths 500 -file [file join $OUT timing_paths500.rpt]
INFO: [Timing 38-78] ReportTimingParams: -max_paths 500 -nworst 1 -delay_type max -sort_by slack.
# report_utilization -file [file join $OUT utilization.rpt]
# report_high_fanout_nets -max_nets 30 -timing -file [file join $OUT hf_post.rpt]
INFO: [Timing 38-91] UpdateTimingParams: Speed grade: -2, Delay Type: max.
INFO: [Timing 38-191] Multithreading enabled for timing update using a maximum of 8 CPUs
INFO: [Timing 38-78] ReportTimingParams: -max_paths 10 -nworst 1 -delay_type max -sort_by slack.
report_high_fanout_nets: Time (s): cpu = 00:00:02 ; elapsed = 00:00:01 . Memory (MB): peak = 3453.223 ; gain = 0.000 ; free physical = 60125 ; free virtual = 941453
# foreach p [get_timing_paths -delay_type max -max_paths 3] {
#     puts [format "  %8.3f ns  %s -> %s" [get_property SLACK $p] [get_property STARTPOINT_PIN $p] [get_property ENDPOINT_PIN $p]]
# }
    -0.775 ns  u_soc/Core_cpu/u_ifu_subsys/g_tage.u_tage/q_row_idx_reg[1][0]/C -> u_soc/Core_cpu/u_ifu_subsys/u_icache/u_dat_way0/u_prim/mem_q_reg_1/ADDRARDADDR[7]
    -0.742 ns  u_soc/Core_cpu/u_ifu_subsys/g_tage.u_tage/q_row_idx_reg[1][0]/C -> u_soc/Core_cpu/u_ifu_subsys/u_icache/u_dat_way1/u_prim/mem_q_reg_1/ADDRARDADDR[7]
    -0.736 ns  u_soc/Core_cpu/u_ifu_subsys/g_tage.u_tage/q_row_idx_reg[1][0]/C -> u_soc/Core_cpu/u_ifu_subsys/u_icache/u_dat_way0/u_prim/mem_q_reg_1/ADDRARDADDR[9]
# puts [format "ARM_SUMMARY period=%s arm=%s wns=%.4f fmax_mhz=%.2f" $PERIOD $ARM $wns [expr {1000.0/($PERIOD-$wns)}]]
ARM_SUMMARY period=6.5 arm=incr wns=-0.7750 fmax_mhz=137.46
INFO: [Common 17-206] Exiting Vivado at Tue Sep 29 03:01:24 2026...
