
****** Vivado v2023.2 (64-bit)
  **** SW Build 4029153 on Fri Oct 13 20:13:54 MDT 2023
  **** IP Build 4028589 on Sat Oct 14 00:45:43 MDT 2023
  **** SharedData Build 4025554 on Tue Oct 10 17:18:54 MDT 2023
    ** Copyright 1986-2022 Xilinx, Inc. All Rights Reserved.
    ** Copyright 2022-2023 Advanced Micro Devices, Inc. All Rights Reserved.

source /tmp/strat2/build_arm.tcl
# set PERIOD [lindex $argv 0]
# set ARM    [lindex $argv 1]
# set ROOT   /home/st-wangjun/project/RISCV_A910
# set SYNTH  [file join $ROOT synth vivado fmax_impl_${PERIOD}ns fmax_impl_${PERIOD}ns.runs synth_1 top_fmax.dcp]
# set REF    /tmp/p0a/fmax_base_6.9ns/top_fmax_routed.dcp
# set OUT    [file join /tmp/strat2 fmax_${ARM}_${PERIOD}ns]
# file mkdir $OUT
# open_checkpoint $SYNTH
Command: open_checkpoint /home/st-wangjun/project/RISCV_A910/synth/vivado/fmax_impl_6.5ns/fmax_impl_6.5ns.runs/synth_1/top_fmax.dcp

Starting open_checkpoint Task

Time (s): cpu = 00:00:00.04 ; elapsed = 00:00:00.03 . Memory (MB): peak = 1426.301 ; gain = 62.207 ; free physical = 63453 ; free virtual = 944770
INFO: [Device 21-403] Loading part xc7k325tffg900-2
Netlist sorting complete. Time (s): cpu = 00:00:00.06 ; elapsed = 00:00:00.07 . Memory (MB): peak = 1796.238 ; gain = 0.000 ; free physical = 62114 ; free virtual = 943434
INFO: [Netlist 29-17] Analyzing 1275 Unisim elements for replacement
INFO: [Netlist 29-28] Unisim Transformation completed in 0 CPU seconds
INFO: [Project 1-479] Netlist was created with Vivado 2023.2
INFO: [Project 1-570] Preparing netlist for logic optimization
Read ShapeDB Complete: Time (s): cpu = 00:00:00.02 ; elapsed = 00:00:00.02 . Memory (MB): peak = 1888.863 ; gain = 2.004 ; free physical = 61898 ; free virtual = 943218
Netlist sorting complete. Time (s): cpu = 00:00:00 ; elapsed = 00:00:00 . Memory (MB): peak = 1888.863 ; gain = 0.000 ; free physical = 61881 ; free virtual = 943202
INFO: [Project 1-111] Unisim Transformation Summary:
  A total of 267 instances were transformed.
  RAM32M => RAM32M (RAMD32(x6), RAMS32(x2)): 8 instances
  RAM64M => RAM64M (RAMD64E(x4)): 183 instances
  RAM64X1D => RAM64X1D (RAMD64E(x2)): 76 instances

INFO: [Project 1-604] Checkpoint was created with Vivado v2023.2 (64-bit) build 4029153
open_checkpoint: Time (s): cpu = 00:00:11 ; elapsed = 00:00:11 . Memory (MB): peak = 1896.867 ; gain = 532.773 ; free physical = 61875 ; free virtual = 943195
# if {[llength [get_clocks -quiet]] == 0} {
#     read_xdc [file join $ROOT synth vivado fmax_impl_${PERIOD}ns fmax_gen.xdc]
# }
Parsing XDC File [/home/st-wangjun/project/RISCV_A910/synth/vivado/fmax_impl_6.5ns/fmax_gen.xdc]
Finished Parsing XDC File [/home/st-wangjun/project/RISCV_A910/synth/vivado/fmax_impl_6.5ns/fmax_gen.xdc]
# puts "ARM_CLK [get_property -quiet PERIOD [get_clocks -quiet clk]] expect=$PERIOD arm=$ARM"
ARM_CLK 6.500 expect=6.5 arm=merge
# if {$ARM eq "incr"} {
#     # 指南第五步: 增量 —— 拿 6.9ns 已布线的结果当 reference, 只按新约束局部重优化
#     if {[catch {read_checkpoint -incremental $REF} e]} { puts "INCR_READ_FAIL $e" } else { puts "INCR_READ_OK" }
#     if {[catch {opt_design} e]} { puts "INCR_OPT $e" }
#     place_design
# } else {
#     if {$ARM eq "merge"} {
#         if {[catch {opt_design -merge_equivalent_drivers -hier_fanout_limit 512} e]} { puts "MERGE_FAIL $e"; opt_design }
#     } else {
#         # 指南里的 FORCE_MAX_FANOUT 在 2023.2 不存在 (design 无此属性), 这里退而用
#         # net 级 MAX_FANOUT (真实可用的那个), 看它值不值
#         set nets [get_nets -hier -quiet -filter {NAME =~ "*u_ifu_subsys*"}]
#         set n0 0
#         foreach n $nets { if {[llength [get_pins -quiet -of $n -filter {DIRECTION == IN}]] >= 60} { incr n0; catch {set_property MAX_FANOUT 32 $n} } }
#         puts "FFO_SET nets=$n0"
#         opt_design
#     }
#     place_design
# }
Command: opt_design -merge_equivalent_drivers -hier_fanout_limit 512
Attempting to get a license for feature 'Implementation' and/or device 'xc7k325t'
INFO: [Common 17-349] Got license for feature 'Implementation' and/or device 'xc7k325t'
Running DRC as a precondition to command opt_design

Starting DRC Task
INFO: [DRC 23-27] Running DRC with 8 threads
INFO: [Project 1-461] DRC finished with 0 Errors
INFO: [Project 1-462] Please refer to the DRC report (report_drc) for more information.

Time (s): cpu = 00:00:01 ; elapsed = 00:00:00.59 . Memory (MB): peak = 2724.945 ; gain = 123.438 ; free physical = 60739 ; free virtual = 942059

Starting Logic Optimization Task

Phase 1 Initialization

Phase 1.1 Core Generation And Design Setup
Phase 1.1 Core Generation And Design Setup | Checksum: 171a432ab

Time (s): cpu = 00:00:00 ; elapsed = 00:00:00 . Memory (MB): peak = 2940.793 ; gain = 0.004 ; free physical = 60430 ; free virtual = 941750

Phase 1.2 Setup Constraints And Sort Netlist
Phase 1.2 Setup Constraints And Sort Netlist | Checksum: 171a432ab

Time (s): cpu = 00:00:00 ; elapsed = 00:00:00.01 . Memory (MB): peak = 2940.793 ; gain = 0.004 ; free physical = 60430 ; free virtual = 941750
Phase 1 Initialization | Checksum: 171a432ab

Time (s): cpu = 00:00:00 ; elapsed = 00:00:00.01 . Memory (MB): peak = 2940.793 ; gain = 0.004 ; free physical = 60430 ; free virtual = 941750

Phase 2 Timer Update And Timing Data Collection

Phase 2.1 Timer Update
Phase 2.1 Timer Update | Checksum: 171a432ab

Time (s): cpu = 00:00:01 ; elapsed = 00:00:00.24 . Memory (MB): peak = 2940.793 ; gain = 0.004 ; free physical = 60413 ; free virtual = 941733

Phase 2.2 Timing Data Collection
Phase 2.2 Timing Data Collection | Checksum: 171a432ab

Time (s): cpu = 00:00:01 ; elapsed = 00:00:00.25 . Memory (MB): peak = 2940.793 ; gain = 0.004 ; free physical = 60407 ; free virtual = 941727
Phase 2 Timer Update And Timing Data Collection | Checksum: 171a432ab

Time (s): cpu = 00:00:01 ; elapsed = 00:00:00.25 . Memory (MB): peak = 2940.793 ; gain = 0.004 ; free physical = 60407 ; free virtual = 941727

Phase 3 Merging equivalent drivers
Phase 3 Merging equivalent drivers | Checksum: 1521aeb17

Time (s): cpu = 00:00:01 ; elapsed = 00:00:00.58 . Memory (MB): peak = 2940.793 ; gain = 0.004 ; free physical = 60311 ; free virtual = 941631
Merging equivalent drivers | Checksum: 1521aeb17
INFO: [Opt 31-389] Phase Merging equivalent drivers created 0 cells and removed 213 cells

Phase 4 Fanout optimization
INFO: [Opt 31-319] Created 2 clone drivers for net u_soc/rst_cpu
INFO: [Opt 31-368] Net u_soc/Core_cpu/U_MEM_WB/wb_is_mret_reg_0 cannot be replicated as no eligible modules were found for clone creation
INFO: [Opt 31-368] Net u_soc/Core_cpu/u_ifu_subsys/u_ibuf/cnt_q_reg[4]_0 cannot be replicated as no eligible modules were found for clone creation
INFO: [Opt 31-368] Net u_soc/Core_cpu/u_ifu_subsys/u_ibuf/ent_q[6][150]_i_1_n_0 cannot be replicated as no eligible modules were found for clone creation
INFO: [Opt 31-368] Net u_soc/Core_cpu/u_ifu_subsys/u_ibuf/ent_q[6][28]_i_10_n_0 cannot be replicated as no eligible modules were found for clone creation
Phase 4 Fanout optimization | Checksum: 1108130a1

Time (s): cpu = 00:00:01 ; elapsed = 00:00:00.67 . Memory (MB): peak = 2940.793 ; gain = 0.004 ; free physical = 60287 ; free virtual = 941608
Fanout optimization | Checksum: 1108130a1
INFO: [Opt 31-389] Phase Fanout optimization created 2 cells and removed 0 cells

Phase 5 Post Processing Netlist
Phase 5 Post Processing Netlist | Checksum: 146220fa5

Time (s): cpu = 00:00:02 ; elapsed = 00:00:00.71 . Memory (MB): peak = 2940.793 ; gain = 0.004 ; free physical = 60269 ; free virtual = 941589
Post Processing Netlist | Checksum: 146220fa5
INFO: [Opt 31-389] Phase Post Processing Netlist created 0 cells and removed 1 cells

Phase 6 Finalization

Phase 6.1 Finalizing Design Cores and Updating Shapes
Phase 6.1 Finalizing Design Cores and Updating Shapes | Checksum: a768a718

Time (s): cpu = 00:00:02 ; elapsed = 00:00:00.92 . Memory (MB): peak = 2989.637 ; gain = 48.848 ; free physical = 60202 ; free virtual = 941522

Phase 6.2 Verifying Netlist Connectivity
Phase 6.2 Verifying Netlist Connectivity | Checksum: a768a718

Time (s): cpu = 00:00:02 ; elapsed = 00:00:00.92 . Memory (MB): peak = 2989.637 ; gain = 48.848 ; free physical = 60201 ; free virtual = 941522
Phase 6 Finalization | Checksum: a768a718

Time (s): cpu = 00:00:02 ; elapsed = 00:00:00.92 . Memory (MB): peak = 2989.637 ; gain = 48.848 ; free physical = 60201 ; free virtual = 941522
Opt_design Change Summary
=========================


------------------------------------------------------------------------------------------------------------------------
|  Phase                       |  #Cells created  |  #Cells Removed  |  #Constrained objects preventing optimizations  |
------------------------------------------------------------------------------------------------------------------------
|  Merging equivalent drivers  |               0  |             213  |                                              0  |
|  Fanout optimization         |               2  |               0  |                                              0  |
|  Post Processing Netlist     |               0  |               1  |                                              0  |
------------------------------------------------------------------------------------------------------------------------


Ending Logic Optimization Task | Checksum: a768a718

Time (s): cpu = 00:00:02 ; elapsed = 00:00:00.93 . Memory (MB): peak = 2989.637 ; gain = 48.848 ; free physical = 60201 ; free virtual = 941522
INFO: [Constraints 18-11670] Building netlist checker database with flags, 0x8
Done building netlist checker database: Time (s): cpu = 00:00:00.01 ; elapsed = 00:00:00 . Memory (MB): peak = 2989.637 ; gain = 0.000 ; free physical = 60198 ; free virtual = 941518

Starting Netlist Obfuscation Task
Netlist sorting complete. Time (s): cpu = 00:00:00 ; elapsed = 00:00:00 . Memory (MB): peak = 2989.637 ; gain = 0.000 ; free physical = 60197 ; free virtual = 941517
Ending Netlist Obfuscation Task | Checksum: a768a718

Time (s): cpu = 00:00:00 ; elapsed = 00:00:00 . Memory (MB): peak = 2989.637 ; gain = 0.000 ; free physical = 60197 ; free virtual = 941517
INFO: [Common 17-83] Releasing license: Implementation
14 Infos, 0 Warnings, 0 Critical Warnings and 0 Errors encountered.
opt_design completed successfully
Command: place_design
Attempting to get a license for feature 'Implementation' and/or device 'xc7k325t'
INFO: [Common 17-349] Got license for feature 'Implementation' and/or device 'xc7k325t'
INFO: [Common 17-83] Releasing license: Implementation
INFO: [DRC 23-27] Running DRC with 8 threads
INFO: [Vivado_Tcl 4-198] DRC finished with 0 Errors
INFO: [Vivado_Tcl 4-199] Please refer to the DRC report (report_drc) for more information.
Running DRC as a precondition to command place_design
INFO: [DRC 23-27] Running DRC with 8 threads
WARNING: [DRC 23-803] Only the first 20 REQP-1839 messages were issued by mandatory DRC reporting. An additional 1 messages have not been issued. Use 'set_property MAX_MESSAGES <number> [get_drc_check REQP-1839]' to change the number of messages that should be reported.
INFO: [Vivado_Tcl 4-198] DRC finished with 0 Errors, 22 Warnings
INFO: [Vivado_Tcl 4-199] Please refer to the DRC report (report_drc) for more information.
INFO: [Place 30-611] Multithreading enabled for place_design using a maximum of 8 CPUs

Starting Placer Task

Phase 1 Placer Initialization

Phase 1.1 Placer Initialization Netlist Sorting
Netlist sorting complete. Time (s): cpu = 00:00:00 ; elapsed = 00:00:00 . Memory (MB): peak = 3087.324 ; gain = 0.000 ; free physical = 60017 ; free virtual = 941337
Phase 1.1 Placer Initialization Netlist Sorting | Checksum: 0b9bf761

Time (s): cpu = 00:00:00.01 ; elapsed = 00:00:00.01 . Memory (MB): peak = 3087.324 ; gain = 0.000 ; free physical = 60017 ; free virtual = 941337
INFO: [Timing 38-35] Done setting XDC timing constraints.
INFO: [Opt 31-138] Pushed 0 inverter(s) to 0 load pin(s).
Netlist sorting complete. Time (s): cpu = 00:00:00 ; elapsed = 00:00:00 . Memory (MB): peak = 3087.324 ; gain = 0.000 ; free physical = 59953 ; free virtual = 941274

Phase 1.2 IO Placement/ Clock Placement/ Build Placer Device
INFO: [Timing 38-35] Done setting XDC timing constraints.
Phase 1.2 IO Placement/ Clock Placement/ Build Placer Device | Checksum: 18aa627e1

Time (s): cpu = 00:00:04 ; elapsed = 00:00:01 . Memory (MB): peak = 3087.324 ; gain = 0.000 ; free physical = 59884 ; free virtual = 941204

Phase 1.3 Build Placer Netlist Model
Phase 1.3 Build Placer Netlist Model | Checksum: 2115c9312

Time (s): cpu = 00:00:08 ; elapsed = 00:00:03 . Memory (MB): peak = 3094.348 ; gain = 7.023 ; free physical = 59677 ; free virtual = 940997

Phase 1.4 Constrain Clocks/Macros
Phase 1.4 Constrain Clocks/Macros | Checksum: 2115c9312

Time (s): cpu = 00:00:08 ; elapsed = 00:00:03 . Memory (MB): peak = 3094.348 ; gain = 7.023 ; free physical = 59677 ; free virtual = 940997
Phase 1 Placer Initialization | Checksum: 2115c9312

Time (s): cpu = 00:00:08 ; elapsed = 00:00:03 . Memory (MB): peak = 3094.348 ; gain = 7.023 ; free physical = 59675 ; free virtual = 940995

Phase 2 Global Placement

Phase 2.1 Floorplanning
Phase 2.1 Floorplanning | Checksum: 223987326

Time (s): cpu = 00:00:10 ; elapsed = 00:00:04 . Memory (MB): peak = 3094.348 ; gain = 7.023 ; free physical = 59648 ; free virtual = 940968

Phase 2.2 Update Timing before SLR Path Opt
Phase 2.2 Update Timing before SLR Path Opt | Checksum: 1fb63e931

Time (s): cpu = 00:00:12 ; elapsed = 00:00:04 . Memory (MB): peak = 3094.348 ; gain = 7.023 ; free physical = 59638 ; free virtual = 940958

Phase 2.3 Post-Processing in Floorplanning
Phase 2.3 Post-Processing in Floorplanning | Checksum: 1fb63e931

Time (s): cpu = 00:00:12 ; elapsed = 00:00:04 . Memory (MB): peak = 3094.348 ; gain = 7.023 ; free physical = 59638 ; free virtual = 940958

Phase 2.4 Global Placement Core

Phase 2.4.1 UpdateTiming Before Physical Synthesis
Phase 2.4.1 UpdateTiming Before Physical Synthesis | Checksum: 2a3d9a56c

Time (s): cpu = 00:00:38 ; elapsed = 00:00:13 . Memory (MB): peak = 3174.707 ; gain = 87.383 ; free physical = 59378 ; free virtual = 940711

Phase 2.4.2 Physical Synthesis In Placer
INFO: [Physopt 32-1035] Found 52 LUTNM shape to break, 548 LUT instances to create LUTNM shape
INFO: [Physopt 32-1044] Break lutnm for timing: one critical 39, two critical 13, total 52, new lutff created 0
INFO: [Physopt 32-1138] End 1 Pass. Optimized 257 nets or LUTs. Breaked 52 LUTs, combined 205 existing LUTs and moved 0 existing LUT
Netlist sorting complete. Time (s): cpu = 00:00:00.01 ; elapsed = 00:00:00 . Memory (MB): peak = 3174.707 ; gain = 0.000 ; free physical = 59377 ; free virtual = 940718
INFO: [Physopt 32-76] Pass 1. Identified 1 candidate net for fanout optimization.
INFO: [Physopt 32-81] Processed net u_soc/rst_cpu_repN_2. Replicated 11 times.
INFO: [Physopt 32-232] Optimized 1 net. Created 11 new instances.
INFO: [Physopt 32-775] End 1 Pass. Optimized 1 net or cell. Created 11 new cells, deleted 0 existing cell and moved 0 existing cell
Netlist sorting complete. Time (s): cpu = 00:00:00.04 ; elapsed = 00:00:00.04 . Memory (MB): peak = 3174.707 ; gain = 0.000 ; free physical = 59368 ; free virtual = 940708
INFO: [Physopt 32-76] Pass 1. Identified 14 candidate nets for fanout optimization.
INFO: [Physopt 32-81] Processed net u_soc/Core_cpu/u_ifu_subsys/u_ibuf/cnt_q_reg[4]_0. Replicated 3 times.
INFO: [Physopt 32-81] Processed net u_soc/Core_cpu/u_ifu_subsys/u_icache/q_pc_q_reg[31]_0[7]. Replicated 8 times.
INFO: [Physopt 32-81] Processed net u_soc/Core_cpu/u_ifu_subsys/u_ibuf/ent_q[6][28]_i_10_n_0. Replicated 2 times.
INFO: [Physopt 32-81] Processed net u_soc/Core_cpu/U_ID_EX/have_inst_o_reg_1. Replicated 9 times.
INFO: [Physopt 32-81] Processed net u_soc/Core_cpu/U_ID_EX/ex_B[3]. Replicated 10 times.
INFO: [Physopt 32-81] Processed net u_soc/Core_cpu/U_ID_EX/ex_B_reg[21]_0[0]. Replicated 10 times.
INFO: [Physopt 32-232] Optimized 6 nets. Created 42 new instances.
INFO: [Physopt 32-775] End 1 Pass. Optimized 6 nets or cells. Created 42 new cells, deleted 0 existing cell and moved 0 existing cell
Netlist sorting complete. Time (s): cpu = 00:00:00.05 ; elapsed = 00:00:00.06 . Memory (MB): peak = 3174.707 ; gain = 0.000 ; free physical = 59349 ; free virtual = 940674
INFO: [Physopt 32-46] Identified 52 candidate nets for critical-cell optimization.
INFO: [Physopt 32-81] Processed net u_soc/Core_cpu/U_ID_EX/ex_A_final[5]. Replicated 1 times.
INFO: [Physopt 32-601] Processed net u_soc/Core_cpu/U_ID_EX/ex_B_reg[6]_2[2]. Net driver u_soc/Core_cpu/U_ID_EX/u1_taken_i_104_lopt_merged was replaced.
INFO: [Physopt 32-81] Processed net u_soc/Core_cpu/U_ID_EX/ex_A_final[1]. Replicated 1 times.
INFO: [Physopt 32-601] Processed net u_soc/Core_cpu/U_ID_EX/ex_B_reg[6]_2[0]. Net driver u_soc/Core_cpu/U_ID_EX/u1_taken_i_106_lopt_merged was replaced.
INFO: [Physopt 32-81] Processed net u_soc/Core_cpu/U_ID_EX/ex_csr_rdata_reg[23]_0[3]. Replicated 1 times.
INFO: [Physopt 32-601] Processed net u_soc/Core_cpu/U_ID_EX/ex_B_reg[22]_2[3]. Net driver u_soc/Core_cpu/U_ID_EX/u1_taken_i_54_lopt_merged was replaced.
INFO: [Physopt 32-601] Processed net u_soc/Core_cpu/U_ID_EX/ex_csr_rdata_reg[30]_3[3]. Net driver u_soc/Core_cpu/U_ID_EX/u1_taken_i_17_lopt_merged was replaced.
INFO: [Physopt 32-81] Processed net u_soc/Core_cpu/U_ID_EX/ex_A_final[21]. Replicated 1 times.
INFO: [Physopt 32-601] Processed net u_soc/Core_cpu/U_ID_EX/ex_B_reg[22]_2[2]. Net driver u_soc/Core_cpu/U_ID_EX/u1_taken_i_55_lopt_merged was replaced.
INFO: [Physopt 32-601] Processed net u_soc/Core_cpu/U_ID_EX/ex_csr_rdata_reg[30]_3[2]. Net driver u_soc/Core_cpu/U_ID_EX/u1_taken_i_18_lopt_merged was replaced.
INFO: [Physopt 32-601] Processed net u_soc/Core_cpu/U_ID_EX/ex_B_reg[6]_2[1]. Net driver u_soc/Core_cpu/U_ID_EX/u1_taken_i_105_lopt_merged was replaced.
INFO: [Physopt 32-81] Processed net u_soc/Core_cpu/U_ID_EX/ex_csr_rdata_reg[19]_0[3]. Replicated 1 times.
INFO: [Physopt 32-601] Processed net u_soc/Core_cpu/U_ID_EX/ex_B_reg[22]_2[1]. Net driver u_soc/Core_cpu/U_ID_EX/u1_taken_i_56_lopt_merged was replaced.
INFO: [Physopt 32-81] Processed net u_soc/Core_cpu/U_ID_EX/ex_A_final[9]. Replicated 1 times.
INFO: [Physopt 32-601] Processed net u_soc/Core_cpu/U_ID_EX/ex_B_reg[14]_2[0]. Net driver u_soc/Core_cpu/U_ID_EX/u1_taken_i_84_lopt_merged was replaced.
INFO: [Physopt 32-81] Processed net u_soc/Core_cpu/U_ID_EX/ex_csr_rdata_reg[15]_0[1]. Replicated 1 times.
INFO: [Physopt 32-601] Processed net u_soc/Core_cpu/U_ID_EX/ex_B_reg[14]_2[2]. Net driver u_soc/Core_cpu/U_ID_EX/u1_taken_i_82_lopt_merged was replaced.
INFO: [Physopt 32-81] Processed net u_soc/Core_cpu/U_ID_EX/ex_csr_rdata_reg[27]_0[3]. Replicated 1 times.
INFO: [Physopt 32-601] Processed net u_soc/Core_cpu/U_ID_EX/ex_csr_rdata_reg[30]_3[1]. Net driver u_soc/Core_cpu/U_ID_EX/u1_taken_i_19_lopt_merged was replaced.
INFO: [Physopt 32-601] Processed net u_soc/Core_cpu/U_ID_EX/ex_B_reg[6]_2[3]. Net driver u_soc/Core_cpu/U_ID_EX/u1_taken_i_103_lopt_merged was replaced.
INFO: [Physopt 32-81] Processed net u_soc/Core_cpu/U_ID_EX/ex_csr_rdata_reg[27]_0[1]. Replicated 1 times.
INFO: [Physopt 32-81] Processed net u_soc/Core_cpu/U_ID_EX/ex_csr_rdata_reg[30]_3[0]. Replicated 1 times.
INFO: [Physopt 32-81] Processed net u_soc/Core_cpu/U_ID_EX/DI[3]. Replicated 1 times.
INFO: [Physopt 32-81] Processed net u_soc/Core_cpu/U_ID_EX/ex_A_final[11]. Replicated 1 times.
INFO: [Physopt 32-601] Processed net u_soc/Core_cpu/U_ID_EX/ex_B_reg[14]_2[1]. Net driver u_soc/Core_cpu/U_ID_EX/u1_taken_i_83_lopt_merged was replaced.
INFO: [Physopt 32-81] Processed net u_soc/Core_cpu/U_ID_EX/ex_csr_rdata_reg[30]_0[1]. Replicated 1 times.
INFO: [Physopt 32-81] Processed net u_soc/Core_cpu/U_ID_EX/ex_A_final[17]. Replicated 1 times.
INFO: [Physopt 32-601] Processed net u_soc/Core_cpu/U_ID_EX/ex_B_reg[22]_2[0]. Net driver u_soc/Core_cpu/U_ID_EX/u1_taken_i_57_lopt_merged was replaced.
INFO: [Physopt 32-81] Processed net u_soc/Core_cpu/U_ID_EX/ex_A_final[7]. Replicated 1 times.
INFO: [Physopt 32-601] Processed net u_soc/Core_cpu/U_ID_EX/ex_B_reg[14]_2[3]. Net driver u_soc/Core_cpu/U_ID_EX/u1_taken_i_81_lopt_merged was replaced.
INFO: [Physopt 32-81] Processed net u_soc/Core_cpu/U_ID_EX/ex_csr_rdata_reg[15]_0[3]. Replicated 1 times.
INFO: [Physopt 32-81] Processed net u_soc/Core_cpu/U_ID_EX/ex_A_final[20]. Replicated 1 times.
INFO: [Physopt 32-81] Processed net u_soc/Core_cpu/U_ID_EX/ex_csr_rdata_reg[27]_0[2]. Replicated 1 times.
INFO: [Physopt 32-81] Processed net u_soc/Core_cpu/U_IF_ID/id_inst_reg[5]_0[3]. Replicated 1 times.
INFO: [Physopt 32-81] Processed net u_soc/Core_cpu/U_ID_EX/ex_A_final[10]. Replicated 1 times.
INFO: [Physopt 32-81] Processed net u_soc/Core_cpu/U_ID_EX/ex_A_final[16]. Replicated 1 times.
INFO: [Physopt 32-81] Processed net u_soc/Core_cpu/U_ID_EX/ex_A_final[6]. Replicated 1 times.
INFO: [Physopt 32-81] Processed net u_soc/Core_cpu/U_ID_EX/ex_csr_rdata_reg[15]_0[2]. Replicated 1 times.
INFO: [Physopt 32-81] Processed net u_soc/Core_cpu/U_ID_EX/ex_A_final[4]. Replicated 1 times.
INFO: [Physopt 32-81] Processed net u_soc/Core_cpu/U_ID_EX/ex_A_final[22]. Replicated 1 times.
INFO: [Physopt 32-81] Processed net u_soc/Core_cpu/U_ID_EX/ex_csr_rdata_reg[30]_0[0]. Replicated 1 times.
INFO: [Physopt 32-81] Processed net u_soc/Core_cpu/U_ID_EX/ex_A_final[12]. Replicated 1 times.
INFO: [Physopt 32-81] Processed net u_soc/Core_cpu/U_ID_EX/ex_A_final[18]. Replicated 1 times.
INFO: [Physopt 32-81] Processed net u_soc/Core_cpu/U_ID_EX/ex_csr_rdata_reg[27]_0[0]. Replicated 1 times.
INFO: [Physopt 32-81] Processed net u_soc/Core_cpu/U_ID_EX/ex_A_final[30]. Replicated 1 times.
INFO: [Physopt 32-232] Optimized 45 nets. Created 30 new instances.
INFO: [Physopt 32-775] End 1 Pass. Optimized 45 nets or cells. Created 30 new cells, deleted 0 existing cell and moved 0 existing cell
Netlist sorting complete. Time (s): cpu = 00:00:00.02 ; elapsed = 00:00:00.02 . Memory (MB): peak = 3174.707 ; gain = 0.000 ; free physical = 59349 ; free virtual = 940674
INFO: [Physopt 32-456] No candidate cells for DSP register optimization found in the design.
INFO: [Physopt 32-775] End 2 Pass. Optimized 0 net or cell. Created 0 new cell, deleted 0 existing cell and moved 0 existing cell
INFO: [Physopt 32-1123] No candidate cells found for Shift Register to Pipeline optimization
INFO: [Physopt 32-775] End 2 Pass. Optimized 0 net or cell. Created 0 new cell, deleted 0 existing cell and moved 0 existing cell
INFO: [Physopt 32-1401] No candidate cells found for Shift Register optimization.
INFO: [Physopt 32-677] No candidate cells for Shift Register optimization found in the design
INFO: [Physopt 32-775] End 1 Pass. Optimized 0 net or cell. Created 0 new cell, deleted 0 existing cell and moved 0 existing cell
INFO: [Physopt 32-526] No candidate cells for BRAM register optimization found in the design
INFO: [Physopt 32-775] End 1 Pass. Optimized 0 net or cell. Created 0 new cell, deleted 0 existing cell and moved 0 existing cell
INFO: [Physopt 32-846] No candidate cells for URAM register optimization found in the design
INFO: [Physopt 32-775] End 1 Pass. Optimized 0 net or cell. Created 0 new cell, deleted 0 existing cell and moved 0 existing cell
INFO: [Physopt 32-846] No candidate cells for URAM register optimization found in the design
INFO: [Physopt 32-775] End 1 Pass. Optimized 0 net or cell. Created 0 new cell, deleted 0 existing cell and moved 0 existing cell
INFO: [Physopt 32-949] No candidate nets found for dynamic/static region interface net replication
INFO: [Physopt 32-775] End 1 Pass. Optimized 0 net or cell. Created 0 new cell, deleted 0 existing cell and moved 0 existing cell
Netlist sorting complete. Time (s): cpu = 00:00:00.01 ; elapsed = 00:00:00 . Memory (MB): peak = 3174.707 ; gain = 0.000 ; free physical = 59349 ; free virtual = 940674

Summary of Physical Synthesis Optimizations
============================================


-----------------------------------------------------------------------------------------------------------------------------------------------------------
|  Optimization                                     |  Added Cells  |  Removed Cells  |  Optimized Cells/Nets  |  Dont Touch  |  Iterations  |  Elapsed   |
-----------------------------------------------------------------------------------------------------------------------------------------------------------
|  LUT Combining                                    |           52  |            205  |                   257  |           0  |           1  |  00:00:01  |
|  Retime                                           |            0  |              0  |                     0  |           0  |           1  |  00:00:00  |
|  Very High Fanout                                 |           11  |              0  |                     1  |           0  |           1  |  00:00:00  |
|  Fanout                                           |           42  |              0  |                     6  |           0  |           1  |  00:00:02  |
|  Critical Cell                                    |           30  |              0  |                    45  |           0  |           1  |  00:00:01  |
|  DSP Register                                     |            0  |              0  |                     0  |           0  |           1  |  00:00:00  |
|  Shift Register to Pipeline                       |            0  |              0  |                     0  |           0  |           1  |  00:00:00  |
|  Shift Register                                   |            0  |              0  |                     0  |           0  |           1  |  00:00:00  |
|  BRAM Register                                    |            0  |              0  |                     0  |           0  |           1  |  00:00:00  |
|  URAM Register                                    |            0  |              0  |                     0  |           0  |           1  |  00:00:00  |
|  Dynamic/Static Region Interface Net Replication  |            0  |              0  |                     0  |           0  |           1  |  00:00:00  |
|  Total                                            |          135  |            205  |                   309  |           0  |          11  |  00:00:03  |
-----------------------------------------------------------------------------------------------------------------------------------------------------------


Phase 2.4.2 Physical Synthesis In Placer | Checksum: 13629dde8

Time (s): cpu = 00:00:44 ; elapsed = 00:00:18 . Memory (MB): peak = 3174.707 ; gain = 87.383 ; free physical = 59350 ; free virtual = 940674
Phase 2.4 Global Placement Core | Checksum: b8a703e1

Time (s): cpu = 00:00:45 ; elapsed = 00:00:18 . Memory (MB): peak = 3174.707 ; gain = 87.383 ; free physical = 59683 ; free virtual = 941007
Phase 2 Global Placement | Checksum: b8a703e1

Time (s): cpu = 00:00:45 ; elapsed = 00:00:18 . Memory (MB): peak = 3174.707 ; gain = 87.383 ; free physical = 59683 ; free virtual = 941007

Phase 3 Detail Placement

Phase 3.1 Commit Multi Column Macros
Phase 3.1 Commit Multi Column Macros | Checksum: 17af521c8

Time (s): cpu = 00:00:47 ; elapsed = 00:00:19 . Memory (MB): peak = 3174.707 ; gain = 87.383 ; free physical = 59682 ; free virtual = 941007

Phase 3.2 Commit Most Macros & LUTRAMs
Phase 3.2 Commit Most Macros & LUTRAMs | Checksum: 8b4a695a

Time (s): cpu = 00:00:50 ; elapsed = 00:00:20 . Memory (MB): peak = 3174.707 ; gain = 87.383 ; free physical = 59676 ; free virtual = 941000

Phase 3.3 Area Swap Optimization
Phase 3.3 Area Swap Optimization | Checksum: a427eaca

Time (s): cpu = 00:00:51 ; elapsed = 00:00:20 . Memory (MB): peak = 3174.707 ; gain = 87.383 ; free physical = 59678 ; free virtual = 941003

Phase 3.4 Pipeline Register Optimization
Phase 3.4 Pipeline Register Optimization | Checksum: 66f01012

Time (s): cpu = 00:00:51 ; elapsed = 00:00:20 . Memory (MB): peak = 3174.707 ; gain = 87.383 ; free physical = 59678 ; free virtual = 941003

Phase 3.5 Fast Optimization
Phase 3.5 Fast Optimization | Checksum: 1113a71f3

Time (s): cpu = 00:00:57 ; elapsed = 00:00:24 . Memory (MB): peak = 3174.707 ; gain = 87.383 ; free physical = 59657 ; free virtual = 940961

Phase 3.6 Small Shape Detail Placement
Phase 3.6 Small Shape Detail Placement | Checksum: e51849c4

Time (s): cpu = 00:01:02 ; elapsed = 00:00:28 . Memory (MB): peak = 3174.707 ; gain = 87.383 ; free physical = 59536 ; free virtual = 940867

Phase 3.7 Re-assign LUT pins
Phase 3.7 Re-assign LUT pins | Checksum: 10fca8496

Time (s): cpu = 00:01:02 ; elapsed = 00:00:28 . Memory (MB): peak = 3174.707 ; gain = 87.383 ; free physical = 59529 ; free virtual = 940864

Phase 3.8 Pipeline Register Optimization
Phase 3.8 Pipeline Register Optimization | Checksum: 12e535b1d

Time (s): cpu = 00:01:02 ; elapsed = 00:00:28 . Memory (MB): peak = 3174.707 ; gain = 87.383 ; free physical = 59528 ; free virtual = 940864

Phase 3.9 Fast Optimization
Phase 3.9 Fast Optimization | Checksum: e8bc9fc7

Time (s): cpu = 00:01:11 ; elapsed = 00:00:33 . Memory (MB): peak = 3174.707 ; gain = 87.383 ; free physical = 61722 ; free virtual = 943042
Phase 3 Detail Placement | Checksum: e8bc9fc7

Time (s): cpu = 00:01:11 ; elapsed = 00:00:33 . Memory (MB): peak = 3174.707 ; gain = 87.383 ; free physical = 61721 ; free virtual = 943040

Phase 4 Post Placement Optimization and Clean-Up

Phase 4.1 Post Commit Optimization
INFO: [Timing 38-35] Done setting XDC timing constraints.

Phase 4.1.1 Post Placement Optimization
Post Placement Optimization Initialization | Checksum: 100998afa

Phase 4.1.1.1 BUFG Insertion

Starting Physical Synthesis Task

Phase 1 Physical Synthesis Initialization
INFO: [Physopt 32-721] Multithreading enabled for phys_opt_design using a maximum of 8 CPUs
INFO: [Physopt 32-619] Estimated Timing Summary | WNS=-1.007 | TNS=-738.794 |
Phase 1 Physical Synthesis Initialization | Checksum: 109f83796

Time (s): cpu = 00:00:01 ; elapsed = 00:00:00.34 . Memory (MB): peak = 3177.469 ; gain = 0.000 ; free physical = 61635 ; free virtual = 942954
INFO: [Place 46-56] BUFG insertion identified 0 candidate nets. Inserted BUFG: 0, Replicated BUFG Driver: 0, Skipped due to Placement/Routing Conflicts: 0, Skipped due to Timing Degradation: 0, Skipped due to netlist editing failed: 0.
Ending Physical Synthesis Task | Checksum: 109f83796

Time (s): cpu = 00:00:01 ; elapsed = 00:00:00.52 . Memory (MB): peak = 3177.469 ; gain = 0.000 ; free physical = 61629 ; free virtual = 942949
Phase 4.1.1.1 BUFG Insertion | Checksum: 100998afa

Time (s): cpu = 00:01:18 ; elapsed = 00:00:35 . Memory (MB): peak = 3177.469 ; gain = 90.145 ; free physical = 61603 ; free virtual = 942922

Phase 4.1.1.2 Post Placement Timing Optimization
INFO: [Place 30-746] Post Placement Timing Summary WNS=-0.279. For the most accurate timing information please run report_timing.
Phase 4.1.1.2 Post Placement Timing Optimization | Checksum: 15580c246

Time (s): cpu = 00:01:41 ; elapsed = 00:00:54 . Memory (MB): peak = 3177.469 ; gain = 90.145 ; free physical = 60139 ; free virtual = 941459

Time (s): cpu = 00:01:41 ; elapsed = 00:00:54 . Memory (MB): peak = 3177.469 ; gain = 90.145 ; free physical = 60139 ; free virtual = 941459
Phase 4.1 Post Commit Optimization | Checksum: 15580c246

Time (s): cpu = 00:01:41 ; elapsed = 00:00:54 . Memory (MB): peak = 3177.469 ; gain = 90.145 ; free physical = 60138 ; free virtual = 941457

Phase 4.2 Post Placement Cleanup
Phase 4.2 Post Placement Cleanup | Checksum: 15580c246

Time (s): cpu = 00:01:41 ; elapsed = 00:00:54 . Memory (MB): peak = 3177.469 ; gain = 90.145 ; free physical = 60136 ; free virtual = 941455

Phase 4.3 Placer Reporting

Phase 4.3.1 Print Estimated Congestion
INFO: [Place 30-612] Post-Placement Estimated Congestion 
 ____________________________________________________
|           | Global Congestion | Short Congestion  |
| Direction | Region Size       | Region Size       |
|___________|___________________|___________________|
|      North|                2x2|                4x4|
|___________|___________________|___________________|
|      South|                1x1|                4x4|
|___________|___________________|___________________|
|       East|                1x1|                4x4|
|___________|___________________|___________________|
|       West|                2x2|                4x4|
|___________|___________________|___________________|

Phase 4.3.1 Print Estimated Congestion | Checksum: 15580c246

Time (s): cpu = 00:01:41 ; elapsed = 00:00:54 . Memory (MB): peak = 3177.469 ; gain = 90.145 ; free physical = 60133 ; free virtual = 941453
Phase 4.3 Placer Reporting | Checksum: 15580c246

Time (s): cpu = 00:01:41 ; elapsed = 00:00:54 . Memory (MB): peak = 3177.469 ; gain = 90.145 ; free physical = 60151 ; free virtual = 941473

Phase 4.4 Final Placement Cleanup
Netlist sorting complete. Time (s): cpu = 00:00:00 ; elapsed = 00:00:00 . Memory (MB): peak = 3177.469 ; gain = 0.000 ; free physical = 60149 ; free virtual = 941471

Time (s): cpu = 00:01:41 ; elapsed = 00:00:54 . Memory (MB): peak = 3177.469 ; gain = 90.145 ; free physical = 60150 ; free virtual = 941472
Phase 4 Post Placement Optimization and Clean-Up | Checksum: 1c0b3a001

Time (s): cpu = 00:01:41 ; elapsed = 00:00:54 . Memory (MB): peak = 3177.469 ; gain = 90.145 ; free physical = 60148 ; free virtual = 941470
Ending Placer Task | Checksum: 100af720b

Time (s): cpu = 00:01:41 ; elapsed = 00:00:54 . Memory (MB): peak = 3177.469 ; gain = 90.145 ; free physical = 60147 ; free virtual = 941469
111 Infos, 1 Warnings, 0 Critical Warnings and 0 Errors encountered.
place_design completed successfully
place_design: Time (s): cpu = 00:01:43 ; elapsed = 00:00:55 . Memory (MB): peak = 3177.469 ; gain = 187.832 ; free physical = 60147 ; free virtual = 941469
# phys_opt_design
Command: phys_opt_design
Attempting to get a license for feature 'Implementation' and/or device 'xc7k325t'
INFO: [Common 17-349] Got license for feature 'Implementation' and/or device 'xc7k325t'

Starting Initial Update Timing Task

Time (s): cpu = 00:00:04 ; elapsed = 00:00:01 . Memory (MB): peak = 3177.480 ; gain = 0.000 ; free physical = 60127 ; free virtual = 941455
INFO: [Vivado_Tcl 4-1435] PhysOpt_Tcl_Interface Runtime Before Starting Physical Synthesis Task | CPU: 4.26s |  WALL: 1.13s
Netlist sorting complete. Time (s): cpu = 00:00:00.01 ; elapsed = 00:00:00 . Memory (MB): peak = 3177.480 ; gain = 0.000 ; free physical = 60127 ; free virtual = 941455

Starting Physical Synthesis Task

Phase 1 Physical Synthesis Initialization
INFO: [Physopt 32-721] Multithreading enabled for phys_opt_design using a maximum of 8 CPUs
INFO: [Physopt 32-619] Estimated Timing Summary | WNS=-0.279 | TNS=-89.136 |
Phase 1 Physical Synthesis Initialization | Checksum: aef60444

Time (s): cpu = 00:00:02 ; elapsed = 00:00:01 . Memory (MB): peak = 3177.480 ; gain = 0.000 ; free physical = 60128 ; free virtual = 941455
INFO: [Physopt 32-619] Estimated Timing Summary | WNS=-0.279 | TNS=-89.136 |

Phase 2 DSP Register Optimization
INFO: [Physopt 32-456] No candidate cells for DSP register optimization found in the design.
INFO: [Physopt 32-775] End 2 Pass. Optimized 0 net or cell. Created 0 new cell, deleted 0 existing cell and moved 0 existing cell
Phase 2 DSP Register Optimization | Checksum: aef60444

Time (s): cpu = 00:00:02 ; elapsed = 00:00:01 . Memory (MB): peak = 3177.480 ; gain = 0.000 ; free physical = 60128 ; free virtual = 941455

Phase 3 Critical Path Optimization
INFO: [Physopt 32-619] Estimated Timing Summary | WNS=-0.279 | TNS=-89.136 |
INFO: [Physopt 32-702] Processed net u_soc/Core_cpu/u_ifu_subsys/u_ibuf/ent_q_reg[1]_24[3]. Optimizations did not improve timing on the net.
INFO: [Physopt 32-702] Processed net u_soc/Core_cpu/u_ifu_subsys/g_tage.u_tage/q_row_idx_reg[3]_5[1]. Optimizations did not improve timing on the net.
INFO: [Physopt 32-710] Processed net u_soc/Core_cpu/u_ifu_subsys/u_ibuf/ent_q[1][3]_i_1_n_0. Critical path length was reduced through logic transformation on cell u_soc/Core_cpu/u_ifu_subsys/u_ibuf/ent_q[1][3]_i_1_comp.
INFO: [Physopt 32-735] Processed net u_soc/Core_cpu/u_ifu_subsys/u_ibuf/ent_q[1][3]_i_2_n_0. Optimization improves timing on the net.
INFO: [Physopt 32-619] Estimated Timing Summary | WNS=-0.251 | TNS=-89.000 |
INFO: [Physopt 32-702] Processed net u_soc/Core_cpu/u_ifu_subsys/u_icache/u_dat_way0/u_prim/rd_q[68]. Optimizations did not improve timing on the net.
INFO: [Physopt 32-710] Processed net u_soc/Core_cpu/u_ifu_subsys/u_btb/next_pc[1]. Critical path length was reduced through logic transformation on cell u_soc/Core_cpu/u_ifu_subsys/u_btb/q_t0_idx[1]_i_1_comp.
INFO: [Physopt 32-735] Processed net u_soc/Core_cpu/u_ifu_subsys/u_btb/reached_taken. Optimization improves timing on the net.
INFO: [Physopt 32-619] Estimated Timing Summary | WNS=-0.239 | TNS=-90.617 |
INFO: [Physopt 32-702] Processed net u_soc/Core_cpu/u_ifu_subsys/u_icache/u_dat_way0/u_prim/rd_q[104]. Optimizations did not improve timing on the net.
INFO: [Physopt 32-702] Processed net u_soc/Core_cpu/u_ifu_subsys/u_btb/reached_taken. Optimizations did not improve timing on the net.
INFO: [Physopt 32-663] Processed net u_soc/Core_cpu/u_ifu_subsys/u_ibuf/cnt_q_reg[4]_2[0].  Re-placed instance u_soc/Core_cpu/u_ifu_subsys/u_ibuf/q_t0_idx[1]_i_11
INFO: [Physopt 32-735] Processed net u_soc/Core_cpu/u_ifu_subsys/u_ibuf/cnt_q_reg[4]_2[0]. Optimization improves timing on the net.
INFO: [Physopt 32-619] Estimated Timing Summary | WNS=-0.237 | TNS=-90.541 |
INFO: [Physopt 32-702] Processed net u_soc/Core_cpu/u_ifu_subsys/u_ibuf/ent_q_reg[4]_21[58]. Optimizations did not improve timing on the net.
INFO: [Physopt 32-710] Processed net u_soc/Core_cpu/u_ifu_subsys/u_ibuf/ent_q[4][58]_i_1_n_0. Critical path length was reduced through logic transformation on cell u_soc/Core_cpu/u_ifu_subsys/u_ibuf/ent_q[4][58]_i_1_comp.
INFO: [Physopt 32-735] Processed net u_soc/Core_cpu/u_ifu_subsys/u_ibuf/ent_q[4][58]_i_2_n_0. Optimization improves timing on the net.
INFO: [Physopt 32-619] Estimated Timing Summary | WNS=-0.237 | TNS=-90.312 |
INFO: [Physopt 32-702] Processed net u_soc/Core_cpu/u_ifu_subsys/u_ibuf/ent_q_reg[7]_26[65]. Optimizations did not improve timing on the net.
INFO: [Physopt 32-710] Processed net u_soc/Core_cpu/u_ifu_subsys/u_ibuf/ent_q[7][65]_i_1_n_0. Critical path length was reduced through logic transformation on cell u_soc/Core_cpu/u_ifu_subsys/u_ibuf/ent_q[7][65]_i_1_comp.
INFO: [Physopt 32-735] Processed net u_soc/Core_cpu/u_ifu_subsys/u_ibuf/ent_q[7][65]_i_2_n_0. Optimization improves timing on the net.
INFO: [Physopt 32-619] Estimated Timing Summary | WNS=-0.237 | TNS=-90.119 |
INFO: [Physopt 32-702] Processed net u_soc/Core_cpu/u_ifu_subsys/u_ibuf/ent_q_reg[1]_24[33]. Optimizations did not improve timing on the net.
INFO: [Physopt 32-710] Processed net u_soc/Core_cpu/u_ifu_subsys/u_ibuf/ent_q[1][33]_i_1_n_0. Critical path length was reduced through logic transformation on cell u_soc/Core_cpu/u_ifu_subsys/u_ibuf/ent_q[1][33]_i_1_comp.
INFO: [Physopt 32-735] Processed net u_soc/Core_cpu/u_ifu_subsys/u_ibuf/ent_q[1][33]_i_2_n_0. Optimization improves timing on the net.
INFO: [Physopt 32-619] Estimated Timing Summary | WNS=-0.237 | TNS=-90.004 |
INFO: [Physopt 32-702] Processed net u_soc/Core_cpu/u_ifu_subsys/u_ibuf/ent_q_reg[6]_19[35]. Optimizations did not improve timing on the net.
INFO: [Physopt 32-702] Processed net u_soc/Core_cpu/u_ifu_subsys/u_ibuf/ent_q[6][35]_i_2_n_0. Optimizations did not improve timing on the net.
INFO: [Physopt 32-702] Processed net u_soc/Core_cpu/u_ifu_subsys/u_ibuf/ent_q[188]. Optimizations did not improve timing on the net.
INFO: [Physopt 32-710] Processed net u_soc/Core_cpu/u_ifu_subsys/u_ibuf/ent_q[188]. Critical path length was reduced through logic transformation on cell u_soc/Core_cpu/u_ifu_subsys/u_ibuf/ent_q[6][35]_i_4_comp.
INFO: [Physopt 32-735] Processed net u_soc/Core_cpu/u_ifu_subsys/u_ibuf/p_0_in__0[35]. Optimization improves timing on the net.
INFO: [Physopt 32-619] Estimated Timing Summary | WNS=-0.236 | TNS=-89.981 |
INFO: [Physopt 32-702] Processed net u_soc/Core_cpu/u_ifu_subsys/g_tage.u_tage/q_row_tag_reg[2]_15[0]. Optimizations did not improve timing on the net.
INFO: [Physopt 32-710] Processed net u_soc/Core_cpu/u_ifu_subsys/u_btb/rst_cpu_reg_rep__14_2[0]. Critical path length was reduced through logic transformation on cell u_soc/Core_cpu/u_ifu_subsys/u_btb/q_row_tag[2][0]_i_1_comp.
INFO: [Physopt 32-735] Processed net u_soc/Core_cpu/u_ifu_subsys/u_ibuf/D[3]. Optimization improves timing on the net.
INFO: [Physopt 32-619] Estimated Timing Summary | WNS=-0.236 | TNS=-89.773 |
INFO: [Physopt 32-702] Processed net u_soc/Core_cpu/u_ifu_subsys/u_ibuf/ent_q_reg[1]_24[82]. Optimizations did not improve timing on the net.
INFO: [Physopt 32-710] Processed net u_soc/Core_cpu/u_ifu_subsys/u_ibuf/ent_q[1][82]_i_1_n_0. Critical path length was reduced through logic transformation on cell u_soc/Core_cpu/u_ifu_subsys/u_ibuf/ent_q[1][82]_i_1_comp.
INFO: [Physopt 32-735] Processed net u_soc/Core_cpu/u_ifu_subsys/u_ibuf/ent_q[1][82]_i_2_n_0. Optimization improves timing on the net.
INFO: [Physopt 32-619] Estimated Timing Summary | WNS=-0.235 | TNS=-89.577 |
INFO: [Physopt 32-702] Processed net u_soc/Core_cpu/u_ifu_subsys/u_ibuf/ent_q_reg[5]_20[92]. Optimizations did not improve timing on the net.
INFO: [Physopt 32-710] Processed net u_soc/Core_cpu/u_ifu_subsys/u_ibuf/ent_q[5][92]_i_1_n_0. Critical path length was reduced through logic transformation on cell u_soc/Core_cpu/u_ifu_subsys/u_ibuf/ent_q[5][92]_i_1_comp.
INFO: [Physopt 32-735] Processed net u_soc/Core_cpu/u_ifu_subsys/u_ibuf/ent_q[5][92]_i_2_n_0. Optimization improves timing on the net.
INFO: [Physopt 32-619] Estimated Timing Summary | WNS=-0.235 | TNS=-89.372 |
INFO: [Physopt 32-702] Processed net u_soc/Core_cpu/u_ifu_subsys/u_ibuf/ent_q_reg[2]_23[92]. Optimizations did not improve timing on the net.
INFO: [Physopt 32-710] Processed net u_soc/Core_cpu/u_ifu_subsys/u_ibuf/ent_q[2][92]_i_1_n_0. Critical path length was reduced through logic transformation on cell u_soc/Core_cpu/u_ifu_subsys/u_ibuf/ent_q[2][92]_i_1_comp.
INFO: [Physopt 32-735] Processed net u_soc/Core_cpu/u_ifu_subsys/u_ibuf/ent_q[2][92]_i_2_n_0. Optimization improves timing on the net.
INFO: [Physopt 32-619] Estimated Timing Summary | WNS=-0.235 | TNS=-89.136 |
INFO: [Physopt 32-702] Processed net u_soc/Core_cpu/u_ifu_subsys/u_icache/u_dat_way0/u_prim/rd_q[104]. Optimizations did not improve timing on the net.
INFO: [Physopt 32-702] Processed net u_soc/Core_cpu/u_ifu_subsys/g_tage.u_tage/q_row_idx_reg[3]_5[1]. Optimizations did not improve timing on the net.
INFO: [Physopt 32-702] Processed net u_soc/Core_cpu/u_ifu_subsys/u_btb/reached_taken. Optimizations did not improve timing on the net.
INFO: [Physopt 32-702] Processed net u_soc/Core_cpu/u_ifu_subsys/u_ibuf/cnt_q_reg[4]_2[0]. Optimizations did not improve timing on the net.
INFO: [Physopt 32-702] Processed net u_soc/Core_cpu/u_ifu_subsys/u_icache/u_tag_way1/u_prim/push_num[0]. Optimizations did not improve timing on the net.
INFO: [Physopt 32-702] Processed net u_soc/Core_cpu/u_ifu_subsys/u_btb/any_taken. Optimizations did not improve timing on the net.
INFO: [Physopt 32-702] Processed net u_soc/Core_cpu/u_ifu_subsys/g_tage.u_tage/p_0_in11_in. Optimizations did not improve timing on the net.
INFO: [Physopt 32-702] Processed net u_soc/Core_cpu/u_ifu_subsys/g_tage.u_tage/dir_pred[1]. Optimizations did not improve timing on the net.
INFO: [Physopt 32-702] Processed net u_soc/Core_cpu/u_ifu_subsys/g_tage.u_tage/ent_q[6][150]_i_22_n_0. Optimizations did not improve timing on the net.
INFO: [Physopt 32-702] Processed net u_soc/Core_cpu/u_ifu_subsys/g_tage.u_tage/ent_q[6][150]_i_36_n_0. Optimizations did not improve timing on the net.
INFO: [Physopt 32-702] Processed net u_soc/Core_cpu/u_ifu_subsys/g_tage.u_tage/ent_q[6][150]_i_45_n_0. Optimizations did not improve timing on the net.
INFO: [Physopt 32-608] Optimized 1 net.  Swapped 19 pins.
INFO: [Physopt 32-735] Processed net u_soc/Core_cpu/u_ifu_subsys/g_tage.u_tage/ent_q[6][150]_i_63_n_0. Optimization improves timing on the net.
INFO: [Physopt 32-619] Estimated Timing Summary | WNS=-0.227 | TNS=-77.253 |
INFO: [Physopt 32-702] Processed net u_soc/Core_cpu/u_ifu_subsys/u_ibuf/ent_q_reg[1]_24[2]. Optimizations did not improve timing on the net.
INFO: [Physopt 32-702] Processed net u_soc/Core_cpu/u_ifu_biu_mem/u_rom/u_prim/out[98]. Optimizations did not improve timing on the net.
INFO: [Physopt 32-608] Optimized 1 net.  Swapped 19 pins.
INFO: [Physopt 32-735] Processed net u_soc/Core_cpu/u_ifu_subsys/u_ibuf/ent_q[1][2]_i_2_n_0. Optimization improves timing on the net.
INFO: [Physopt 32-619] Estimated Timing Summary | WNS=-0.226 | TNS=-77.238 |
INFO: [Physopt 32-702] Processed net u_soc/Core_cpu/u_ifu_subsys/u_ibuf/ent_q_reg[5]_20[2]. Optimizations did not improve timing on the net.
INFO: [Physopt 32-608] Optimized 1 net.  Swapped 16 pins.
INFO: [Physopt 32-735] Processed net u_soc/Core_cpu/u_ifu_subsys/u_ibuf/ent_q[5][2]_i_2_n_0. Optimization improves timing on the net.
INFO: [Physopt 32-619] Estimated Timing Summary | WNS=-0.224 | TNS=-77.205 |
INFO: [Physopt 32-702] Processed net u_soc/Core_cpu/u_ifu_subsys/g_tage.u_tage/q_row_tag_reg[3]_16[0]. Optimizations did not improve timing on the net.
INFO: [Physopt 32-702] Processed net u_soc/Core_cpu/u_ifu_subsys/g_tage.u_tage/q_row_idx_reg[1]_0[0]. Optimizations did not improve timing on the net.
INFO: [Physopt 32-608] Optimized 1 net.  Swapped 23 pins.
INFO: [Physopt 32-735] Processed net u_soc/Core_cpu/u_ifu_subsys/u_ibuf/D[7]. Optimization improves timing on the net.
INFO: [Physopt 32-619] Estimated Timing Summary | WNS=-0.220 | TNS=-77.181 |
INFO: [Physopt 32-702] Processed net u_soc/Core_cpu/u_ifu_subsys/g_tage.u_tage/u2_pv_data_reg_n_0_[0][21]. Optimizations did not improve timing on the net.
INFO: [Physopt 32-663] Processed net u_soc/Core_cpu/u_ifu_subsys/g_tage.u_tage/u1_row_idx_reg[3]_2[2].  Re-placed instance u_soc/Core_cpu/u_ifu_subsys/g_tage.u_tage/u1_row_idx_reg[3][2]
INFO: [Physopt 32-735] Processed net u_soc/Core_cpu/u_ifu_subsys/g_tage.u_tage/u1_row_idx_reg[3]_2[2]. Optimization improves timing on the net.
INFO: [Physopt 32-619] Estimated Timing Summary | WNS=-0.215 | TNS=-75.892 |
INFO: [Physopt 32-702] Processed net u_soc/Core_cpu/u_ifu_subsys/u_ibuf/ent_q_reg[4]_21[18]. Optimizations did not improve timing on the net.
INFO: [Physopt 32-702] Processed net u_soc/Core_cpu/u_ifu_biu_mem/u_rom/u_prim/out[18]. Optimizations did not improve timing on the net.
INFO: [Physopt 32-702] Processed net u_soc/Core_cpu/u_ifu_subsys/u_ibuf/ent_q[4][18]_i_2_n_0. Optimizations did not improve timing on the net.
INFO: [Physopt 32-702] Processed net u_soc/Core_cpu/u_ifu_subsys/u_ibuf/ent_q[6][18]_i_7_n_0. Optimizations did not improve timing on the net.
INFO: [Physopt 32-663] Processed net u_soc/Core_cpu/u_ifu_subsys/u_ibuf/p_0_in__0[18].  Re-placed instance u_soc/Core_cpu/u_ifu_subsys/u_ibuf/ent_q[6][18]_i_14
INFO: [Physopt 32-735] Processed net u_soc/Core_cpu/u_ifu_subsys/u_ibuf/p_0_in__0[18]. Optimization improves timing on the net.
INFO: [Physopt 32-619] Estimated Timing Summary | WNS=-0.214 | TNS=-75.458 |
INFO: [Physopt 32-702] Processed net u_soc/Core_cpu/u_ifu_subsys/g_tage.u_tage/u2_pv_data_reg_n_0_[1][10]. Optimizations did not improve timing on the net.
INFO: [Physopt 32-663] Processed net u_soc/Core_cpu/u_ifu_subsys/g_tage.u_tage/u1_row_idx_reg[2]_1[4].  Re-placed instance u_soc/Core_cpu/u_ifu_subsys/g_tage.u_tage/u1_row_idx_reg[2][4]
INFO: [Physopt 32-735] Processed net u_soc/Core_cpu/u_ifu_subsys/g_tage.u_tage/u1_row_idx_reg[2]_1[4]. Optimization improves timing on the net.
INFO: [Physopt 32-619] Estimated Timing Summary | WNS=-0.214 | TNS=-74.531 |
INFO: [Physopt 32-702] Processed net u_soc/Core_cpu/u_ifu_subsys/g_tage.u_tage/id_bht_chk[22]_i_33_n_0. Optimizations did not improve timing on the net.
INFO: [Physopt 32-608] Optimized 1 net.  Swapped 21 pins.
INFO: [Physopt 32-735] Processed net u_soc/Core_cpu/u_ifu_subsys/g_tage.u_tage/ent_q[6][150]_i_60_n_0. Optimization improves timing on the net.
INFO: [Physopt 32-619] Estimated Timing Summary | WNS=-0.212 | TNS=-70.594 |
INFO: [Physopt 32-702] Processed net u_soc/Core_cpu/u_ifu_subsys/u_ibuf/ent_q[1][2]_i_2_n_0. Optimizations did not improve timing on the net.
INFO: [Physopt 32-702] Processed net u_soc/Core_cpu/u_ifu_subsys/u_ibuf/ent_q[920]. Optimizations did not improve timing on the net.
INFO: [Physopt 32-702] Processed net u_soc/Core_cpu/u_ifu_subsys/u_ibuf/p_0_in__0[2]. Optimizations did not improve timing on the net.
INFO: [Physopt 32-663] Processed net u_soc/Core_cpu/u_ifu_subsys/u_icache/u_tag_way0/u_prim/ib_push0[2].  Re-placed instance u_soc/Core_cpu/u_ifu_subsys/u_icache/u_tag_way0/u_prim/id_inst[2]_i_2
INFO: [Physopt 32-735] Processed net u_soc/Core_cpu/u_ifu_subsys/u_icache/u_tag_way0/u_prim/ib_push0[2]. Optimization improves timing on the net.
INFO: [Physopt 32-619] Estimated Timing Summary | WNS=-0.207 | TNS=-70.166 |
INFO: [Physopt 32-702] Processed net u_soc/Core_cpu/u_ifu_subsys/g_tage.u_tage/q_row_idx_reg[1]_0[1]. Optimizations did not improve timing on the net.
INFO: [Physopt 32-608] Optimized 1 net.  Swapped 19 pins.
INFO: [Physopt 32-735] Processed net u_soc/Core_cpu/u_ifu_subsys/g_tage.u_tage/ent_q[6][150]_i_61_n_0. Optimization improves timing on the net.
INFO: [Physopt 32-619] Estimated Timing Summary | WNS=-0.206 | TNS=-65.807 |
INFO: [Physopt 32-663] Processed net u_soc/Core_cpu/u_ifu_subsys/g_tage.u_tage/u1_row_idx_reg[1]_3[1].  Re-placed instance u_soc/Core_cpu/u_ifu_subsys/g_tage.u_tage/u1_row_idx_reg[1][1]
INFO: [Physopt 32-735] Processed net u_soc/Core_cpu/u_ifu_subsys/g_tage.u_tage/u1_row_idx_reg[1]_3[1]. Optimization improves timing on the net.
INFO: [Physopt 32-619] Estimated Timing Summary | WNS=-0.202 | TNS=-63.965 |
INFO: [Physopt 32-702] Processed net u_soc/Core_cpu/u_ifu_subsys/g_tage.u_tage/q_row_idx_reg[3]_5[0]. Optimizations did not improve timing on the net.
INFO: [Physopt 32-702] Processed net u_soc/Core_cpu/u_ifu_subsys/u_icache/q_pc_q_reg[8]_0[5]. Optimizations did not improve timing on the net.
INFO: [Physopt 32-702] Processed net u_soc/Core_cpu/u_ifu_subsys/u_ibuf/S[1]. Optimizations did not improve timing on the net.
INFO: [Physopt 32-702] Processed net u_soc/Core_cpu/u_ifu_subsys/u_icache/u_tag_way1/u_prim/push_num[1]. Optimizations did not improve timing on the net.
INFO: [Physopt 32-702] Processed net u_soc/Core_cpu/u_ifu_subsys/u_btb/taken_slot[0]. Optimizations did not improve timing on the net.
INFO: [Physopt 32-702] Processed net u_soc/Core_cpu/u_ifu_subsys/u_btb/btb_t2. Optimizations did not improve timing on the net.
INFO: [Physopt 32-608] Optimized 1 net.  Swapped 22 pins.
INFO: [Physopt 32-735] Processed net u_soc/Core_cpu/u_ifu_subsys/g_tage.u_tage/init_done_q_reg_inv_1. Optimization improves timing on the net.
INFO: [Physopt 32-619] Estimated Timing Summary | WNS=-0.199 | TNS=-63.803 |
INFO: [Physopt 32-608] Optimized 1 net.  Swapped 18 pins.
INFO: [Physopt 32-735] Processed net u_soc/Core_cpu/u_ifu_subsys/g_tage.u_tage/ent_q[6][150]_i_62_n_0. Optimization improves timing on the net.
INFO: [Physopt 32-619] Estimated Timing Summary | WNS=-0.194 | TNS=-59.563 |
INFO: [Physopt 32-702] Processed net u_soc/Core_cpu/u_ifu_subsys/u_ibuf/ent_q_reg[5]_20[27]. Optimizations did not improve timing on the net.
INFO: [Physopt 32-702] Processed net u_soc/Core_cpu/u_ifu_biu_mem/u_rom/u_prim/out[59]. Optimizations did not improve timing on the net.
INFO: [Physopt 32-608] Optimized 1 net.  Swapped 19 pins.
INFO: [Physopt 32-735] Processed net u_soc/Core_cpu/u_ifu_subsys/u_ibuf/ent_q[5][27]_i_2_n_0. Optimization improves timing on the net.
INFO: [Physopt 32-619] Estimated Timing Summary | WNS=-0.191 | TNS=-59.517 |
INFO: [Physopt 32-608] Optimized 1 net.  Swapped 19 pins.
INFO: [Physopt 32-735] Processed net u_soc/Core_cpu/u_ifu_subsys/g_tage.u_tage/ent_q[6][150]_i_63_n_0. Optimization improves timing on the net.
INFO: [Physopt 32-619] Estimated Timing Summary | WNS=-0.186 | TNS=-51.759 |
INFO: [Physopt 32-702] Processed net u_soc/Core_cpu/u_ifu_subsys/u_ibuf/ent_q_reg[1]_24[27]. Optimizations did not improve timing on the net.
INFO: [Physopt 32-608] Optimized 1 net.  Swapped 19 pins.
INFO: [Physopt 32-735] Processed net u_soc/Core_cpu/u_ifu_subsys/u_ibuf/ent_q[1][27]_i_2_n_0. Optimization improves timing on the net.
INFO: [Physopt 32-619] Estimated Timing Summary | WNS=-0.186 | TNS=-51.721 |
INFO: [Physopt 32-702] Processed net u_soc/Core_cpu/u_ifu_subsys/g_tage.u_tage/q_row_idx_reg[2]_4[0]. Optimizations did not improve timing on the net.
INFO: [Physopt 32-702] Processed net u_soc/Core_cpu/u_ifu_subsys/u_btb/btb_t1. Optimizations did not improve timing on the net.
INFO: [Physopt 32-702] Processed net u_soc/Core_cpu/u_ifu_subsys/g_tage.u_tage/init_done_q_reg_inv_0. Optimizations did not improve timing on the net.
INFO: [Physopt 32-702] Processed net u_soc/Core_cpu/u_ifu_subsys/g_tage.u_tage/id_bht_chk[22]_i_8_n_0. Optimizations did not improve timing on the net.
INFO: [Physopt 32-663] Processed net u_soc/Core_cpu/u_ifu_subsys/g_tage.u_tage/id_bht_chk[22]_i_16_n_0.  Re-placed instance u_soc/Core_cpu/u_ifu_subsys/g_tage.u_tage/id_bht_chk[22]_i_16
INFO: [Physopt 32-735] Processed net u_soc/Core_cpu/u_ifu_subsys/g_tage.u_tage/id_bht_chk[22]_i_16_n_0. Optimization improves timing on the net.
INFO: [Physopt 32-619] Estimated Timing Summary | WNS=-0.182 | TNS=-51.619 |
INFO: [Physopt 32-702] Processed net u_soc/Core_cpu/u_ifu_subsys/u_ibuf/ent_q_reg[2]_23[23]. Optimizations did not improve timing on the net.
INFO: [Physopt 32-702] Processed net u_soc/Core_cpu/u_ifu_biu_mem/u_rom/u_prim/out[55]. Optimizations did not improve timing on the net.
INFO: [Physopt 32-702] Processed net u_soc/Core_cpu/u_ifu_subsys/u_ibuf/ent_q[2][23]_i_2_n_0. Optimizations did not improve timing on the net.
INFO: [Physopt 32-702] Processed net u_soc/Core_cpu/u_ifu_subsys/u_ibuf/ent_q[788]. Optimizations did not improve timing on the net.
INFO: [Physopt 32-702] Processed net u_soc/Core_cpu/u_ifu_subsys/u_ibuf/p_0_in__0[23]. Optimizations did not improve timing on the net.
INFO: [Physopt 32-702] Processed net u_soc/Core_cpu/u_ifu_subsys/u_icache/u_tag_way0/u_prim/ib_push0[23]. Optimizations did not improve timing on the net.
INFO: [Physopt 32-702] Processed net u_soc/Core_cpu/u_ifu_subsys/u_icache/u_tag_way0/u_prim/inst[23]. Optimizations did not improve timing on the net.
INFO: [Physopt 32-663] Processed net u_soc/Core_cpu/u_ifu_subsys/u_icache/u_tag_way0/u_prim/id_inst[23]_i_8_n_0.  Re-placed instance u_soc/Core_cpu/u_ifu_subsys/u_icache/u_tag_way0/u_prim/id_inst[23]_i_8
INFO: [Physopt 32-735] Processed net u_soc/Core_cpu/u_ifu_subsys/u_icache/u_tag_way0/u_prim/id_inst[23]_i_8_n_0. Optimization improves timing on the net.
INFO: [Physopt 32-619] Estimated Timing Summary | WNS=-0.182 | TNS=-51.289 |
INFO: [Physopt 32-608] Optimized 1 net.  Swapped 15 pins.
INFO: [Physopt 32-735] Processed net u_soc/Core_cpu/u_ifu_subsys/g_tage.u_tage/id_bht_chk[22]_i_16_n_0. Optimization improves timing on the net.
INFO: [Physopt 32-619] Estimated Timing Summary | WNS=-0.181 | TNS=-51.240 |
INFO: [Physopt 32-702] Processed net u_soc/Core_cpu/u_ifu_subsys/u_ibuf/ent_q_reg[0]_25[27]. Optimizations did not improve timing on the net.
INFO: [Physopt 32-702] Processed net u_soc/Core_cpu/u_ifu_subsys/u_ibuf/ent_q[0][27]_i_2_n_0. Optimizations did not improve timing on the net.
INFO: [Physopt 32-702] Processed net u_soc/Core_cpu/u_ifu_subsys/u_ibuf/ent_q[1098]. Optimizations did not improve timing on the net.
INFO: [Physopt 32-608] Optimized 1 net.  Swapped 20 pins.
INFO: [Physopt 32-735] Processed net u_soc/Core_cpu/u_ifu_subsys/u_ibuf/p_0_in__0[27]. Optimization improves timing on the net.
INFO: [Physopt 32-619] Estimated Timing Summary | WNS=-0.180 | TNS=-50.645 |
INFO: [Physopt 32-702] Processed net u_soc/Core_cpu/u_ifu_subsys/u_ibuf/ent_q_reg[0]_25[13]. Optimizations did not improve timing on the net.
INFO: [Physopt 32-702] Processed net u_soc/Core_cpu/u_ifu_biu_mem/u_rom/u_prim/out[109]. Optimizations did not improve timing on the net.
INFO: [Physopt 32-608] Optimized 1 net.  Swapped 19 pins.
INFO: [Physopt 32-735] Processed net u_soc/Core_cpu/u_ifu_subsys/u_ibuf/ent_q[0][13]_i_2_n_0. Optimization improves timing on the net.
INFO: [Physopt 32-619] Estimated Timing Summary | WNS=-0.179 | TNS=-50.613 |
INFO: [Physopt 32-702] Processed net u_soc/Core_cpu/u_ifu_subsys/g_tage.u_tage/init_done_q_reg_inv_1. Optimizations did not improve timing on the net.
INFO: [Physopt 32-702] Processed net u_soc/Core_cpu/u_ifu_subsys/g_tage.u_tage/ent_q[6][150]_i_26_n_0. Optimizations did not improve timing on the net.
INFO: [Physopt 32-608] Optimized 1 net.  Swapped 22 pins.
INFO: [Physopt 32-735] Processed net u_soc/Core_cpu/u_ifu_subsys/g_tage.u_tage/ent_q[6][150]_i_48_n_0. Optimization improves timing on the net.
INFO: [Physopt 32-619] Estimated Timing Summary | WNS=-0.174 | TNS=-50.502 |
INFO: [Physopt 32-702] Processed net u_soc/Core_cpu/u_ifu_subsys/g_tage.u_tage/ent_q[6][150]_i_60_n_0. Optimizations did not improve timing on the net.
INFO: [Physopt 32-702] Processed net u_soc/Core_cpu/u_ifu_subsys/u_btb/next_pc[3]. Optimizations did not improve timing on the net.
INFO: [Physopt 32-702] Processed net u_soc/Core_cpu/u_ifu_subsys/g_tage.u_tage/g_tab[1].tg_p_reg_r1_0_63_3_5/DOC. Optimizations did not improve timing on the net.
INFO: [Physopt 32-702] Processed net clk_IBUF. Optimizations did not improve timing on the net.
INFO: [Physopt 32-702] Processed net clk. Optimizations did not improve timing on the net.
INFO: [Physopt 32-619] Estimated Timing Summary | WNS=-0.174 | TNS=-50.502 |
Netlist sorting complete. Time (s): cpu = 00:00:00.03 ; elapsed = 00:00:00.03 . Memory (MB): peak = 3177.480 ; gain = 0.000 ; free physical = 59564 ; free virtual = 940893
Phase 3 Critical Path Optimization | Checksum: 1f9b5342d

Time (s): cpu = 00:00:26 ; elapsed = 00:00:09 . Memory (MB): peak = 3177.480 ; gain = 0.000 ; free physical = 59566 ; free virtual = 940895

Phase 4 Critical Path Optimization
INFO: [Physopt 32-619] Estimated Timing Summary | WNS=-0.174 | TNS=-50.502 |
INFO: [Physopt 32-702] Processed net u_soc/Core_cpu/u_ifu_subsys/u_icache/u_dat_way0/u_prim/rd_q[104]. Optimizations did not improve timing on the net.
INFO: [Physopt 32-702] Processed net u_soc/Core_cpu/u_ifu_subsys/g_tage.u_tage/q_row_idx_reg[1]_0[0]. Optimizations did not improve timing on the net.
INFO: [Physopt 32-702] Processed net u_soc/Core_cpu/u_ifu_subsys/u_btb/reached_taken. Optimizations did not improve timing on the net.
INFO: [Physopt 32-702] Processed net u_soc/Core_cpu/u_ifu_subsys/u_ibuf/cnt_q_reg[4]_2[0]. Optimizations did not improve timing on the net.
INFO: [Physopt 32-702] Processed net u_soc/Core_cpu/u_ifu_subsys/u_icache/u_tag_way1/u_prim/push_num[0]. Optimizations did not improve timing on the net.
INFO: [Physopt 32-608] Optimized 1 net.  Swapped 20 pins.
INFO: [Physopt 32-735] Processed net u_soc/Core_cpu/u_ifu_subsys/u_btb/any_taken. Optimization improves timing on the net.
INFO: [Physopt 32-619] Estimated Timing Summary | WNS=-0.173 | TNS=-41.878 |
INFO: [Physopt 32-702] Processed net u_soc/Core_cpu/u_ifu_subsys/u_ibuf/ent_q_reg[5]_20[0]. Optimizations did not improve timing on the net.
INFO: [Physopt 32-614] Property 'READ_WIDTH_B' on BRAM cell 'u_soc/Core_cpu/u_ifu_biu_mem/u_rom/u_prim/rd_q_reg_10' Port 'B' is 0. Skip BRAM Register Optimization on the port
INFO: [Physopt 32-614] Property 'READ_WIDTH_B' on BRAM cell 'u_soc/Core_cpu/u_ifu_biu_mem/u_rom/u_prim/rd_q_reg_10' Port 'B' is 0. Skip BRAM Register Optimization on the port
INFO: [Physopt 32-702] Processed net u_soc/Core_cpu/u_ifu_biu_mem/u_rom/u_prim/out[96]. Optimizations did not improve timing on the net.
INFO: [Physopt 32-702] Processed net u_soc/Core_cpu/u_ifu_subsys/u_ibuf/ent_q[5][0]_i_2_n_0. Optimizations did not improve timing on the net.
INFO: [Physopt 32-702] Processed net u_soc/Core_cpu/u_ifu_subsys/u_ibuf/ent_q[306]. Optimizations did not improve timing on the net.
INFO: [Physopt 32-710] Processed net u_soc/Core_cpu/u_ifu_subsys/u_ibuf/ent_q[306]. Critical path length was reduced through logic transformation on cell u_soc/Core_cpu/u_ifu_subsys/u_ibuf/ent_q[5][0]_i_3_comp.
INFO: [Physopt 32-735] Processed net u_soc/Core_cpu/u_ifu_subsys/u_ibuf/p_0_in__0[0]. Optimization improves timing on the net.
INFO: [Physopt 32-619] Estimated Timing Summary | WNS=-0.172 | TNS=-41.892 |
INFO: [Physopt 32-702] Processed net u_soc/Core_cpu/u_ifu_subsys/u_ibuf/ent_q_reg[0]_25[24]. Optimizations did not improve timing on the net.
INFO: [Physopt 32-614] Property 'READ_WIDTH_B' on BRAM cell 'u_soc/Core_cpu/u_ifu_biu_mem/u_rom/u_prim/rd_q_reg_6' Port 'B' is 0. Skip BRAM Register Optimization on the port
INFO: [Physopt 32-614] Property 'READ_WIDTH_B' on BRAM cell 'u_soc/Core_cpu/u_ifu_biu_mem/u_rom/u_prim/rd_q_reg_6' Port 'B' is 0. Skip BRAM Register Optimization on the port
INFO: [Physopt 32-702] Processed net u_soc/Core_cpu/u_ifu_biu_mem/u_rom/u_prim/out[56]. Optimizations did not improve timing on the net.
INFO: [Physopt 32-663] Processed net u_soc/Core_cpu/u_ifu_subsys/u_ibuf/ent_q[0][24]_i_2_n_0.  Re-placed instance u_soc/Core_cpu/u_ifu_subsys/u_ibuf/ent_q[0][24]_i_2
INFO: [Physopt 32-735] Processed net u_soc/Core_cpu/u_ifu_subsys/u_ibuf/ent_q[0][24]_i_2_n_0. Optimization improves timing on the net.
INFO: [Physopt 32-619] Estimated Timing Summary | WNS=-0.172 | TNS=-41.889 |
INFO: [Physopt 32-702] Processed net u_soc/Core_cpu/u_ifu_subsys/u_icache/q_pc_q_reg[8]_0[5]. Optimizations did not improve timing on the net.
INFO: [Physopt 32-702] Processed net u_soc/Core_cpu/u_ifu_subsys/u_icache/u_tag_way0/u_prim/CO[0]. Optimizations did not improve timing on the net.
INFO: [Physopt 32-702] Processed net u_soc/Core_cpu/u_ifu_subsys/u_ibuf/S[1]. Optimizations did not improve timing on the net.
INFO: [Physopt 32-702] Processed net u_soc/Core_cpu/u_ifu_subsys/u_icache/u_tag_way1/u_prim/push_num[1]. Optimizations did not improve timing on the net.
INFO: [Physopt 32-702] Processed net u_soc/Core_cpu/u_ifu_subsys/u_btb/taken_slot[0]. Optimizations did not improve timing on the net.
INFO: [Physopt 32-710] Processed net u_soc/Core_cpu/u_ifu_subsys/u_btb/taken_slot[0]. Critical path length was reduced through logic transformation on cell u_soc/Core_cpu/u_ifu_subsys/u_btb/cnt_q[0]_i_7_comp.
INFO: [Physopt 32-735] Processed net u_soc/Core_cpu/u_ifu_subsys/u_btb/btb_t1. Optimization improves timing on the net.
INFO: [Physopt 32-619] Estimated Timing Summary | WNS=-0.171 | TNS=-41.588 |
INFO: [Physopt 32-702] Processed net u_soc/Core_cpu/u_ifu_subsys/u_btb/btb_t0. Optimizations did not improve timing on the net.
INFO: [Physopt 32-702] Processed net u_soc/Core_cpu/u_ifu_subsys/g_tage.u_tage/dir_pred[0]. Optimizations did not improve timing on the net.
INFO: [Physopt 32-608] Optimized 1 net.  Swapped 24 pins.
INFO: [Physopt 32-735] Processed net u_soc/Core_cpu/u_ifu_subsys/g_tage.u_tage/id_bht_chk[22]_i_12_n_0. Optimization improves timing on the net.
INFO: [Physopt 32-619] Estimated Timing Summary | WNS=-0.169 | TNS=-32.352 |
INFO: [Physopt 32-710] Processed net u_soc/Core_cpu/u_ifu_subsys/u_ibuf/ent_q[0][24]_i_1_n_0. Critical path length was reduced through logic transformation on cell u_soc/Core_cpu/u_ifu_subsys/u_ibuf/ent_q[0][24]_i_1_comp.
INFO: [Physopt 32-735] Processed net u_soc/Core_cpu/u_ifu_subsys/u_ibuf/ent_q[0][24]_i_2_n_0. Optimization improves timing on the net.
INFO: [Physopt 32-619] Estimated Timing Summary | WNS=-0.167 | TNS=-32.233 |
INFO: [Physopt 32-702] Processed net u_soc/Core_cpu/u_ifu_subsys/u_ibuf/ent_q_reg[2]_23[24]. Optimizations did not improve timing on the net.
INFO: [Physopt 32-710] Processed net u_soc/Core_cpu/u_ifu_subsys/u_ibuf/ent_q[2][24]_i_1_n_0. Critical path length was reduced through logic transformation on cell u_soc/Core_cpu/u_ifu_subsys/u_ibuf/ent_q[2][24]_i_1_comp.
INFO: [Physopt 32-735] Processed net u_soc/Core_cpu/u_ifu_subsys/u_ibuf/ent_q[2][24]_i_2_n_0. Optimization improves timing on the net.
INFO: [Physopt 32-619] Estimated Timing Summary | WNS=-0.167 | TNS=-32.229 |
INFO: [Physopt 32-710] Processed net u_soc/Core_cpu/u_ifu_subsys/u_icache/u_tag_way1/u_prim/push_num[0]. Critical path length was reduced through logic transformation on cell u_soc/Core_cpu/u_ifu_subsys/u_icache/u_tag_way1/u_prim/cnt_q[0]_i_2_comp.
INFO: [Physopt 32-735] Processed net u_soc/Core_cpu/u_ifu_subsys/u_btb/taken_slot[1]. Optimization improves timing on the net.
INFO: [Physopt 32-619] Estimated Timing Summary | WNS=-0.166 | TNS=-32.404 |
INFO: [Physopt 32-702] Processed net u_soc/Core_cpu/u_ifu_subsys/g_tage.u_tage/u2_pv_data_reg_n_0_[1][10]. Optimizations did not improve timing on the net.
INFO: [Physopt 32-81] Processed net u_soc/Core_cpu/u_ifu_subsys/g_tage.u_tage/u1_row_idx_reg[1]_3[0]. Replicated 2 times.
INFO: [Physopt 32-735] Processed net u_soc/Core_cpu/u_ifu_subsys/g_tage.u_tage/u1_row_idx_reg[1]_3[0]. Optimization improves timing on the net.
INFO: [Physopt 32-619] Estimated Timing Summary | WNS=-0.165 | TNS=-31.772 |
INFO: [Physopt 32-702] Processed net u_soc/Core_cpu/u_ifu_subsys/g_tage.u_tage/q_row_idx_reg[3]_5[2]. Optimizations did not improve timing on the net.
INFO: [Physopt 32-702] Processed net u_soc/Core_cpu/u_ifu_subsys/u_btb/taken_slot[1]_repN_1. Optimizations did not improve timing on the net.
INFO: [Physopt 32-702] Processed net u_soc/Core_cpu/u_ifu_subsys/g_tage.u_tage/id_bht_chk[22]_i_12_n_0. Optimizations did not improve timing on the net.
INFO: [Physopt 32-663] Processed net u_soc/Core_cpu/u_ifu_subsys/g_tage.u_tage/id_bht_chk[22]_i_26_n_0.  Re-placed instance u_soc/Core_cpu/u_ifu_subsys/g_tage.u_tage/id_bht_chk[22]_i_26
INFO: [Physopt 32-735] Processed net u_soc/Core_cpu/u_ifu_subsys/g_tage.u_tage/id_bht_chk[22]_i_26_n_0. Optimization improves timing on the net.
INFO: [Physopt 32-619] Estimated Timing Summary | WNS=-0.163 | TNS=-31.566 |
INFO: [Physopt 32-702] Processed net u_soc/Core_cpu/u_ifu_subsys/u_ibuf/ent_q_reg[5]_20[0]. Optimizations did not improve timing on the net.
INFO: [Physopt 32-702] Processed net u_soc/Core_cpu/u_ifu_biu_mem/u_rom/u_prim/out[96]. Optimizations did not improve timing on the net.
INFO: [Physopt 32-702] Processed net u_soc/Core_cpu/u_ifu_subsys/u_ibuf/ent_q[5][0]_i_2_n_0. Optimizations did not improve timing on the net.
INFO: [Physopt 32-702] Processed net u_soc/Core_cpu/u_ifu_subsys/u_ibuf/ent_q[6][0]_i_7_n_0. Optimizations did not improve timing on the net.
INFO: [Physopt 32-702] Processed net u_soc/Core_cpu/u_ifu_subsys/u_ibuf/p_0_in__0[0]. Optimizations did not improve timing on the net.
INFO: [Physopt 32-663] Processed net u_soc/Core_cpu/u_ifu_subsys/u_icache/u_tag_way0/u_prim/ib_push0[0].  Re-placed instance u_soc/Core_cpu/u_ifu_subsys/u_icache/u_tag_way0/u_prim/id_inst[0]_i_2
INFO: [Physopt 32-735] Processed net u_soc/Core_cpu/u_ifu_subsys/u_icache/u_tag_way0/u_prim/ib_push0[0]. Optimization improves timing on the net.
INFO: [Physopt 32-619] Estimated Timing Summary | WNS=-0.163 | TNS=-30.945 |
INFO: [Physopt 32-702] Processed net u_soc/Core_cpu/u_ifu_subsys/u_ibuf/ent_q_reg[2]_23[24]. Optimizations did not improve timing on the net.
INFO: [Physopt 32-702] Processed net u_soc/Core_cpu/u_ifu_biu_mem/u_rom/u_prim/out[56]. Optimizations did not improve timing on the net.
INFO: [Physopt 32-702] Processed net u_soc/Core_cpu/u_ifu_subsys/u_ibuf/ent_q[2][24]_i_2_n_0_repN. Optimizations did not improve timing on the net.
INFO: [Physopt 32-702] Processed net u_soc/Core_cpu/u_ifu_subsys/u_ibuf/ent_q[6][24]_i_7_n_0. Optimizations did not improve timing on the net.
INFO: [Physopt 32-702] Processed net u_soc/Core_cpu/u_ifu_subsys/u_ibuf/p_0_in__0[24]. Optimizations did not improve timing on the net.
INFO: [Physopt 32-663] Processed net u_soc/Core_cpu/u_ifu_subsys/u_icache/u_tag_way0/u_prim/ib_push0[24].  Re-placed instance u_soc/Core_cpu/u_ifu_subsys/u_icache/u_tag_way0/u_prim/id_inst[24]_i_2
INFO: [Physopt 32-735] Processed net u_soc/Core_cpu/u_ifu_subsys/u_icache/u_tag_way0/u_prim/ib_push0[24]. Optimization improves timing on the net.
INFO: [Physopt 32-619] Estimated Timing Summary | WNS=-0.159 | TNS=-30.574 |
INFO: [Physopt 32-702] Processed net u_soc/Core_cpu/u_ifu_subsys/g_tage.u_tage/u2_pv_data_reg_n_0_[0][9]. Optimizations did not improve timing on the net.
INFO: [Physopt 32-663] Processed net u_soc/Core_cpu/u_ifu_subsys/g_tage.u_tage/u2_pv_addr_reg[3]_11[1].  Re-placed instance u_soc/Core_cpu/u_ifu_subsys/g_tage.u_tage/u2_pv_addr_reg[3][1]
INFO: [Physopt 32-735] Processed net u_soc/Core_cpu/u_ifu_subsys/g_tage.u_tage/u2_pv_addr_reg[3]_11[1]. Optimization improves timing on the net.
INFO: [Physopt 32-619] Estimated Timing Summary | WNS=-0.158 | TNS=-30.519 |
INFO: [Physopt 32-702] Processed net u_soc/Core_cpu/u_ifu_subsys/u_ibuf/ent_q_reg[0]_25[3]. Optimizations did not improve timing on the net.
INFO: [Physopt 32-702] Processed net u_soc/Core_cpu/u_ifu_biu_mem/u_rom/u_prim/out[99]. Optimizations did not improve timing on the net.
INFO: [Physopt 32-702] Processed net u_soc/Core_cpu/u_ifu_subsys/u_ibuf/ent_q[0][3]_i_2_n_0. Optimizations did not improve timing on the net.
INFO: [Physopt 32-663] Processed net u_soc/Core_cpu/u_ifu_subsys/u_ibuf/ent_q[1074].  Re-placed instance u_soc/Core_cpu/u_ifu_subsys/u_ibuf/ent_q[0][3]_i_3
INFO: [Physopt 32-735] Processed net u_soc/Core_cpu/u_ifu_subsys/u_ibuf/ent_q[1074]. Optimization improves timing on the net.
INFO: [Physopt 32-619] Estimated Timing Summary | WNS=-0.158 | TNS=-30.517 |
INFO: [Physopt 32-702] Processed net u_soc/Core_cpu/u_ifu_subsys/u_ibuf/ent_q_reg[1]_24[13]. Optimizations did not improve timing on the net.
INFO: [Physopt 32-702] Processed net u_soc/Core_cpu/u_ifu_biu_mem/u_rom/u_prim/out[109]. Optimizations did not improve timing on the net.
INFO: [Physopt 32-702] Processed net u_soc/Core_cpu/u_ifu_subsys/u_ibuf/ent_q[1][13]_i_2_n_0. Optimizations did not improve timing on the net.
INFO: [Physopt 32-702] Processed net u_soc/Core_cpu/u_ifu_subsys/u_ibuf/ent_q[6][13]_i_7_n_0. Optimizations did not improve timing on the net.
INFO: [Physopt 32-702] Processed net u_soc/Core_cpu/u_ifu_subsys/u_ibuf/p_0_in__0[13]. Optimizations did not improve timing on the net.
INFO: [Physopt 32-663] Processed net u_soc/Core_cpu/u_ifu_subsys/u_icache/u_tag_way0/u_prim/ib_push0[13].  Re-placed instance u_soc/Core_cpu/u_ifu_subsys/u_icache/u_tag_way0/u_prim/id_inst[13]_i_2
INFO: [Physopt 32-735] Processed net u_soc/Core_cpu/u_ifu_subsys/u_icache/u_tag_way0/u_prim/ib_push0[13]. Optimization improves timing on the net.
INFO: [Physopt 32-619] Estimated Timing Summary | WNS=-0.157 | TNS=-30.186 |
INFO: [Physopt 32-702] Processed net u_soc/Core_cpu/u_ifu_subsys/u_icache/u_dat_way0/u_prim/rd_q[104]. Optimizations did not improve timing on the net.
INFO: [Physopt 32-702] Processed net u_soc/Core_cpu/u_ifu_subsys/g_tage.u_tage/q_row_idx_reg[1]_0[1]. Optimizations did not improve timing on the net.
INFO: [Physopt 32-702] Processed net u_soc/Core_cpu/u_ifu_subsys/u_btb/reached_taken. Optimizations did not improve timing on the net.
INFO: [Physopt 32-702] Processed net u_soc/Core_cpu/u_ifu_subsys/u_ibuf/cnt_q_reg[4]_2[0]. Optimizations did not improve timing on the net.
INFO: [Physopt 32-702] Processed net u_soc/Core_cpu/u_ifu_subsys/u_icache/u_tag_way1/u_prim/push_num[0]. Optimizations did not improve timing on the net.
INFO: [Physopt 32-702] Processed net u_soc/Core_cpu/u_ifu_subsys/u_btb/taken_slot[1]_repN_1. Optimizations did not improve timing on the net.
INFO: [Physopt 32-702] Processed net u_soc/Core_cpu/u_ifu_subsys/u_btb/btb_t0. Optimizations did not improve timing on the net.
INFO: [Physopt 32-702] Processed net u_soc/Core_cpu/u_ifu_subsys/g_tage.u_tage/dir_pred[0]. Optimizations did not improve timing on the net.
INFO: [Physopt 32-702] Processed net u_soc/Core_cpu/u_ifu_subsys/g_tage.u_tage/id_bht_chk[22]_i_14_n_0. Optimizations did not improve timing on the net.
INFO: [Physopt 32-663] Processed net u_soc/Core_cpu/u_ifu_subsys/g_tage.u_tage/id_bht_chk[22]_i_29_n_0.  Re-placed instance u_soc/Core_cpu/u_ifu_subsys/g_tage.u_tage/id_bht_chk[22]_i_29
INFO: [Physopt 32-735] Processed net u_soc/Core_cpu/u_ifu_subsys/g_tage.u_tage/id_bht_chk[22]_i_29_n_0. Optimization improves timing on the net.
INFO: [Physopt 32-619] Estimated Timing Summary | WNS=-0.156 | TNS=-30.045 |
INFO: [Physopt 32-702] Processed net u_soc/Core_cpu/u_ifu_subsys/u_ibuf/ent_q[6][3]_i_7_n_0. Optimizations did not improve timing on the net.
INFO: [Physopt 32-702] Processed net u_soc/Core_cpu/u_ifu_subsys/u_ibuf/p_0_in__0[3]. Optimizations did not improve timing on the net.
INFO: [Physopt 32-663] Processed net u_soc/Core_cpu/u_ifu_subsys/u_icache/u_tag_way0/u_prim/ib_push0[3].  Re-placed instance u_soc/Core_cpu/u_ifu_subsys/u_icache/u_tag_way0/u_prim/id_inst[3]_i_2
INFO: [Physopt 32-735] Processed net u_soc/Core_cpu/u_ifu_subsys/u_icache/u_tag_way0/u_prim/ib_push0[3]. Optimization improves timing on the net.
INFO: [Physopt 32-619] Estimated Timing Summary | WNS=-0.152 | TNS=-29.632 |
INFO: [Physopt 32-702] Processed net u_soc/Core_cpu/u_ifu_subsys/g_tage.u_tage/u2_pv_data_reg_n_0_[1][10]. Optimizations did not improve timing on the net.
INFO: [Physopt 32-663] Processed net u_soc/Core_cpu/u_ifu_subsys/g_tage.u_tage/u2_pv_addr_reg_n_0_[1][4].  Re-placed instance u_soc/Core_cpu/u_ifu_subsys/g_tage.u_tage/u2_pv_addr_reg[1][4]
INFO: [Physopt 32-735] Processed net u_soc/Core_cpu/u_ifu_subsys/g_tage.u_tage/u2_pv_addr_reg_n_0_[1][4]. Optimization improves timing on the net.
INFO: [Physopt 32-619] Estimated Timing Summary | WNS=-0.152 | TNS=-29.160 |
INFO: [Physopt 32-702] Processed net u_soc/Core_cpu/u_ifu_subsys/g_tage.u_tage/q_row_idx_reg[1]_0[0]. Optimizations did not improve timing on the net.
INFO: [Physopt 32-702] Processed net u_soc/Core_cpu/u_ifu_subsys/g_tage.u_tage/id_bht_chk[22]_i_12_n_0. Optimizations did not improve timing on the net.
INFO: [Physopt 32-608] Optimized 1 net.  Swapped 19 pins.
INFO: [Physopt 32-735] Processed net u_soc/Core_cpu/u_ifu_subsys/g_tage.u_tage/id_bht_chk[22]_i_25_n_0. Optimization improves timing on the net.
INFO: [Physopt 32-619] Estimated Timing Summary | WNS=-0.151 | TNS=-29.114 |
INFO: [Physopt 32-702] Processed net u_soc/Core_cpu/u_ifu_subsys/g_tage.u_tage/u2_pv_data_reg_n_0_[0][21]. Optimizations did not improve timing on the net.
INFO: [Physopt 32-663] Processed net u_soc/Core_cpu/u_ifu_subsys/g_tage.u_tage/u1_row_idx_reg[2]_1[1].  Re-placed instance u_soc/Core_cpu/u_ifu_subsys/g_tage.u_tage/u1_row_idx_reg[2][1]
INFO: [Physopt 32-735] Processed net u_soc/Core_cpu/u_ifu_subsys/g_tage.u_tage/u1_row_idx_reg[2]_1[1]. Optimization improves timing on the net.
INFO: [Physopt 32-619] Estimated Timing Summary | WNS=-0.151 | TNS=-28.727 |
INFO: [Physopt 32-619] Estimated Timing Summary | WNS=-0.151 | TNS=-28.727 |
Netlist sorting complete. Time (s): cpu = 00:00:00.03 ; elapsed = 00:00:00.03 . Memory (MB): peak = 3177.480 ; gain = 0.000 ; free physical = 61483 ; free virtual = 942820
Phase 4 Critical Path Optimization | Checksum: 17f400cab

Time (s): cpu = 00:00:52 ; elapsed = 00:00:18 . Memory (MB): peak = 3177.480 ; gain = 0.000 ; free physical = 61483 ; free virtual = 942820
Netlist sorting complete. Time (s): cpu = 00:00:00.01 ; elapsed = 00:00:00 . Memory (MB): peak = 3177.480 ; gain = 0.000 ; free physical = 61483 ; free virtual = 942820
INFO: [Physopt 32-603] Post Physical Optimization Timing Summary | WNS=-0.151 | TNS=-28.727 |

Summary of Physical Synthesis Optimizations
============================================


-------------------------------------------------------------------------------------------------------------------------------------------------------------
|  Optimization   |  WNS Gain (ns)  |  TNS Gain (ns)  |  Added Cells  |  Removed Cells  |  Optimized Cells/Nets  |  Dont Touch  |  Iterations  |  Elapsed   |
-------------------------------------------------------------------------------------------------------------------------------------------------------------
|  DSP Register   |          0.000  |          0.000  |            0  |              0  |                     0  |           0  |           1  |  00:00:00  |
|  Critical Path  |          0.128  |         60.410  |            2  |              0  |                    53  |           0  |           2  |  00:00:16  |
|  Total          |          0.128  |         60.410  |            2  |              0  |                    53  |           0  |           3  |  00:00:16  |
-------------------------------------------------------------------------------------------------------------------------------------------------------------


Netlist sorting complete. Time (s): cpu = 00:00:00.01 ; elapsed = 00:00:00.01 . Memory (MB): peak = 3177.480 ; gain = 0.000 ; free physical = 61483 ; free virtual = 942820
Ending Physical Synthesis Task | Checksum: 1389f4dc1

Time (s): cpu = 00:00:53 ; elapsed = 00:00:18 . Memory (MB): peak = 3177.480 ; gain = 0.000 ; free physical = 61485 ; free virtual = 942821
INFO: [Common 17-83] Releasing license: Implementation
307 Infos, 0 Warnings, 0 Critical Warnings and 0 Errors encountered.
phys_opt_design completed successfully
phys_opt_design: Time (s): cpu = 00:00:57 ; elapsed = 00:00:19 . Memory (MB): peak = 3177.480 ; gain = 0.012 ; free physical = 61485 ; free virtual = 942821
# route_design
Command: route_design
Attempting to get a license for feature 'Implementation' and/or device 'xc7k325t'
INFO: [Common 17-349] Got license for feature 'Implementation' and/or device 'xc7k325t'
INFO: [DRC 23-27] Running DRC with 8 threads
INFO: [Vivado_Tcl 4-198] DRC finished with 0 Errors
INFO: [Vivado_Tcl 4-199] Please refer to the DRC report (report_drc) for more information.
Running DRC as a precondition to command route_design
INFO: [DRC 23-27] Running DRC with 8 threads
INFO: [Vivado_Tcl 4-198] DRC finished with 0 Errors
INFO: [Vivado_Tcl 4-199] Please refer to the DRC report (report_drc) for more information.


Starting Routing Task
INFO: [Route 35-254] Multithreading enabled for route_design using a maximum of 8 CPUs

Phase 1 Build RT Design
Checksum: PlaceDB: d28b7724 ConstDB: 0 ShapeSum: 2aeea4c6 RouteDB: 0
Post Restoration Checksum: NetGraph: acc454d6 | NumContArr: aa3b97a2 | Constraints: c2a8fa9d | Timing: c2a8fa9d
Phase 1 Build RT Design | Checksum: 2dc51e1b2

Time (s): cpu = 00:00:34 ; elapsed = 00:00:20 . Memory (MB): peak = 3515.117 ; gain = 178.906 ; free physical = 60859 ; free virtual = 942200

Phase 2 Router Initialization

Phase 2.1 Fix Topology Constraints
Phase 2.1 Fix Topology Constraints | Checksum: 2dc51e1b2

Time (s): cpu = 00:00:34 ; elapsed = 00:00:20 . Memory (MB): peak = 3515.117 ; gain = 178.906 ; free physical = 60857 ; free virtual = 942198

Phase 2.2 Pre Route Cleanup
Phase 2.2 Pre Route Cleanup | Checksum: 2dc51e1b2

Time (s): cpu = 00:00:34 ; elapsed = 00:00:20 . Memory (MB): peak = 3515.117 ; gain = 178.906 ; free physical = 60857 ; free virtual = 942199
 Number of Nodes with overlaps = 0

Phase 2.3 Update Timing
Phase 2.3 Update Timing | Checksum: 315fc49ea

Time (s): cpu = 00:00:42 ; elapsed = 00:00:23 . Memory (MB): peak = 3600.852 ; gain = 264.641 ; free physical = 60730 ; free virtual = 942071
INFO: [Route 35-416] Intermediate Timing Summary | WNS=-0.104 | TNS=-0.851 | WHS=-0.223 | THS=-179.690|


Router Utilization Summary
  Global Vertical Routing Utilization    = 0 %
  Global Horizontal Routing Utilization  = 0 %
  Routable Net Status*
  *Does not include unroutable nets such as driverless and loadless.
  Run report_route_status for detailed report.
  Number of Failed Nets               = 14877
    (Failed Nets is the sum of unrouted and partially routed nets)
  Number of Unrouted Nets             = 14877
  Number of Partially Routed Nets     = 0
  Number of Node Overlaps             = 0

Phase 2 Router Initialization | Checksum: 2c1ae302b

Time (s): cpu = 00:00:46 ; elapsed = 00:00:25 . Memory (MB): peak = 3610.102 ; gain = 273.891 ; free physical = 60598 ; free virtual = 941940

Phase 3 Initial Routing

Phase 3.1 Global Routing
Phase 3.1 Global Routing | Checksum: 2c1ae302b

Time (s): cpu = 00:00:46 ; elapsed = 00:00:25 . Memory (MB): peak = 3610.102 ; gain = 273.891 ; free physical = 60599 ; free virtual = 941940

Phase 3.2 Initial Net Routing
Phase 3.2 Initial Net Routing | Checksum: 222584471

Time (s): cpu = 00:00:58 ; elapsed = 00:00:30 . Memory (MB): peak = 3610.102 ; gain = 273.891 ; free physical = 60567 ; free virtual = 941914
Phase 3 Initial Routing | Checksum: 222584471

Time (s): cpu = 00:00:58 ; elapsed = 00:00:30 . Memory (MB): peak = 3610.102 ; gain = 273.891 ; free physical = 60567 ; free virtual = 941914
INFO: [Route 35-580] Design has 14 pins with tight setup and hold constraints.

The top 5 pins with tight setup and hold constraints:

+====================+===================+===================================================+
| Launch Setup Clock | Launch Hold Clock | Pin                                               |
+====================+===================+===================================================+
| clk                | clk               | u_soc/Core_cpu/U_EX_MEM/mem_exc_cause_reg[1]/D    |
| clk                | clk               | u_soc/Core_cpu/U_EX_MEM/mem_exc_cause_reg[0]/D    |
| clk                | clk               | u_soc/Core_cpu/U_EX_MEM/mem_exc_cause_reg[2]/D    |
| clk                | clk               | u_soc/Core_cpu/U_EX_MEM/mem_exc_valid_reg/D       |
| clk                | clk               | u_soc/Core_cpu/u_ifu_subsys/u_ibuf/cnt_q_reg[4]/D |
+--------------------+-------------------+---------------------------------------------------+

File with complete list of pins: tight_setup_hold_pins.txt


Phase 4 Rip-up And Reroute

Phase 4.1 Global Iteration 0
 Number of Nodes with overlaps = 4775
 Number of Nodes with overlaps = 927
 Number of Nodes with overlaps = 249
 Number of Nodes with overlaps = 76
 Number of Nodes with overlaps = 21
 Number of Nodes with overlaps = 7
 Number of Nodes with overlaps = 1
 Number of Nodes with overlaps = 1
 Number of Nodes with overlaps = 1
 Number of Nodes with overlaps = 1
 Number of Nodes with overlaps = 1
 Number of Nodes with overlaps = 1
 Number of Nodes with overlaps = 0
INFO: [Route 35-416] Intermediate Timing Summary | WNS=-0.917 | TNS=-634.920| WHS=N/A    | THS=N/A    |

Phase 4.1 Global Iteration 0 | Checksum: 25a9bd6db

Time (s): cpu = 00:01:28 ; elapsed = 00:00:50 . Memory (MB): peak = 3610.102 ; gain = 273.891 ; free physical = 62482 ; free virtual = 943835

Phase 4.2 Global Iteration 1
 Number of Nodes with overlaps = 1648
 Number of Nodes with overlaps = 266
 Number of Nodes with overlaps = 133
 Number of Nodes with overlaps = 60
 Number of Nodes with overlaps = 34
 Number of Nodes with overlaps = 7
 Number of Nodes with overlaps = 4
 Number of Nodes with overlaps = 1
 Number of Nodes with overlaps = 0
INFO: [Route 35-416] Intermediate Timing Summary | WNS=-0.717 | TNS=-446.294| WHS=N/A    | THS=N/A    |

Phase 4.2 Global Iteration 1 | Checksum: 259ec5e1e

Time (s): cpu = 00:01:44 ; elapsed = 00:00:59 . Memory (MB): peak = 3610.102 ; gain = 273.891 ; free physical = 62130 ; free virtual = 943484

Phase 4.3 Global Iteration 2
 Number of Nodes with overlaps = 1121
 Number of Nodes with overlaps = 169
 Number of Nodes with overlaps = 50
 Number of Nodes with overlaps = 18
 Number of Nodes with overlaps = 8
 Number of Nodes with overlaps = 2
 Number of Nodes with overlaps = 2
 Number of Nodes with overlaps = 1
 Number of Nodes with overlaps = 1
 Number of Nodes with overlaps = 1
 Number of Nodes with overlaps = 0
INFO: [Route 35-416] Intermediate Timing Summary | WNS=-0.681 | TNS=-406.997| WHS=N/A    | THS=N/A    |

Phase 4.3 Global Iteration 2 | Checksum: 1b655cc06

Time (s): cpu = 00:01:54 ; elapsed = 00:01:04 . Memory (MB): peak = 3610.102 ; gain = 273.891 ; free physical = 61584 ; free virtual = 942944
Phase 4 Rip-up And Reroute | Checksum: 1b655cc06

Time (s): cpu = 00:01:54 ; elapsed = 00:01:04 . Memory (MB): peak = 3610.102 ; gain = 273.891 ; free physical = 61584 ; free virtual = 942944

Phase 5 Delay and Skew Optimization

Phase 5.1 Delay CleanUp

Phase 5.1.1 Update Timing
Phase 5.1.1 Update Timing | Checksum: 21910152a

Time (s): cpu = 00:01:55 ; elapsed = 00:01:05 . Memory (MB): peak = 3610.102 ; gain = 273.891 ; free physical = 61584 ; free virtual = 942944
INFO: [Route 35-416] Intermediate Timing Summary | WNS=-0.592 | TNS=-302.344| WHS=N/A    | THS=N/A    |

 Number of Nodes with overlaps = 0
Phase 5.1 Delay CleanUp | Checksum: 20316904a

Time (s): cpu = 00:01:56 ; elapsed = 00:01:05 . Memory (MB): peak = 3610.102 ; gain = 273.891 ; free physical = 61585 ; free virtual = 942945

Phase 5.2 Clock Skew Optimization
Phase 5.2 Clock Skew Optimization | Checksum: 20316904a

Time (s): cpu = 00:01:56 ; elapsed = 00:01:05 . Memory (MB): peak = 3610.102 ; gain = 273.891 ; free physical = 61585 ; free virtual = 942945
Phase 5 Delay and Skew Optimization | Checksum: 20316904a

Time (s): cpu = 00:01:56 ; elapsed = 00:01:05 . Memory (MB): peak = 3610.102 ; gain = 273.891 ; free physical = 61585 ; free virtual = 942945

Phase 6 Post Hold Fix

Phase 6.1 Hold Fix Iter

Phase 6.1.1 Update Timing
Phase 6.1.1 Update Timing | Checksum: 1f33e7025

Time (s): cpu = 00:01:58 ; elapsed = 00:01:06 . Memory (MB): peak = 3610.102 ; gain = 273.891 ; free physical = 61583 ; free virtual = 942943
INFO: [Route 35-416] Intermediate Timing Summary | WNS=-0.592 | TNS=-302.571| WHS=-0.914 | THS=-8.676 |

Phase 6.1 Hold Fix Iter | Checksum: 32bb4050e

Time (s): cpu = 00:01:59 ; elapsed = 00:01:06 . Memory (MB): peak = 3610.102 ; gain = 273.891 ; free physical = 61581 ; free virtual = 942941

Phase 6.2 Non Free Resource Hold Fix Iter
Phase 6.2 Non Free Resource Hold Fix Iter | Checksum: 347ed6a64

Time (s): cpu = 00:01:59 ; elapsed = 00:01:07 . Memory (MB): peak = 3610.102 ; gain = 273.891 ; free physical = 61580 ; free virtual = 942940
Phase 6 Post Hold Fix | Checksum: 347ed6a64

Time (s): cpu = 00:01:59 ; elapsed = 00:01:07 . Memory (MB): peak = 3610.102 ; gain = 273.891 ; free physical = 61580 ; free virtual = 942940

Phase 7 Route finalize

Router Utilization Summary
  Global Vertical Routing Utilization    = 1.69602 %
  Global Horizontal Routing Utilization  = 2.28881 %
  Routable Net Status*
  *Does not include unroutable nets such as driverless and loadless.
  Run report_route_status for detailed report.
  Number of Failed Nets               = 0
    (Failed Nets is the sum of unrouted and partially routed nets)
  Number of Unrouted Nets             = 0
  Number of Partially Routed Nets     = 0
  Number of Node Overlaps             = 0


--GLOBAL Congestion:
Utilization threshold used for congestion level computation: 0.85
Congestion Report
North Dir 1x1 Area, Max Cong = 82.8829%, No Congested Regions.
South Dir 1x1 Area, Max Cong = 76.5766%, No Congested Regions.
East Dir 1x1 Area, Max Cong = 97.0588%, Congestion bounded by tiles (Lower Left Tile -> Upper Right Tile):
   INT_R_X33Y80 -> INT_R_X33Y80
   INT_L_X34Y78 -> INT_L_X34Y78
   INT_L_X32Y75 -> INT_L_X32Y75
   INT_R_X35Y59 -> INT_R_X35Y59
West Dir 2x2 Area, Max Cong = 87.5%, Congestion bounded by tiles (Lower Left Tile -> Upper Right Tile):
   INT_L_X38Y72 -> INT_R_X39Y73

------------------------------
Reporting congestion hotspots
------------------------------
Direction: North
----------------
Congested clusters found at Level 0
Effective congestion level: 0 Aspect Ratio: 1 Sparse Ratio: 0
Direction: South
----------------
Congested clusters found at Level 0
Effective congestion level: 0 Aspect Ratio: 1 Sparse Ratio: 0
Direction: East
----------------
Congested clusters found at Level 0
Effective congestion level: 0 Aspect Ratio: 1 Sparse Ratio: 1
Direction: West
----------------
Congested clusters found at Level 1
Effective congestion level: 1 Aspect Ratio: 1 Sparse Ratio: 1

Phase 7 Route finalize | Checksum: 347ed6a64

Time (s): cpu = 00:01:59 ; elapsed = 00:01:07 . Memory (MB): peak = 3610.102 ; gain = 273.891 ; free physical = 61580 ; free virtual = 942940

Phase 8 Verifying routed nets

 Verification completed successfully
Phase 8 Verifying routed nets | Checksum: 347ed6a64

Time (s): cpu = 00:01:59 ; elapsed = 00:01:07 . Memory (MB): peak = 3610.102 ; gain = 273.891 ; free physical = 61580 ; free virtual = 942939

Phase 9 Depositing Routes
Phase 9 Depositing Routes | Checksum: 32f3ae0dc

Time (s): cpu = 00:02:01 ; elapsed = 00:01:07 . Memory (MB): peak = 3610.102 ; gain = 273.891 ; free physical = 61579 ; free virtual = 942939

Phase 10 Post Router Timing

Phase 10.1 Update Timing
Phase 10.1 Update Timing | Checksum: 29b01d291

Time (s): cpu = 00:02:02 ; elapsed = 00:01:08 . Memory (MB): peak = 3610.102 ; gain = 273.891 ; free physical = 61579 ; free virtual = 942939
INFO: [Route 35-57] Estimated Timing Summary | WNS=-0.592 | TNS=-302.571| WHS=0.078  | THS=0.000  |

WARNING: [Route 35-328] Router estimated timing not met.
Resolution: For a complete and accurate timing signoff, report_timing_summary must be run after route_design. Alternatively, route_design can be run with the -timing_summary option to enable a complete timing signoff at the end of route_design.
Phase 10 Post Router Timing | Checksum: 29b01d291

Time (s): cpu = 00:02:02 ; elapsed = 00:01:08 . Memory (MB): peak = 3610.102 ; gain = 273.891 ; free physical = 61580 ; free virtual = 942940
INFO: [Route 35-16] Router Completed Successfully

Phase 11 Post-Route Event Processing
Phase 11 Post-Route Event Processing | Checksum: 100ade52e

Time (s): cpu = 00:02:03 ; elapsed = 00:01:08 . Memory (MB): peak = 3610.102 ; gain = 273.891 ; free physical = 61580 ; free virtual = 942941
Ending Routing Task | Checksum: 100ade52e

Time (s): cpu = 00:02:03 ; elapsed = 00:01:09 . Memory (MB): peak = 3610.102 ; gain = 273.891 ; free physical = 61581 ; free virtual = 942941

Routing Is Done.
INFO: [Common 17-83] Releasing license: Implementation
18 Infos, 1 Warnings, 0 Critical Warnings and 0 Errors encountered.
route_design completed successfully
route_design: Time (s): cpu = 00:02:05 ; elapsed = 00:01:10 . Memory (MB): peak = 3629.090 ; gain = 451.609 ; free physical = 61576 ; free virtual = 942941
# set wns  [get_property SLACK [get_timing_paths -delay_type max -max_paths 1]]
# report_timing -delay_type max -max_paths 500 -file [file join $OUT timing_paths500.rpt]
INFO: [Timing 38-78] ReportTimingParams: -max_paths 500 -nworst 1 -delay_type max -sort_by slack.
# report_utilization -file [file join $OUT utilization.rpt]
# report_high_fanout_nets -max_nets 30 -timing -file [file join $OUT hf_post.rpt]
INFO: [Timing 38-91] UpdateTimingParams: Speed grade: -2, Delay Type: max.
INFO: [Timing 38-191] Multithreading enabled for timing update using a maximum of 8 CPUs
INFO: [Timing 38-78] ReportTimingParams: -max_paths 10 -nworst 1 -delay_type max -sort_by slack.
report_high_fanout_nets: Time (s): cpu = 00:00:02 ; elapsed = 00:00:01 . Memory (MB): peak = 3629.090 ; gain = 0.000 ; free physical = 61568 ; free virtual = 942938
# foreach p [get_timing_paths -delay_type max -max_paths 3] {
#     puts [format "  %8.3f ns  %s -> %s" [get_property SLACK $p] [get_property STARTPOINT_PIN $p] [get_property ENDPOINT_PIN $p]]
# }
    -0.592 ns  u_soc/Core_cpu/u_ifu_subsys/g_tage.u_tage/q_row_idx_reg[1][0]/C -> u_soc/Core_cpu/u_ifu_subsys/u_ibuf/ent_q_reg[3][21]/D
    -0.552 ns  u_soc/Core_cpu/u_ifu_subsys/g_tage.u_tage/q_row_idx_reg[1][0]/C -> u_soc/Core_cpu/u_ifu_subsys/u_ibuf/ent_q_reg[2][48]/D
    -0.549 ns  u_soc/Core_cpu/u_ifu_subsys/g_tage.u_tage/q_row_idx_reg[1][0]/C -> u_soc/Core_cpu/u_ifu_subsys/u_ibuf/ent_q_reg[7][134]/D
# puts [format "ARM_SUMMARY period=%s arm=%s wns=%.4f fmax_mhz=%.2f" $PERIOD $ARM $wns [expr {1000.0/($PERIOD-$wns)}]]
ARM_SUMMARY period=6.5 arm=merge wns=-0.5920 fmax_mhz=141.00
INFO: [Common 17-206] Exiting Vivado at Tue Sep 29 03:02:54 2026...
