Copyright 1986-2022 Xilinx, Inc. All Rights Reserved. Copyright 2022-2023 Advanced Micro Devices, Inc. All Rights Reserved.
---------------------------------------------------------------------------------------------------------------------------------------------
| Tool Version : Vivado v.2023.2 (lin64) Build 4029153 Fri Oct 13 20:13:54 MDT 2023
| Date         : Tue Sep 29 02:58:33 2026
| Host         : edaserver08 running 64-bit NAME="Red Hat Enterprise Linux Server"
| Command      : report_design_analysis -complexity -congestion -file /tmp/cong.rpt
| Design       : top_fmax
| Device       : xc7k325t
| Design State : Routed
---------------------------------------------------------------------------------------------------------------------------------------------

Report Design Analysis

Table of Contents
-----------------
1. Complexity Characteristics (Cells)
2. Placer Final Level Congestion Reporting
3. Initial Estimated Router Congestion Reporting
4. SLR Net Crossing Reporting

1. Complexity Characteristics (Cells)
-------------------------------------

+--------+------+----------------+-----------------+-----------+------+------+------+------+------+------+------------+-----+------+------+------+-------------------+
| Module | Rent | Average Fanout | Total Instances | Registers | LUT1 | LUT2 | LUT3 | LUT4 | LUT5 | LUT6 | Memory LUT | DSP | RAMB | MUXF | URAM | Hierarchical Name |
+--------+------+----------------+-----------------+-----------+------+------+------+------+------+------+------------+-----+------+------+------+-------------------+
* No complexity report generated as cells satisfying given conditions are not present in the design.


2. Placer Final Level Congestion Reporting
------------------------------------------

+-----------+------+-------+------------+--------+---------------+---------------+-----+--------+------+------+------+-----+-------+-----+------------+
| Direction | Type | Level | Congestion | Window | Combined LUTs | Avg LUT Input | LUT | LUTRAM | Flop | MUXF | RAMB | DSP | CARRY | SRL | Cell Names |
+-----------+------+-------+------------+--------+---------------+---------------+-----+--------+------+------+------+-----+-------+-----+------------+
* No congestion windows are found above level 5


3. Initial Estimated Router Congestion Reporting
------------------------------------------------

+-----------+------+-------+------------------+--------+---------------+---------------+-----+--------+------+------+------+-----+-------+-----+------------+
| Direction | Type | Level | Percentage Tiles | Window | Combined LUTs | Avg LUT Input | LUT | LUTRAM | Flop | MUXF | RAMB | DSP | CARRY | SRL | Cell Names |
+-----------+------+-------+------------------+--------+---------------+---------------+-----+--------+------+------+------+-----+-------+-----+------------+
* No initial estimated congestion windows are found above level 5


4. SLR Net Crossing Reporting
-----------------------------

+------------+-----------------------------+
| Cell Names | Number of Nets crossing SLR |
+------------+-----------------------------+
* The current part is not an SSI device


