Generated arv_parameterization.v from run_config.json defaults
Generated march_config.sh: MARCH_STD=rv32im_zicsr_zifencei, MARCH_COMP=rv32imc_zcb_zcmp_zcmt_zicsr_zifencei, toolchain=xpacks, optimization=-O2
Logging to: ./log/0/coremark-std.log
Instruction mode: STD_MODE (using -march=rv32i)
      Running: make clean && make in /x2025/GPrj1/IC1/riscv/RISCV_CPU/arvern/sim/rtl_sim/run/../src-c/coremark
rm -f ./coremark.elf ./core_list_join.o ./core_main.o ./core_matrix.o ./core_state.o ./core_util.o ./*.log *.info ./index.html 
make XCFLAGS=" -DPERFORMANCE_RUN=1" load run1.log
make[1]: Entering directory `/x2025/GPrj1/IC1/riscv/RISCV_CPU/arvern/sim/rtl_sim/src-c/coremark'
make port_prebuild
make[2]: Entering directory `/x2025/GPrj1/IC1/riscv/RISCV_CPU/arvern/sim/rtl_sim/src-c/coremark'
make[2]: Nothing to be done for `port_prebuild'.
make[2]: Leaving directory `/x2025/GPrj1/IC1/riscv/RISCV_CPU/arvern/sim/rtl_sim/src-c/coremark'
make link
make[2]: Entering directory `/x2025/GPrj1/IC1/riscv/RISCV_CPU/arvern/sim/rtl_sim/src-c/coremark'
make[2]: Warning: File `./' has modification time 593 s in the future
riscv-none-elf-gcc -march=rv32im_zicsr_zifencei -mabi=ilp32 -O2 -g -nostartfiles -T arv/link_rodata_sram.ld arv/startup_rodata_sram.S  -Iarv -I. -DFLAGS_STR=\""-march=rv32im_zicsr_zifencei -mabi=ilp32 -O2 -g -nostartfiles -T arv/link_rodata_sram.ld arv/startup_rodata_sram.S  -DPERFORMANCE_RUN=1  "\" -DITERATIONS=3 -DPERFORMANCE_RUN=1 core_list_join.c core_main.c core_matrix.c core_state.c core_util.c arv/core_portme.c arv/ee_printf.c -o ./coremark.elf 
Link performed along with compile
make[2]: warning:  Clock skew detected.  Your build may be incomplete.
make[2]: Leaving directory `/x2025/GPrj1/IC1/riscv/RISCV_CPU/arvern/sim/rtl_sim/src-c/coremark'
make port_postbuild
make[2]: Entering directory `/x2025/GPrj1/IC1/riscv/RISCV_CPU/arvern/sim/rtl_sim/src-c/coremark'
riscv-none-elf-objcopy -O ihex coremark.elf    coremark.ihex
riscv-none-elf-objdump -dSt    coremark.elf  > coremark.lst
riscv-none-elf-size -A      coremark.elf  > coremark.size
cat coremark.size
coremark.elf  :
section              size         addr
.text               12824    536870912
.rodata              2064   2164260864
.data                  12   2164262928
.sdata                 12   2164262940
.bss                    0   2164262952
.sbss                  20   2164262952
.stack               8192   2164262972
.riscv.attributes      54            0
.comment               70            0
.debug_line         27520            0
.debug_info         14267            0
.debug_abbrev        3806            0
.debug_aranges        264            0
.debug_str           2268            0
.debug_loc          19055            0
.debug_ranges        1600            0
.debug_frame         1496            0
Total               93524


make[2]: Leaving directory `/x2025/GPrj1/IC1/riscv/RISCV_CPU/arvern/sim/rtl_sim/src-c/coremark'
make port_preload
make[2]: Entering directory `/x2025/GPrj1/IC1/riscv/RISCV_CPU/arvern/sim/rtl_sim/src-c/coremark'
make[2]: Nothing to be done for `port_preload'.
make[2]: Leaving directory `/x2025/GPrj1/IC1/riscv/RISCV_CPU/arvern/sim/rtl_sim/src-c/coremark'
echo "Please set LOAD to the process of loading the executable to the flash" ./coremark.elf
Please set LOAD to the process of loading the executable to the flash ./coremark.elf
make port_postload
make[2]: Entering directory `/x2025/GPrj1/IC1/riscv/RISCV_CPU/arvern/sim/rtl_sim/src-c/coremark'
make[2]: Nothing to be done for `port_postload'.
make[2]: Leaving directory `/x2025/GPrj1/IC1/riscv/RISCV_CPU/arvern/sim/rtl_sim/src-c/coremark'
make port_prerun
make[2]: Entering directory `/x2025/GPrj1/IC1/riscv/RISCV_CPU/arvern/sim/rtl_sim/src-c/coremark'
make[2]: Nothing to be done for `port_prerun'.
make[2]: Leaving directory `/x2025/GPrj1/IC1/riscv/RISCV_CPU/arvern/sim/rtl_sim/src-c/coremark'
echo "Please set LOAD to the process of running the executable (e.g. via jtag, or board reset)" ./coremark.elf  0x0 0x0 0x66 3 7 1 2000 > ./run1.log
make port_postrun
make[2]: Entering directory `/x2025/GPrj1/IC1/riscv/RISCV_CPU/arvern/sim/rtl_sim/src-c/coremark'
make[2]: Nothing to be done for `port_postrun'.
make[2]: Leaving directory `/x2025/GPrj1/IC1/riscv/RISCV_CPU/arvern/sim/rtl_sim/src-c/coremark'
make[1]: Leaving directory `/x2025/GPrj1/IC1/riscv/RISCV_CPU/arvern/sim/rtl_sim/src-c/coremark'
make XCFLAGS=" -DVALIDATION_RUN=1" load run2.log
make[1]: Entering directory `/x2025/GPrj1/IC1/riscv/RISCV_CPU/arvern/sim/rtl_sim/src-c/coremark'
make[1]: Warning: File `coremark.elf' has modification time 593 s in the future
make port_preload
make[2]: Entering directory `/x2025/GPrj1/IC1/riscv/RISCV_CPU/arvern/sim/rtl_sim/src-c/coremark'
make[2]: Nothing to be done for `port_preload'.
make[2]: Leaving directory `/x2025/GPrj1/IC1/riscv/RISCV_CPU/arvern/sim/rtl_sim/src-c/coremark'
echo "Please set LOAD to the process of loading the executable to the flash" ./coremark.elf
Please set LOAD to the process of loading the executable to the flash ./coremark.elf
make port_postload
make[2]: Entering directory `/x2025/GPrj1/IC1/riscv/RISCV_CPU/arvern/sim/rtl_sim/src-c/coremark'
make[2]: Nothing to be done for `port_postload'.
make[2]: Leaving directory `/x2025/GPrj1/IC1/riscv/RISCV_CPU/arvern/sim/rtl_sim/src-c/coremark'
make port_prerun
make[2]: Entering directory `/x2025/GPrj1/IC1/riscv/RISCV_CPU/arvern/sim/rtl_sim/src-c/coremark'
make[2]: Nothing to be done for `port_prerun'.
make[2]: Leaving directory `/x2025/GPrj1/IC1/riscv/RISCV_CPU/arvern/sim/rtl_sim/src-c/coremark'
echo "Please set LOAD to the process of running the executable (e.g. via jtag, or board reset)" ./coremark.elf  0x3415 0x3415 0x66 3 7 1 2000  > ./run2.log
make port_postrun
make[2]: Entering directory `/x2025/GPrj1/IC1/riscv/RISCV_CPU/arvern/sim/rtl_sim/src-c/coremark'
make[2]: Nothing to be done for `port_postrun'.
make[2]: Leaving directory `/x2025/GPrj1/IC1/riscv/RISCV_CPU/arvern/sim/rtl_sim/src-c/coremark'
make[1]: warning:  Clock skew detected.  Your build may be incomplete.
make[1]: Leaving directory `/x2025/GPrj1/IC1/riscv/RISCV_CPU/arvern/sim/rtl_sim/src-c/coremark'
Check run1.log and run2.log for results.
See README.md for run and reporting rules.
      Generating checker data from coremark.lst
INFO: Parsing listing file: coremark.lst
INFO: Generated checker memory file: /x2025/GPrj1/IC1/riscv/RISCV_CPU/arvern/sim/rtl_sim/run/WORK/tmp49v82doj/checker_data.mem
INFO: Total instructions: 3206
INFO: Checker data generation complete

Binary size: 14912B
Running simulation with: vcs
SIMULATION SEED: 725473754
                         Chronologic VCS (TM)
          Version V-2023.12-SP2 -- Tue Sep 29 17:28:15 2026

                    Copyright (c) 1991 - 2024 Synopsys, Inc.
   This software and the associated documentation are proprietary to Synopsys,
 Inc. This software may only be used in accordance with the terms and conditions
 of a written license agreement with Synopsys, Inc. All other use, reproduction,
   or distribution of this software is strictly prohibited.  Licensed Products
     communicate with Synopsys servers for the purpose of providing software
    updates, detecting software piracy and verifying that customers are using
    Licensed Products in conformity with the applicable License Key for such
  Licensed Products. Synopsys will use information gathered in connection with
    this process to deliver software updates and pursue software pirates and
                                   infringers.

 Inclusivity & Diversity - Visit SolvNetPlus to read the "Synopsys Statement on
            Inclusivity and Diversity" (Refer to article 000036315 at
                        https://solvnetplus.synopsys.com)


Warning-[LCA_FEATURES_ENABLED] Usage warning
  LCA features enabled by '-lca' argument on the command line.  For more 
  information regarding list of LCA features please refer to Chapter "LCA 
  features" in the VCS Release Notes

Parsing design file '/x2025/GPrj1/IC1/riscv/RISCV_CPU/arvern/bench/verilog/ahb_bus_system.v'
Parsing design file '/x2025/GPrj1/IC1/riscv/RISCV_CPU/arvern/bench/verilog/ahb_arbiter.v'
Parsing design file '/x2025/GPrj1/IC1/riscv/RISCV_CPU/arvern/bench/verilog/ahb_decoder.v'
Parsing design file '/x2025/GPrj1/IC1/riscv/RISCV_CPU/arvern/bench/verilog/ahb_waitstate_inserter.v'
Parsing design file '/x2025/GPrj1/IC1/riscv/RISCV_CPU/arvern/bench/verilog/osc.v'
Parsing included file '/x2025/GPrj1/IC1/riscv/RISCV_CPU/arvern/bench/verilog/timescale.v'.
Back to file '/x2025/GPrj1/IC1/riscv/RISCV_CPU/arvern/bench/verilog/osc.v'.
Parsing design file '/x2025/GPrj1/IC1/riscv/RISCV_CPU/arvern/bench/verilog/rom.v'
Parsing design file '/x2025/GPrj1/IC1/riscv/RISCV_CPU/arvern/bench/verilog/sram.v'
Parsing design file '/x2025/GPrj1/IC1/riscv/RISCV_CPU/arvern/bench/verilog/probes_cpu.v'
Parsing design file '/x2025/GPrj1/IC1/riscv/RISCV_CPU/arvern/bench/verilog/probes_mem.v'
Parsing design file '/x2025/GPrj1/IC1/riscv/RISCV_CPU/arvern/bench/verilog/probes_instructions.v'
Parsing design file '/x2025/GPrj1/IC1/riscv/RISCV_CPU/arvern/bench/verilog/monitor_exception.v'
Parsing design file '/x2025/GPrj1/IC1/riscv/RISCV_CPU/arvern/bench/verilog/instruction_pc_checker.v'
Parsing design file '/x2025/GPrj1/IC1/riscv/RISCV_CPU/arvern/bench/verilog/ahb_protocol_checker.v'
Parsing design file '/x2025/GPrj1/IC1/riscv/RISCV_CPU/arvern/bench/verilog/tb_arvern.v'
Parsing included file '/x2025/GPrj1/IC1/riscv/RISCV_CPU/arvern/bench/verilog/timescale.v'.
Back to file '/x2025/GPrj1/IC1/riscv/RISCV_CPU/arvern/bench/verilog/tb_arvern.v'.
Parsing included file 'arv_parameterization.v'.
Back to file '/x2025/GPrj1/IC1/riscv/RISCV_CPU/arvern/bench/verilog/tb_arvern.v'.
Parsing included file '/x2025/GPrj1/IC1/riscv/RISCV_CPU/arvern/bench/verilog/check_tasks.v'.
Back to file '/x2025/GPrj1/IC1/riscv/RISCV_CPU/arvern/bench/verilog/tb_arvern.v'.
Parsing included file 'stimulus.v'.
Back to file '/x2025/GPrj1/IC1/riscv/RISCV_CPU/arvern/bench/verilog/tb_arvern.v'.
Parsing included file '/x2025/GPrj1/IC1/riscv/RISCV_CPU/arvern/bench/verilog/random_irq_injector.v'.
Back to file '/x2025/GPrj1/IC1/riscv/RISCV_CPU/arvern/bench/verilog/tb_arvern.v'.

Warning-[IPDW] Identifier previously declared
/x2025/GPrj1/IC1/riscv/RISCV_CPU/arvern/bench/verilog/tb_arvern.v, 378
  Second declaration for identifier 'resetn_lf' ignored
  Identifier 'resetn_lf' previously declared as wire. 
  [/x2025/GPrj1/IC1/riscv/RISCV_CPU/arvern/bench/verilog/tb_arvern.v, 371]

Parsing included file '/x2025/GPrj1/IC1/riscv/RISCV_CPU/arvern/bench/verilog/tb_irq_checkers.v'.
Back to file '/x2025/GPrj1/IC1/riscv/RISCV_CPU/arvern/bench/verilog/tb_arvern.v'.
Parsing design file './probes_variables.v'
Parsing design file '/x2025/GPrj1/IC1/riscv/RISCV_CPU/arvern-ips/arv_common/rtl/verilog/arv_ipdff.v'
Parsing design file '/x2025/GPrj1/IC1/riscv/RISCV_CPU/arvern-ips/arv_common/rtl/verilog/arv_synchronizer.v'
Parsing design file '/x2025/GPrj1/IC1/riscv/RISCV_CPU/arvern-ips/ahb_rom_controller/rtl/verilog/ahb_rom_controller.v'
Parsing design file '/x2025/GPrj1/IC1/riscv/RISCV_CPU/arvern-ips/ahb_sram_controller/rtl/verilog/ahb_sram_controller.v'
Parsing design file '/x2025/GPrj1/IC1/riscv/RISCV_CPU/arvern-ips/ahb_periph_example/rtl/verilog/ahb_periph_example.v'
Parsing design file '/x2025/GPrj1/IC1/riscv/RISCV_CPU/arvern-ips/ahb_interconnect/rtl/verilog/ahb_default_subordinate.v'
Parsing design file '/x2025/GPrj1/IC1/riscv/RISCV_CPU/arvern-ips/ahb_interconnect/rtl/verilog/ahb_subordinate_mux.v'
Parsing design file '/x2025/GPrj1/IC1/riscv/RISCV_CPU/arvern-ips/ahb_interconnect/rtl/verilog/ahb_manager_if.v'
Parsing design file '/x2025/GPrj1/IC1/riscv/RISCV_CPU/arvern-ips/ahb_interconnect/rtl/verilog/ahb_manager_mux.v'
Parsing design file '/x2025/GPrj1/IC1/riscv/RISCV_CPU/arvern-ips/ahb_interconnect/rtl/verilog/ahb_arbiter_2m.v'
Parsing design file '/x2025/GPrj1/IC1/riscv/RISCV_CPU/arvern-ips/ahb_interconnect/rtl/verilog/ahb_fused_rom_ctrl.v'
Parsing design file '/x2025/GPrj1/IC1/riscv/RISCV_CPU/arvern-ips/ahb_interconnect/rtl/verilog/ahb_fused_sram_ctrl.v'
Parsing design file '/x2025/GPrj1/IC1/riscv/RISCV_CPU/arvern-ips/ahb_interconnect/rtl/verilog/ahb_interconnect_generic.v'
Parsing design file '/x2025/GPrj1/IC1/riscv/RISCV_CPU/arvern-ips/ahb_interconnect/rtl/verilog/ahb_interconnect_hiperf.v'
Parsing design file '/x2025/GPrj1/IC1/riscv/RISCV_CPU/arvern-ips/ahb_interconnect/rtl/verilog/ahb_interconnect_fused.v'
Parsing design file '/x2025/GPrj1/IC1/riscv/RISCV_CPU/arvern-ips/arv_custom_csr/rtl/verilog/arv_ccsr_rdwr.v'
Parsing design file '/x2025/GPrj1/IC1/riscv/RISCV_CPU/arvern-ips/arv_custom_csr/rtl/verilog/arv_ccsr_rdonly.v'
Parsing design file '/x2025/GPrj1/IC1/riscv/RISCV_CPU/arvern-ips/arv_custom_csr/rtl/verilog/arv_custom_csr.v'
Parsing design file '/x2025/GPrj1/IC1/riscv/RISCV_CPU/arvern-ips/ahb_plic/rtl/verilog/plic_priority.v'
Parsing design file '/x2025/GPrj1/IC1/riscv/RISCV_CPU/arvern-ips/ahb_plic/rtl/verilog/plic_pending.v'
Parsing design file '/x2025/GPrj1/IC1/riscv/RISCV_CPU/arvern-ips/ahb_plic/rtl/verilog/plic_enable.v'
Parsing design file '/x2025/GPrj1/IC1/riscv/RISCV_CPU/arvern-ips/ahb_plic/rtl/verilog/plic_target.v'
Parsing design file '/x2025/GPrj1/IC1/riscv/RISCV_CPU/arvern-ips/ahb_plic/rtl/verilog/ahb_plic.v'
Parsing design file '/x2025/GPrj1/IC1/riscv/RISCV_CPU/arvern-ips/ahb_aclint/rtl/verilog/aclint_gray2bin.v'
Parsing design file '/x2025/GPrj1/IC1/riscv/RISCV_CPU/arvern-ips/ahb_aclint/rtl/verilog/aclint_mtimer_count_lf.v'
Parsing design file '/x2025/GPrj1/IC1/riscv/RISCV_CPU/arvern-ips/ahb_aclint/rtl/verilog/aclint_mtimer_gray_sync.v'
Parsing design file '/x2025/GPrj1/IC1/riscv/RISCV_CPU/arvern-ips/ahb_aclint/rtl/verilog/aclint_mtimer_write_cdc.v'
Parsing design file '/x2025/GPrj1/IC1/riscv/RISCV_CPU/arvern-ips/ahb_aclint/rtl/verilog/aclint_mtimer.v'
Parsing design file '/x2025/GPrj1/IC1/riscv/RISCV_CPU/arvern-ips/ahb_aclint/rtl/verilog/aclint_mswi.v'
Parsing design file '/x2025/GPrj1/IC1/riscv/RISCV_CPU/arvern-ips/ahb_aclint/rtl/verilog/aclint_sswi.v'
Parsing design file '/x2025/GPrj1/IC1/riscv/RISCV_CPU/arvern-ips/ahb_aclint/rtl/verilog/ahb_aclint.v'
Parsing design file '/x2025/GPrj1/IC1/riscv/RISCV_CPU/arvern/rtl/verilog/arvern.v'
Parsing design file '/x2025/GPrj1/IC1/riscv/RISCV_CPU/arvern/rtl/verilog/arv_dff.v'
Parsing design file '/x2025/GPrj1/IC1/riscv/RISCV_CPU/arvern/rtl/verilog/arv_fetch.v'
Parsing design file '/x2025/GPrj1/IC1/riscv/RISCV_CPU/arvern/rtl/verilog/arv_decode.v'
Parsing design file '/x2025/GPrj1/IC1/riscv/RISCV_CPU/arvern/rtl/verilog/arv_uop_sequencer.v'
Parsing design file '/x2025/GPrj1/IC1/riscv/RISCV_CPU/arvern/rtl/verilog/arv_int_registers.v'
Parsing design file '/x2025/GPrj1/IC1/riscv/RISCV_CPU/arvern/rtl/verilog/arv_csr_top.v'
Parsing design file '/x2025/GPrj1/IC1/riscv/RISCV_CPU/arvern/rtl/verilog/arv_csr_cntr.v'
Parsing design file '/x2025/GPrj1/IC1/riscv/RISCV_CPU/arvern/rtl/verilog/arv_csr_hpm.v'
Parsing design file '/x2025/GPrj1/IC1/riscv/RISCV_CPU/arvern/rtl/verilog/arv_csr_ids.v'
Parsing design file '/x2025/GPrj1/IC1/riscv/RISCV_CPU/arvern/rtl/verilog/arv_csr_traps.v'
Parsing design file '/x2025/GPrj1/IC1/riscv/RISCV_CPU/arvern/rtl/verilog/arv_alu.v'
Parsing design file '/x2025/GPrj1/IC1/riscv/RISCV_CPU/arvern/rtl/verilog/arv_alu_muldiv.v'
Parsing design file '/x2025/GPrj1/IC1/riscv/RISCV_CPU/arvern/rtl/verilog/arv_load_store.v'
Top Level Modules:
       ahb_arbiter
       tb_arvern
       ahb_interconnect_generic
       ahb_interconnect_fused
TimeScale is 1 ns / 100 ps

Warning-[TFIPC] Too few instance port connections
/x2025/GPrj1/IC1/riscv/RISCV_CPU/arvern/bench/verilog/tb_arvern.v, 540
tb_arvern, "arvern #(.RV32E_EN(RV32E_EN), .B_EXTENSION(B_EXTENSION), .C_EXTENSION(C_EXTENSION), .M_EXTENSION(M_EXTENSION), .MUL_TYPE(MUL_TYPE), .DIV_TYPE(DIV_TYPE), .CCSR_EN(CCSR_EN), .NMI_EN(NMI_EN), .SU_MODE_EN(SU_MODE_EN), .ZICNTR_EN(ZICNTR_EN), .ZIHPM_NR(ZIHPM_NR), .ASYNC_RST_EN(ASYNC_RST_EN), .SINGLE_CYCLE_BRANCH(SINGLE_CYCLE_BRANCH), .MVENDORID(MVENDORID)) dut( .hclk_i (dut_hclk),  .hresetn_i (hresetn),  .hclk_en_o (dut_hclk_en),  .inst_hrdata_i (inst_hrdata),  .inst_hready_i (inst_hready),  .inst_hresp_i (inst_hresp),  .inst_haddr_o (inst_haddr),  .inst_hburst_o (inst_hburst),  .inst_hmastlock_o (inst_hmastlock),  .inst_hprot_o (inst_hprot),  .inst_hsize_o (inst_hsize),  .inst_hsmode_o (inst_hsmode),  .inst_htrans_o (inst_htrans),  .inst_hwdata_o (inst_hwdat ... "
  The above instance has fewer port connections than the module definition.
  Please use '+lint=TFIPC-L' to print out detailed information of unconnected 
  ports.


Warning-[IWNF] Implicit wire has no fanin
/x2025/GPrj1/IC1/riscv/RISCV_CPU/arvern/bench/verilog/tb_arvern.v, 371
  Implicit wire 'resetn_lf' does not have any driver, please make sure this is
  intended.

Notice: Ports coerced to inout, use -notice for details
Starting vcs inline pass...

40 modules and 0 UDP read.
recompiling module ahb_arbiter
recompiling module ahb_decoder
recompiling module ahb_waitstate_inserter
recompiling module rom
recompiling module sram
recompiling module probes_cpu
recompiling module probes_cpu_alt
recompiling module probes_rom
recompiling module probes_sram
recompiling module probes_instructions
recompiling module monitor_exception
recompiling module instruction_pc_checker
recompiling module ahb_protocol_checker
recompiling module tb_arvern
recompiling module probes_var
recompiling module probes_stack
recompiling module probes_stack_alt
recompiling module ahb_rom_controller
recompiling module ahb_sram_controller
recompiling module ahb_periph_example
recompiling module ahb_default_subordinate
recompiling module ahb_subordinate_mux
recompiling module ahb_manager_if
recompiling module ahb_manager_mux
recompiling module ahb_interconnect_generic
recompiling module ahb_interconnect_fused
recompiling module arv_custom_csr
recompiling module plic_enable
recompiling module plic_target
recompiling module ahb_plic
recompiling module aclint_gray2bin
recompiling module arvern
recompiling module arv_uop_sequencer
recompiling module arv_int_registers
recompiling module arv_csr_top
recompiling module arv_csr_cntr
recompiling module arv_csr_hpm
recompiling module arv_csr_ids
recompiling module arv_alu
recompiling module arv_load_store
All of 40 modules done
make: Warning: File `filelist.hsopt.llvm2_0.objs' has modification time 593 s in the future
make: warning:  Clock skew detected.  Your build may be incomplete.
make: Warning: File `filelist.cu' has modification time 589 s in the future
make[1]: Warning: File `filelist.cu' has modification time 589 s in the future
rm -f _cuarc*.so _csrc*.so pre_vcsobj_*.so share_vcsobj_*.so
make[1]: warning:  Clock skew detected.  Your build may be incomplete.
make[1]: Warning: File `filelist.cu' has modification time 589 s in the future
make[1]: warning:  Clock skew detected.  Your build may be incomplete.
if [ -x ../simv ]; then chmod a-x ../simv; fi
g++  -o ../simv      -m32 -m32 -rdynamic  -Wl,-rpath='$ORIGIN'/simv.daidir -Wl,-rpath=./simv.daidir -Wl,-rpath=/mnt/tools/synopsys/vcs/V-2023.12-SP2/linux/lib -L/mnt/tools/synopsys/vcs/V-2023.12-SP2/linux/lib  -Wl,-rpath-link=./   objs/amcQw_d.o   _24678_archive_1.so   SIM_l.o       rmapats_mop.o rmapats.o rmar.o rmar_nd.o  rmar_llvm_0_1.o rmar_llvm_0_0.o            -lvirsim -lerrorinf -lsnpsmalloc -lvfs    -lvcsnew -lsimprofile -luclinative /mnt/tools/synopsys/vcs/V-2023.12-SP2/linux/lib/vcs_tls.o   -Wl,-whole-archive  -lvcsucli    -Wl,-no-whole-archive        _vcs_pli_stub_.o   /mnt/tools/synopsys/vcs/V-2023.12-SP2/linux/lib/vcs_save_restore_new.o /mnt/tools/synopsys/verdi/V-2023.12-SP2/share/PLI/VCS/LINUX/pli.a /mnt/tools/synopsys/vcs/V-2023.12-SP2/linux/lib/ctype-stubs_32.a -ldl  -lc -lm -lpthread -ldl 
../simv up to date
make: warning:  Clock skew detected.  Your build may be incomplete.
Info: [VCS_SAVE_RESTORE_INFO] ASLR (Address Space Layout Randomization) is detected on the machine. To enable $save functionality, ASLR will be switched off and simv re-executed.
Please use '-no_save' simv switch to avoid re-execution or '-suppress=ASLR_DETECTED_INFO' to suppress this message.

Warning-[LCA_FEATURES_ENABLED] Usage warning
  LCA features enabled by '-lca' argument on the command line.  For more 
  information regarding list of LCA features please refer to Chapter "LCA 
  features" in the VCS Release Notes

Chronologic VCS simulator copyright 1991-2023
Contains Synopsys proprietary information.
Compiler version V-2023.12-SP2; Runtime version V-2023.12-SP2;  Sep 29 17:28 2026
INFO-VERILOG: [Instruction/PC Checker] Loading checker data...
INFO-VERILOG: [Instruction/PC Checker] Loaded 3206 instruction entries
 ===============================================
|                 START SIMULATION              |
 ===============================================
VCD+ Writer V-2023.12-SP2 Copyright (c) 1991-2023 by Synopsys Inc.

INFO-VERILOG: arvern System clock frequency 1.000000 MHz

INFO-VERILOG: CoreMark is now running for           3 iterations
INFO-VERILOG: CoreMark loop started at  17.994 ms 

INFO-VERILOG: Be patient... there could be up to 1.5 seconds to simulate

INFO-VERILOG: Simulated time  20.993 ms 
INFO-VERILOG: Simulated time  23.993 ms 
INFO-VERILOG: Simulated time  26.993 ms 
INFO-VERILOG: Simulated time  29.993 ms 
INFO-VERILOG: Simulated time  32.993 ms 
INFO-VERILOG: Simulated time  35.993 ms 
INFO-VERILOG: Simulated time  38.993 ms 
INFO-VERILOG: Simulated time  41.993 ms 
INFO-VERILOG: Simulated time  44.993 ms 
INFO-VERILOG: Simulated time  47.993 ms 
INFO-VERILOG: Simulated time  50.993 ms 
INFO-VERILOG: Simulated time  53.993 ms 
INFO-VERILOG: Simulated time  56.993 ms 
INFO-VERILOG: Simulated time  59.993 ms 
INFO-VERILOG: Simulated time  62.993 ms 
INFO-VERILOG: Simulated time  65.993 ms 
INFO-VERILOG: Simulated time  68.993 ms 
INFO-VERILOG: Simulated time  71.993 ms 
INFO-VERILOG: Simulated time  74.993 ms 
INFO-VERILOG: Simulated time  77.993 ms 
INFO-VERILOG: Simulated time  80.993 ms 
INFO-VERILOG: Simulated time  83.993 ms 
INFO-VERILOG: Simulated time  86.993 ms 
INFO-VERILOG: Simulated time  89.993 ms 
INFO-VERILOG: Simulated time  92.993 ms 
INFO-VERILOG: Simulated time  95.993 ms 
INFO-VERILOG: Simulated time  98.993 ms 
INFO-VERILOG: Simulated time 101.993 ms 
INFO-VERILOG: Simulated time 104.993 ms 
INFO-VERILOG: Simulated time 107.993 ms 
INFO-VERILOG: Simulated time 110.993 ms 
INFO-VERILOG: Simulated time 113.993 ms 
INFO-VERILOG: Simulated time 116.993 ms 
INFO-VERILOG: Simulated time 119.993 ms 
INFO-VERILOG: Simulated time 122.993 ms 
INFO-VERILOG: Simulated time 125.993 ms 
INFO-VERILOG: Simulated time 128.993 ms 
INFO-VERILOG: Simulated time 131.993 ms 
INFO-VERILOG: Simulated time 134.993 ms 
INFO-VERILOG: Simulated time 137.993 ms 
INFO-VERILOG: Simulated time 140.993 ms 
INFO-VERILOG: Simulated time 143.993 ms 
INFO-VERILOG: Simulated time 146.993 ms 
INFO-VERILOG: Simulated time 149.993 ms 
INFO-VERILOG: Simulated time 152.993 ms 
INFO-VERILOG: Simulated time 155.993 ms 
INFO-VERILOG: Simulated time 158.993 ms 
INFO-VERILOG: Simulated time 161.993 ms 
INFO-VERILOG: Simulated time 164.993 ms 
INFO-VERILOG: Simulated time 167.993 ms 
INFO-VERILOG: Simulated time 170.993 ms 
INFO-VERILOG: Simulated time 173.993 ms 
INFO-VERILOG: Simulated time 176.993 ms 
INFO-VERILOG: Simulated time 179.993 ms 
INFO-VERILOG: Simulated time 182.993 ms 
INFO-VERILOG: Simulated time 185.993 ms 
INFO-VERILOG: Simulated time 188.993 ms 
INFO-VERILOG: Simulated time 191.993 ms 
INFO-VERILOG: Simulated time 194.993 ms 
INFO-VERILOG: Simulated time 197.993 ms 
INFO-VERILOG: Simulated time 200.993 ms 
INFO-VERILOG: Simulated time 203.993 ms 
INFO-VERILOG: Simulated time 206.993 ms 
INFO-VERILOG: Simulated time 209.993 ms 
INFO-VERILOG: Simulated time 212.993 ms 
INFO-VERILOG: Simulated time 215.993 ms 
INFO-VERILOG: Simulated time 218.993 ms 
INFO-VERILOG: Simulated time 221.993 ms 
INFO-VERILOG: Simulated time 224.993 ms 
INFO-VERILOG: Simulated time 227.993 ms 
INFO-VERILOG: Simulated time 230.993 ms 
INFO-VERILOG: Simulated time 233.993 ms 
INFO-VERILOG: Simulated time 236.993 ms 
INFO-VERILOG: Simulated time 239.993 ms 
INFO-VERILOG: Simulated time 242.993 ms 
INFO-VERILOG: Simulated time 245.993 ms 
INFO-VERILOG: Simulated time 248.993 ms 
INFO-VERILOG: Simulated time 251.993 ms 
INFO-VERILOG: Simulated time 254.993 ms 
INFO-VERILOG: Simulated time 257.993 ms 
INFO-VERILOG: Simulated time 260.993 ms 
INFO-VERILOG: Simulated time 263.993 ms 
INFO-VERILOG: Simulated time 266.993 ms 
INFO-VERILOG: Simulated time 269.993 ms 
INFO-VERILOG: Simulated time 272.993 ms 
INFO-VERILOG: Simulated time 275.993 ms 
INFO-VERILOG: Simulated time 278.993 ms 
INFO-VERILOG: Simulated time 281.993 ms 
INFO-VERILOG: Simulated time 284.993 ms 
INFO-VERILOG: Simulated time 287.993 ms 
INFO-VERILOG: Simulated time 290.993 ms 
INFO-VERILOG: Simulated time 293.993 ms 
INFO-VERILOG: Simulated time 296.993 ms 
INFO-VERILOG: Simulated time 299.993 ms 
INFO-VERILOG: Simulated time 302.993 ms 
INFO-VERILOG: Simulated time 305.993 ms 
INFO-VERILOG: Simulated time 308.993 ms 
INFO-VERILOG: Simulated time 311.993 ms 
INFO-VERILOG: Simulated time 314.993 ms 
INFO-VERILOG: Simulated time 317.993 ms 
INFO-VERILOG: Simulated time 320.993 ms 
INFO-VERILOG: Simulated time 323.993 ms 
INFO-VERILOG: Simulated time 326.993 ms 
INFO-VERILOG: Simulated time 329.993 ms 
INFO-VERILOG: Simulated time 332.993 ms 
INFO-VERILOG: Simulated time 335.993 ms 
INFO-VERILOG: Simulated time 338.993 ms 
INFO-VERILOG: Simulated time 341.993 ms 
INFO-VERILOG: Simulated time 344.993 ms 
INFO-VERILOG: Simulated time 347.993 ms 
INFO-VERILOG: Simulated time 350.993 ms 
INFO-VERILOG: Simulated time 353.993 ms 
INFO-VERILOG: Simulated time 356.993 ms 
INFO-VERILOG: Simulated time 359.993 ms 
INFO-VERILOG: Simulated time 362.993 ms 
INFO-VERILOG: Simulated time 365.993 ms 
INFO-VERILOG: Simulated time 368.993 ms 
INFO-VERILOG: Simulated time 371.993 ms 
INFO-VERILOG: Simulated time 374.993 ms 
INFO-VERILOG: Simulated time 377.993 ms 
INFO-VERILOG: Simulated time 380.993 ms 
INFO-VERILOG: Simulated time 383.993 ms 
INFO-VERILOG: Simulated time 386.993 ms 
INFO-VERILOG: Simulated time 389.993 ms 
INFO-VERILOG: Simulated time 392.993 ms 
INFO-VERILOG: Simulated time 395.993 ms 
INFO-VERILOG: Simulated time 398.993 ms 
INFO-VERILOG: Simulated time 401.993 ms 
INFO-VERILOG: Simulated time 404.993 ms 
INFO-VERILOG: Simulated time 407.993 ms 
INFO-VERILOG: Simulated time 410.993 ms 
INFO-VERILOG: Simulated time 413.993 ms 
INFO-VERILOG: Simulated time 416.993 ms 
INFO-VERILOG: Simulated time 419.993 ms 
INFO-VERILOG: Simulated time 422.993 ms 
INFO-VERILOG: Simulated time 425.993 ms 
INFO-VERILOG: Simulated time 428.993 ms 
INFO-VERILOG: Simulated time 431.993 ms 
INFO-VERILOG: Simulated time 434.993 ms 
INFO-VERILOG: Simulated time 437.993 ms 
INFO-VERILOG: Simulated time 440.993 ms 
INFO-VERILOG: Simulated time 443.993 ms 
INFO-VERILOG: Simulated time 446.993 ms 
INFO-VERILOG: Simulated time 449.993 ms 
INFO-VERILOG: Simulated time 452.993 ms 
INFO-VERILOG: Simulated time 455.993 ms 
INFO-VERILOG: Simulated time 458.993 ms 
INFO-VERILOG: Simulated time 461.993 ms 
INFO-VERILOG: Simulated time 464.993 ms 
INFO-VERILOG: Simulated time 467.993 ms 
INFO-VERILOG: Simulated time 470.993 ms 
INFO-VERILOG: Simulated time 473.993 ms 
INFO-VERILOG: Simulated time 476.993 ms 
INFO-VERILOG: Simulated time 479.993 ms 
INFO-VERILOG: Simulated time 482.993 ms 
INFO-VERILOG: Simulated time 485.993 ms 
INFO-VERILOG: Simulated time 488.993 ms 
INFO-VERILOG: Simulated time 491.993 ms 
INFO-VERILOG: Simulated time 494.993 ms 
INFO-VERILOG: Simulated time 497.993 ms 
INFO-VERILOG: Simulated time 500.993 ms 
INFO-VERILOG: Simulated time 503.993 ms 
INFO-VERILOG: Simulated time 506.993 ms 
INFO-VERILOG: Simulated time 509.993 ms 
INFO-VERILOG: Simulated time 512.993 ms 
INFO-VERILOG: Simulated time 515.993 ms 
INFO-VERILOG: Simulated time 518.993 ms 
INFO-VERILOG: Simulated time 521.993 ms 
INFO-VERILOG: Simulated time 524.993 ms 
INFO-VERILOG: Simulated time 527.993 ms 
INFO-VERILOG: Simulated time 530.993 ms 
INFO-VERILOG: Simulated time 533.993 ms 
INFO-VERILOG: Simulated time 536.993 ms 
INFO-VERILOG: Simulated time 539.993 ms 
INFO-VERILOG: Simulated time 542.993 ms 
INFO-VERILOG: Simulated time 545.993 ms 
INFO-VERILOG: Simulated time 548.993 ms 
INFO-VERILOG: Simulated time 551.993 ms 
INFO-VERILOG: Simulated time 554.993 ms 
INFO-VERILOG: Simulated time 557.993 ms 
INFO-VERILOG: Simulated time 560.993 ms 
INFO-VERILOG: Simulated time 563.993 ms 
INFO-VERILOG: Simulated time 566.993 ms 
INFO-VERILOG: Simulated time 569.993 ms 
INFO-VERILOG: Simulated time 572.993 ms 
INFO-VERILOG: Simulated time 575.993 ms 
INFO-VERILOG: Simulated time 578.993 ms 
INFO-VERILOG: Simulated time 581.993 ms 
INFO-VERILOG: Simulated time 584.993 ms 
INFO-VERILOG: Simulated time 587.993 ms 
INFO-VERILOG: Simulated time 590.993 ms 
INFO-VERILOG: Simulated time 593.993 ms 
INFO-VERILOG: Simulated time 596.993 ms 
INFO-VERILOG: Simulated time 599.993 ms 
INFO-VERILOG: Simulated time 602.993 ms 
INFO-VERILOG: Simulated time 605.993 ms 
INFO-VERILOG: Simulated time 608.993 ms 
INFO-VERILOG: Simulated time 611.993 ms 
INFO-VERILOG: Simulated time 614.993 ms 
INFO-VERILOG: Simulated time 617.993 ms 
INFO-VERILOG: Simulated time 620.993 ms 
INFO-VERILOG: Simulated time 623.993 ms 
INFO-VERILOG: Simulated time 626.993 ms 
INFO-VERILOG: Simulated time 629.993 ms 
INFO-VERILOG: Simulated time 632.993 ms 
INFO-VERILOG: Simulated time 635.993 ms 
INFO-VERILOG: Simulated time 638.993 ms 
INFO-VERILOG: Simulated time 641.993 ms 
INFO-VERILOG: Simulated time 644.993 ms 
INFO-VERILOG: Simulated time 647.993 ms 
INFO-VERILOG: Simulated time 650.993 ms 
INFO-VERILOG: Simulated time 653.993 ms 
INFO-VERILOG: Simulated time 656.993 ms 
INFO-VERILOG: Simulated time 659.993 ms 
INFO-VERILOG: Simulated time 662.993 ms 
INFO-VERILOG: Simulated time 665.993 ms 
INFO-VERILOG: Simulated time 668.993 ms 
INFO-VERILOG: Simulated time 671.993 ms 
INFO-VERILOG: Simulated time 674.993 ms 
INFO-VERILOG: Simulated time 677.993 ms 
INFO-VERILOG: Simulated time 680.993 ms 
INFO-VERILOG: Simulated time 683.993 ms 
INFO-VERILOG: Simulated time 686.993 ms 
INFO-VERILOG: Simulated time 689.993 ms 
INFO-VERILOG: Simulated time 692.993 ms 
INFO-VERILOG: Simulated time 695.993 ms 
INFO-VERILOG: Simulated time 698.993 ms 
INFO-VERILOG: Simulated time 701.993 ms 
INFO-VERILOG: Simulated time 704.993 ms 
INFO-VERILOG: Simulated time 707.993 ms 
INFO-VERILOG: Simulated time 710.993 ms 
INFO-VERILOG: Simulated time 713.993 ms 
INFO-VERILOG: Simulated time 716.993 ms 
INFO-VERILOG: Simulated time 719.993 ms 
INFO-VERILOG: Simulated time 722.993 ms 
INFO-VERILOG: Simulated time 725.993 ms 
INFO-VERILOG: Simulated time 728.993 ms 
INFO-VERILOG: Simulated time 731.993 ms 
INFO-VERILOG: Simulated time 734.993 ms 
INFO-VERILOG: Simulated time 737.993 ms 
INFO-VERILOG: Simulated time 740.993 ms 
INFO-VERILOG: Simulated time 743.993 ms 
INFO-VERILOG: Simulated time 746.993 ms 
INFO-VERILOG: Simulated time 749.993 ms 
INFO-VERILOG: Simulated time 752.993 ms 
INFO-VERILOG: Simulated time 755.993 ms 
INFO-VERILOG: Simulated time 758.993 ms 
INFO-VERILOG: Simulated time 761.993 ms 
INFO-VERILOG: Simulated time 764.993 ms 
INFO-VERILOG: Simulated time 767.993 ms 
INFO-VERILOG: Simulated time 770.993 ms 
INFO-VERILOG: Simulated time 773.993 ms 
INFO-VERILOG: Simulated time 776.993 ms 
INFO-VERILOG: Simulated time 779.993 ms 
INFO-VERILOG: Simulated time 782.993 ms 
INFO-VERILOG: Simulated time 785.993 ms 
INFO-VERILOG: Simulated time 788.993 ms 
INFO-VERILOG: Simulated time 791.993 ms 
INFO-VERILOG: Simulated time 794.993 ms 
INFO-VERILOG: Simulated time 797.993 ms 
INFO-VERILOG: Simulated time 800.993 ms 
INFO-VERILOG: Simulated time 803.993 ms 
INFO-VERILOG: Simulated time 806.993 ms 
INFO-VERILOG: Simulated time 809.993 ms 
INFO-VERILOG: Simulated time 812.993 ms 
INFO-VERILOG: Simulated time 815.993 ms 
INFO-VERILOG: Simulated time 818.993 ms 
INFO-VERILOG: Simulated time 821.993 ms 
INFO-VERILOG: Simulated time 824.993 ms 
INFO-VERILOG: Simulated time 827.993 ms 
INFO-VERILOG: Simulated time 830.993 ms 
INFO-VERILOG: Simulated time 833.993 ms 
INFO-VERILOG: Simulated time 836.993 ms 
INFO-VERILOG: Simulated time 839.993 ms 
INFO-VERILOG: Simulated time 842.993 ms 
INFO-VERILOG: Simulated time 845.993 ms 
INFO-VERILOG: Simulated time 848.993 ms 
INFO-VERILOG: Simulated time 851.993 ms 
INFO-VERILOG: Simulated time 854.993 ms 
INFO-VERILOG: Simulated time 857.993 ms 
INFO-VERILOG: Simulated time 860.993 ms 
INFO-VERILOG: Simulated time 863.993 ms 
INFO-VERILOG: Simulated time 866.993 ms 
INFO-VERILOG: Simulated time 869.993 ms 
INFO-VERILOG: Simulated time 872.993 ms 
INFO-VERILOG: Simulated time 875.993 ms 
INFO-VERILOG: Simulated time 878.993 ms 
INFO-VERILOG: Simulated time 881.993 ms 
INFO-VERILOG: Simulated time 884.993 ms 
INFO-VERILOG: Simulated time 887.993 ms 
INFO-VERILOG: Simulated time 890.993 ms 
INFO-VERILOG: Simulated time 893.993 ms 
INFO-VERILOG: Simulated time 896.993 ms 
INFO-VERILOG: Simulated time 899.993 ms 
INFO-VERILOG: Simulated time 902.993 ms 
INFO-VERILOG: Simulated time 905.993 ms 
INFO-VERILOG: Simulated time 908.993 ms 
INFO-VERILOG: Simulated time 911.993 ms 
INFO-VERILOG: Simulated time 914.993 ms 
INFO-VERILOG: Simulated time 917.993 ms 
INFO-VERILOG: Simulated time 920.993 ms 
INFO-VERILOG: Simulated time 923.993 ms 
INFO-VERILOG: Simulated time 926.993 ms 
INFO-VERILOG: Simulated time 929.993 ms 
INFO-VERILOG: Simulated time 932.993 ms 
INFO-VERILOG: Simulated time 935.993 ms 
INFO-VERILOG: Simulated time 938.993 ms 
INFO-VERILOG: Simulated time 941.993 ms 
INFO-VERILOG: Simulated time 944.993 ms 
INFO-VERILOG: Simulated time 947.993 ms 
INFO-VERILOG: Simulated time 950.993 ms 
INFO-VERILOG: Simulated time 953.993 ms 
INFO-VERILOG: Simulated time 956.993 ms 
INFO-VERILOG: Simulated time 959.993 ms 
INFO-VERILOG: Simulated time 962.993 ms 
INFO-VERILOG: Simulated time 965.993 ms 
INFO-VERILOG: Simulated time 968.993 ms 
INFO-VERILOG: Simulated time 971.993 ms 
INFO-VERILOG: Simulated time 974.993 ms 
INFO-VERILOG: Simulated time 977.993 ms 
INFO-VERILOG: Simulated time 980.993 ms 
INFO-VERILOG: Simulated time 983.993 ms 
INFO-VERILOG: Simulated time 986.993 ms 
INFO-VERILOG: Simulated time 989.993 ms 
INFO-VERILOG: Simulated time 992.993 ms 
INFO-VERILOG: Simulated time 995.993 ms 
INFO-VERILOG: Simulated time 998.993 ms 
INFO-VERILOG: Simulated time 1001.993 ms 
INFO-VERILOG: Simulated time 1004.993 ms 
INFO-VERILOG: Simulated time 1007.993 ms 
INFO-VERILOG: Simulated time 1010.993 ms 
INFO-VERILOG: Simulated time 1013.993 ms 
INFO-VERILOG: Simulated time 1016.993 ms 
INFO-VERILOG: Simulated time 1019.993 ms 
INFO-VERILOG: Simulated time 1022.993 ms 
INFO-VERILOG: Simulated time 1025.994 ms 
INFO-VERILOG: Simulated time 1028.994 ms 
INFO-VERILOG: Simulated time 1031.994 ms 
INFO-VERILOG: Simulated time 1034.994 ms 
INFO-VERILOG: Simulated time 1037.994 ms 
INFO-VERILOG: Simulated time 1040.994 ms 
INFO-VERILOG: Simulated time 1043.994 ms 
INFO-VERILOG: Simulated time 1046.994 ms 
INFO-VERILOG: Simulated time 1049.994 ms 
INFO-VERILOG: Simulated time 1052.994 ms 
INFO-VERILOG: Simulated time 1055.994 ms 
INFO-VERILOG: Simulated time 1058.994 ms 
INFO-VERILOG: Simulated time 1061.994 ms 
INFO-VERILOG: Simulated time 1064.994 ms 
INFO-VERILOG: Simulated time 1067.994 ms 
INFO-VERILOG: Simulated time 1070.994 ms 
INFO-VERILOG: Simulated time 1073.994 ms 
INFO-VERILOG: Coremark loop ended at 1074.265 ms 
INFO-VERILOG: CoreMark ticks      :    1056272
INFO-VERILOG: CoreMark per second : 2.840178
INFO-VERILOG: CoreMark per MHz    : 2.840178


2K performance run parameters for coremark.
CoreMark Size    : 666
Total ticks      : 1056266
Total time (secs): 0
ERROR! Must execute for at least 10 secs for a valid result!
Iterations       : 3
Compiler version : GCC10.4.0
Compiler flags   : -march=rv32im_zicsr_zifencei -mabi=ilp32 -O2 -g -nostartfiles -T arv/link_rodata_sram.ld arv/startup_rodata_sram.S  -DPERFORMANCE_RUN=1  
Memory location  : STACK
seedcrc          : 0xe9f5
[0]crclist       : 0xe714
[0]crcmatrix     : 0x1fd7
[0]crcstate      : 0x8e3a
[0]crcfinal      : 0x2e87
Errors detected

INFO-VERILOG: CoreMark is now done
 ===============================================
|               SIMULATION PASSED               |
 ===============================================


 ===============================================
| [Instruction/PC Checker] Summary              |
|   Total instruction/PC pairs checked: 960169
 ===============================================

SIMULATION SEED:   725473754

$finish called from file "/x2025/GPrj1/IC1/riscv/RISCV_CPU/arvern/bench/verilog/tb_arvern.v", line 941.
$finish at simulation time 1087947501.000 ns
           V C S   S i m u l a t i o n   R e p o r t 
Time: 1087947501000 ps
CPU Time:     52.070 seconds;       Data structure size:   0.3Mb
Tue Sep 29 17:29:20 2026
CPU time: 2.014 seconds to compile + .509 seconds to elab + .275 seconds to link + 52.161 seconds in simulation

#===================================================================#
#                        BENCHMARK RESULTS                          #
#===================================================================#

[34mCoreMark/MHz:[0m [1m[32m2.84[0m

