Command: vcs -full64 -sverilog -timescale=1ns/1ps -debug_access+all +v2k +incdir+/x2025/GPrj1/IC1/riscv/RISCV_CPU/cdp-tests/mySoC \
+incdir+/x2025/GPrj1/IC1/riscv/RISCV_CPU/cdp-tests/vsrc +define+PATH=/x2025/GPrj1/IC1/riscv/RISCV_CPU/cdp-tests/meminit.bin \
+define+FSDB -P /mnt/tools/synopsys/verdi/V-2023.12-SP2/share/PLI/VCS/LINUX64/novas.tab \
/mnt/tools/synopsys/verdi/V-2023.12-SP2/share/PLI/VCS/LINUX64/pli.a -CFLAGS -DVCS \
-CFLAGS -I/x2025/GPrj1/IC1/riscv/RISCV_CPU/cdp-tests/golden_model/include -LDFLAGS \
-Wl,-rpath,/mnt/tools/synopsys/verdi/V-2023.12-SP2/share/PLI/VCS/LINUX64 -LDFLAGS \
-Wl,-rpath,/x2025/GPrj1/IC1/riscv/RISCV_CPU/cdp-tests -top tb_miniRV_dpi -o /x2025/GPrj1/IC1/riscv/RISCV_CPU/cdp-tests/obj_vcs/simv \
-Mdir=/x2025/GPrj1/IC1/riscv/RISCV_CPU/cdp-tests/obj_vcs/csrc -l /x2025/GPrj1/IC1/riscv/RISCV_CPU/cdp-tests/obj_vcs/compile.log \
/x2025/GPrj1/IC1/riscv/RISCV_CPU/cdp-tests/mySoC/Control.v /x2025/GPrj1/IC1/riscv/RISCV_CPU/cdp-tests/mySoC/ALU.v \
/x2025/GPrj1/IC1/riscv/RISCV_CPU/cdp-tests/mySoC/MEM_WB.v /x2025/GPrj1/IC1/riscv/RISCV_CPU/cdp-tests/mySoC/ID_EX.v \
/x2025/GPrj1/IC1/riscv/RISCV_CPU/cdp-tests/mySoC/MUL_DIV.v /x2025/GPrj1/IC1/riscv/RISCV_CPU/cdp-tests/mySoC/SEXT.v \
/x2025/GPrj1/IC1/riscv/RISCV_CPU/cdp-tests/mySoC/ALU_input_MUX.v /x2025/GPrj1/IC1/riscv/RISCV_CPU/cdp-tests/mySoC/RegFile.v \
/x2025/GPrj1/IC1/riscv/RISCV_CPU/cdp-tests/mySoC/IF_ID.v /x2025/GPrj1/IC1/riscv/RISCV_CPU/cdp-tests/mySoC/NPC.v \
/x2025/GPrj1/IC1/riscv/RISCV_CPU/cdp-tests/mySoC/EX_wD_MUX1.v /x2025/GPrj1/IC1/riscv/RISCV_CPU/cdp-tests/mySoC/EX_MEM.v \
/x2025/GPrj1/IC1/riscv/RISCV_CPU/cdp-tests/mySoC/PC.v /x2025/GPrj1/IC1/riscv/RISCV_CPU/cdp-tests/mySoC/MEM_wD_MUX.v \
/x2025/GPrj1/IC1/riscv/RISCV_CPU/cdp-tests/mySoC/mycpu.v /x2025/GPrj1/IC1/riscv/RISCV_CPU/cdp-tests/mySoC/Hazard_Detection.v \
/x2025/GPrj1/IC1/riscv/RISCV_CPU/cdp-tests/mySoC/MEM.v /x2025/GPrj1/IC1/riscv/RISCV_CPU/cdp-tests/mySoC/miniRV_SoC.v \
/x2025/GPrj1/IC1/riscv/RISCV_CPU/cdp-tests/vsrc/ram.v /x2025/GPrj1/IC1/riscv/RISCV_CPU/cdp-tests/tb/tb_miniRV_dpi.sv \
/x2025/GPrj1/IC1/riscv/RISCV_CPU/cdp-tests/tb/tb_miniRV.sv /x2025/GPrj1/IC1/riscv/RISCV_CPU/cdp-tests/dpi/dpi_shim.c \
/x2025/GPrj1/IC1/riscv/RISCV_CPU/cdp-tests/golden_model/emu.c /x2025/GPrj1/IC1/riscv/RISCV_CPU/cdp-tests/golden_model/stage/MEM.c \
/x2025/GPrj1/IC1/riscv/RISCV_CPU/cdp-tests/golden_model/stage/ID.c /x2025/GPrj1/IC1/riscv/RISCV_CPU/cdp-tests/golden_model/stage/EX.c \
/x2025/GPrj1/IC1/riscv/RISCV_CPU/cdp-tests/golden_model/stage/WB.c /x2025/GPrj1/IC1/riscv/RISCV_CPU/cdp-tests/golden_model/stage/IF.c \
/x2025/GPrj1/IC1/riscv/RISCV_CPU/cdp-tests/golden_model/peripheral/result_monitor.c \
/x2025/GPrj1/IC1/riscv/RISCV_CPU/cdp-tests/golden_model/peripheral/onboard.c
                         Chronologic VCS (TM)
       Version V-2023.12-SP2_Full64 -- Mon Sep 21 19:50:29 2026

                    Copyright (c) 1991 - 2024 Synopsys, Inc.
   This software and the associated documentation are proprietary to Synopsys,
 Inc. This software may only be used in accordance with the terms and conditions
 of a written license agreement with Synopsys, Inc. All other use, reproduction,
   or distribution of this software is strictly prohibited.  Licensed Products
     communicate with Synopsys servers for the purpose of providing software
    updates, detecting software piracy and verifying that customers are using
    Licensed Products in conformity with the applicable License Key for such
  Licensed Products. Synopsys will use information gathered in connection with
    this process to deliver software updates and pursue software pirates and
                                   infringers.

 Inclusivity & Diversity - Visit SolvNetPlus to read the "Synopsys Statement on
            Inclusivity and Diversity" (Refer to article 000036315 at
                        https://solvnetplus.synopsys.com)


Warning-[UFTMD] User function/task multiply defined
/mnt/tools/synopsys/verdi/V-2023.12-SP2/share/PLI/VCS/LINUX64/verdi.tab, 1
  The function/task '$fsdbDumpvars' has mismatching multiple definitions in 
  PLI table(s):
  call=novas_call_fsdbDumpvars vs call=novas_call_phaseout_fsdbDumpvars
  This definition is ignored.
  The previous definition is in:
  /mnt/tools/synopsys/verdi/V-2023.12-SP2/share/PLI/VCS/LINUX64/novas.tab, 2


Warning-[UFTMD] User function/task multiply defined
/mnt/tools/synopsys/verdi/V-2023.12-SP2/share/PLI/VCS/LINUX64/verdi.tab, 2
  The function/task '$fsdbDumpvarsES' has mismatching multiple definitions in 
  PLI table(s):
  call=novas_call_fsdbDumpvarsES vs call=novas_call_phaseout_fsdbDumpvarsES
  This definition is ignored.
  The previous definition is in:
  /mnt/tools/synopsys/verdi/V-2023.12-SP2/share/PLI/VCS/LINUX64/novas.tab, 3


Warning-[UFTMD] User function/task multiply defined
/mnt/tools/synopsys/verdi/V-2023.12-SP2/share/PLI/VCS/LINUX64/verdi.tab, 3
  The function/task '$fsdbDumpMDA' has mismatching multiple definitions in PLI
  table(s):
  call=novas_call_fsdbDumpMDA vs call=novas_call_phaseout_fsdbDumpMDA
  This definition is ignored.
  The previous definition is in:
  /mnt/tools/synopsys/verdi/V-2023.12-SP2/share/PLI/VCS/LINUX64/novas.tab, 4


Warning-[UFTMD] User function/task multiply defined
/mnt/tools/synopsys/verdi/V-2023.12-SP2/share/PLI/VCS/LINUX64/verdi.tab, 4
  The function/task '$fsdbDumpSVA' has mismatching multiple definitions in PLI
  table(s):
  call=novas_call_fsdbDumpSVA vs call=novas_call_phaseout_fsdbDumpSVA
  This definition is ignored.
  The previous definition is in:
  /mnt/tools/synopsys/verdi/V-2023.12-SP2/share/PLI/VCS/LINUX64/novas.tab, 5


Warning-[UFTMD] User function/task multiply defined
/mnt/tools/synopsys/verdi/V-2023.12-SP2/share/PLI/VCS/LINUX64/verdi.tab, 5
  The function/task '$fsdbDumpvarsByFile' has mismatching multiple definitions
  in PLI table(s):
  call=novas_call_fsdbDumpvarsByFile vs 
  call=novas_call_phaseout_fsdbDumpvarsByFile
  This definition is ignored.
  The previous definition is in:
  /mnt/tools/synopsys/verdi/V-2023.12-SP2/share/PLI/VCS/LINUX64/novas.tab, 6


Warning-[UFTMD] User function/task multiply defined
/mnt/tools/synopsys/verdi/V-2023.12-SP2/share/PLI/VCS/LINUX64/verdi.tab, 6
  The function/task '$fsdbSuppress' has mismatching multiple definitions in 
  PLI table(s):
  call=novas_call_fsdbSuppress vs call=novas_call_phaseout_fsdbSuppress
  This definition is ignored.
  The previous definition is in:
  /mnt/tools/synopsys/verdi/V-2023.12-SP2/share/PLI/VCS/LINUX64/novas.tab, 7


Warning-[UFTMD] User function/task multiply defined
/mnt/tools/synopsys/verdi/V-2023.12-SP2/share/PLI/VCS/LINUX64/verdi.tab, 7
  The function/task '$fsdbDumpon' has mismatching multiple definitions in PLI 
  table(s):
  call=novas_call_fsdbDumpon vs call=novas_call_phaseout_fsdbDumpon
  This definition is ignored.
  The previous definition is in:
  /mnt/tools/synopsys/verdi/V-2023.12-SP2/share/PLI/VCS/LINUX64/novas.tab, 8


Warning-[UFTMD] User function/task multiply defined
/mnt/tools/synopsys/verdi/V-2023.12-SP2/share/PLI/VCS/LINUX64/verdi.tab, 8
  The function/task '$fsdbDumpoff' has mismatching multiple definitions in PLI
  table(s):
  call=novas_call_fsdbDumpoff vs call=novas_call_phaseout_fsdbDumpoff
  This definition is ignored.
  The previous definition is in:
  /mnt/tools/synopsys/verdi/V-2023.12-SP2/share/PLI/VCS/LINUX64/novas.tab, 9


Warning-[UFTMD] User function/task multiply defined
/mnt/tools/synopsys/verdi/V-2023.12-SP2/share/PLI/VCS/LINUX64/verdi.tab, 9
  The function/task '$fsdbSwitchDumpfile' has mismatching multiple definitions
  in PLI table(s):
  call=novas_call_fsdbSwitchDumpfile vs 
  call=novas_call_phaseout_fsdbSwitchDumpfile
  This definition is ignored.
  The previous definition is in:
  /mnt/tools/synopsys/verdi/V-2023.12-SP2/share/PLI/VCS/LINUX64/novas.tab, 10


Warning-[UFTMD] User function/task multiply defined
/mnt/tools/synopsys/verdi/V-2023.12-SP2/share/PLI/VCS/LINUX64/verdi.tab, 10
  The function/task '$fsdbDumpfile' has mismatching multiple definitions in 
  PLI table(s):
  call=novas_call_fsdbDumpfile vs call=novas_call_phaseout_fsdbDumpfile
  This definition is ignored.
  The previous definition is in:
  /mnt/tools/synopsys/verdi/V-2023.12-SP2/share/PLI/VCS/LINUX64/novas.tab, 11


Warning-[UFTMD] User function/task multiply defined
/mnt/tools/synopsys/verdi/V-2023.12-SP2/share/PLI/VCS/LINUX64/verdi.tab, 11
  The function/task '$fsdbAutoSwitchDumpfile' has mismatching multiple 
  definitions in PLI table(s):
  call=novas_call_fsdbAutoSwitchDumpfile vs 
  call=novas_call_phaseout_fsdbAutoSwitchDumpfile
  This definition is ignored.
  The previous definition is in:
  /mnt/tools/synopsys/verdi/V-2023.12-SP2/share/PLI/VCS/LINUX64/novas.tab, 12


Warning-[UFTMD] User function/task multiply defined
/mnt/tools/synopsys/verdi/V-2023.12-SP2/share/PLI/VCS/LINUX64/verdi.tab, 12
  The function/task '$fsdbDumpFinish' has mismatching multiple definitions in 
  PLI table(s):
  call=novas_call_fsdbDumpFinish vs call=novas_call_phaseout_fsdbDumpFinish
  This definition is ignored.
  The previous definition is in:
  /mnt/tools/synopsys/verdi/V-2023.12-SP2/share/PLI/VCS/LINUX64/novas.tab, 13


Warning-[UFTMD] User function/task multiply defined
/mnt/tools/synopsys/verdi/V-2023.12-SP2/share/PLI/VCS/LINUX64/verdi.tab, 13
  The function/task '$fsdbDumpflush' has mismatching multiple definitions in 
  PLI table(s):
  call=novas_call_fsdbDumpflush vs call=novas_call_phaseout_fsdbDumpflush
  This definition is ignored.
  The previous definition is in:
  /mnt/tools/synopsys/verdi/V-2023.12-SP2/share/PLI/VCS/LINUX64/novas.tab, 14


Warning-[UFTMD] User function/task multiply defined
/mnt/tools/synopsys/verdi/V-2023.12-SP2/share/PLI/VCS/LINUX64/verdi.tab, 14
  The function/task '$fsdbLog' has mismatching multiple definitions in PLI 
  table(s):
  call=novas_call_fsdbLog vs call=novas_call_phaseout_fsdbLog
  This definition is ignored.
  The previous definition is in:
  /mnt/tools/synopsys/verdi/V-2023.12-SP2/share/PLI/VCS/LINUX64/novas.tab, 15


Warning-[UFTMD] User function/task multiply defined
/mnt/tools/synopsys/verdi/V-2023.12-SP2/share/PLI/VCS/LINUX64/verdi.tab, 15
  The function/task '$fsdbAddRuntimeSignal' has mismatching multiple 
  definitions in PLI table(s):
  call=novas_call_fsdbAddRuntimeSignal vs 
  call=novas_call_phaseout_fsdbAddRuntimeSignal
  This definition is ignored.
  The previous definition is in:
  /mnt/tools/synopsys/verdi/V-2023.12-SP2/share/PLI/VCS/LINUX64/novas.tab, 16


Warning-[UFTMD] User function/task multiply defined
/mnt/tools/synopsys/verdi/V-2023.12-SP2/share/PLI/VCS/LINUX64/verdi.tab, 16
  The function/task '$fsdbDumpSC' has mismatching multiple definitions in PLI 
  table(s):
  call=novas_call_fsdbDumpSC vs call=novas_call_phaseout_fsdbDumpSC
  This definition is ignored.
  The previous definition is in:
  /mnt/tools/synopsys/verdi/V-2023.12-SP2/share/PLI/VCS/LINUX64/novas.tab, 17


Warning-[UFTMD] User function/task multiply defined
/mnt/tools/synopsys/verdi/V-2023.12-SP2/share/PLI/VCS/LINUX64/verdi.tab, 17
  The function/task '$fsdbDumpvarsToFile' has mismatching multiple definitions
  in PLI table(s):
  call=novas_call_fsdbDumpvarsToFile vs 
  call=novas_call_phaseout_fsdbDumpvarsToFile
  This definition is ignored.
  The previous definition is in:
  /mnt/tools/synopsys/verdi/V-2023.12-SP2/share/PLI/VCS/LINUX64/novas.tab, 18


Warning-[UFTMD] User function/task multiply defined
/mnt/tools/synopsys/verdi/V-2023.12-SP2/share/PLI/VCS/LINUX64/verdi.tab, 18
  The function/task '$sps_create_transaction_stream' has mismatching multiple 
  definitions in PLI table(s):
  call=novas_call_sps_create_transaction_stream vs 
  call=novas_call_phaseout_sps_create_transaction_stream
  This definition is ignored.
  The previous definition is in:
  /mnt/tools/synopsys/verdi/V-2023.12-SP2/share/PLI/VCS/LINUX64/novas.tab, 19


Warning-[UFTMD] User function/task multiply defined
/mnt/tools/synopsys/verdi/V-2023.12-SP2/share/PLI/VCS/LINUX64/verdi.tab, 19
  The function/task '$sps_begin_transaction' has mismatching multiple 
  definitions in PLI table(s):
  call=novas_call_sps_begin_transaction vs 
  call=novas_call_phaseout_sps_begin_transaction
  This definition is ignored.
  The previous definition is in:
  /mnt/tools/synopsys/verdi/V-2023.12-SP2/share/PLI/VCS/LINUX64/novas.tab, 20


Warning-[UFTMD] User function/task multiply defined
/mnt/tools/synopsys/verdi/V-2023.12-SP2/share/PLI/VCS/LINUX64/verdi.tab, 20
  The function/task '$sps_end_transaction' has mismatching multiple 
  definitions in PLI table(s):
  call=novas_call_sps_end_transaction vs 
  call=novas_call_phaseout_sps_end_transaction
  This definition is ignored.
  The previous definition is in:
  /mnt/tools/synopsys/verdi/V-2023.12-SP2/share/PLI/VCS/LINUX64/novas.tab, 21


Warning-[UFTMD] User function/task multiply defined
/mnt/tools/synopsys/verdi/V-2023.12-SP2/share/PLI/VCS/LINUX64/verdi.tab, 21
  The function/task '$sps_free_transaction' has mismatching multiple 
  definitions in PLI table(s):
  call=novas_call_sps_free_transaction vs 
  call=novas_call_phaseout_sps_free_transaction
  This definition is ignored.
  The previous definition is in:
  /mnt/tools/synopsys/verdi/V-2023.12-SP2/share/PLI/VCS/LINUX64/novas.tab, 22


Warning-[UFTMD] User function/task multiply defined
/mnt/tools/synopsys/verdi/V-2023.12-SP2/share/PLI/VCS/LINUX64/verdi.tab, 22
  The function/task '$sps_add_attribute' has mismatching multiple definitions 
  in PLI table(s):
  call=novas_call_sps_add_attribute vs 
  call=novas_call_phaseout_sps_add_attribute
  This definition is ignored.
  The previous definition is in:
  /mnt/tools/synopsys/verdi/V-2023.12-SP2/share/PLI/VCS/LINUX64/novas.tab, 23


Warning-[UFTMD] User function/task multiply defined
/mnt/tools/synopsys/verdi/V-2023.12-SP2/share/PLI/VCS/LINUX64/verdi.tab, 23
  The function/task '$sps_update_label' has mismatching multiple definitions 
  in PLI table(s):
  call=novas_call_sps_update_label vs 
  call=novas_call_phaseout_sps_update_label
  This definition is ignored.
  The previous definition is in:
  /mnt/tools/synopsys/verdi/V-2023.12-SP2/share/PLI/VCS/LINUX64/novas.tab, 24


Warning-[UFTMD] User function/task multiply defined
/mnt/tools/synopsys/verdi/V-2023.12-SP2/share/PLI/VCS/LINUX64/verdi.tab, 24
  The function/task '$sps_add_relation' has mismatching multiple definitions 
  in PLI table(s):
  call=novas_call_sps_add_relation vs 
  call=novas_call_phaseout_sps_add_relation
  This definition is ignored.
  The previous definition is in:
  /mnt/tools/synopsys/verdi/V-2023.12-SP2/share/PLI/VCS/LINUX64/novas.tab, 25


Warning-[UFTMD] User function/task multiply defined
/mnt/tools/synopsys/verdi/V-2023.12-SP2/share/PLI/VCS/LINUX64/verdi.tab, 25
  The function/task '$fsdbWhatif' has mismatching multiple definitions in PLI 
  table(s):
  call=novas_call_fsdbWhatif vs call=novas_call_phaseout_fsdbWhatif
  This definition is ignored.
  The previous definition is in:
  /mnt/tools/synopsys/verdi/V-2023.12-SP2/share/PLI/VCS/LINUX64/novas.tab, 26


Warning-[UFTMD] User function/task multiply defined
/mnt/tools/synopsys/verdi/V-2023.12-SP2/share/PLI/VCS/LINUX64/verdi.tab, 26
  The function/task '$paa_init' has mismatching multiple definitions in PLI 
  table(s):
  call=novas_call_paa_init vs call=novas_call_phaseout_paa_init
  This definition is ignored.
  The previous definition is in:
  /mnt/tools/synopsys/verdi/V-2023.12-SP2/share/PLI/VCS/LINUX64/novas.tab, 27


Warning-[UFTMD] User function/task multiply defined
/mnt/tools/synopsys/verdi/V-2023.12-SP2/share/PLI/VCS/LINUX64/verdi.tab, 27
  The function/task '$paa_sync' has mismatching multiple definitions in PLI 
  table(s):
  call=novas_call_paa_sync vs call=novas_call_phaseout_paa_sync
  This definition is ignored.
  The previous definition is in:
  /mnt/tools/synopsys/verdi/V-2023.12-SP2/share/PLI/VCS/LINUX64/novas.tab, 28


Warning-[UFTMD] User function/task multiply defined
/mnt/tools/synopsys/verdi/V-2023.12-SP2/share/PLI/VCS/LINUX64/verdi.tab, 28
  The function/task '$fsdbDumpClassMethod' has mismatching multiple 
  definitions in PLI table(s):
  call=novas_call_fsdbDumpClassMethod vs 
  call=novas_call_phaseout_fsdbDumpClassMethod
  This definition is ignored.
  The previous definition is in:
  /mnt/tools/synopsys/verdi/V-2023.12-SP2/share/PLI/VCS/LINUX64/novas.tab, 29


Warning-[UFTMD] User function/task multiply defined
/mnt/tools/synopsys/verdi/V-2023.12-SP2/share/PLI/VCS/LINUX64/verdi.tab, 29
  The function/task '$fsdbSuppressClassMethod' has mismatching multiple 
  definitions in PLI table(s):
  call=novas_call_fsdbSuppressClassMethod vs 
  call=novas_call_phaseout_fsdbSuppressClassMethod
  This definition is ignored.
  The previous definition is in:
  /mnt/tools/synopsys/verdi/V-2023.12-SP2/share/PLI/VCS/LINUX64/novas.tab, 30


Warning-[UFTMD] User function/task multiply defined
/mnt/tools/synopsys/verdi/V-2023.12-SP2/share/PLI/VCS/LINUX64/verdi.tab, 30
  The function/task '$fsdbSuppressClassProp' has mismatching multiple 
  definitions in PLI table(s):
  call=novas_call_fsdbSuppressClassProp vs 
  call=novas_call_phaseout_fsdbSuppressClassProp
  This definition is ignored.
  The previous definition is in:
  /mnt/tools/synopsys/verdi/V-2023.12-SP2/share/PLI/VCS/LINUX64/novas.tab, 31


Warning-[UFTMD] User function/task multiply defined
/mnt/tools/synopsys/verdi/V-2023.12-SP2/share/PLI/VCS/LINUX64/verdi.tab, 31
  The function/task '$fsdbDumpMDAByFile' has mismatching multiple definitions 
  in PLI table(s):
  call=novas_call_fsdbDumpMDAByFile vs 
  call=novas_call_phaseout_fsdbDumpMDAByFile
  This definition is ignored.
  The previous definition is in:
  /mnt/tools/synopsys/verdi/V-2023.12-SP2/share/PLI/VCS/LINUX64/novas.tab, 32


Warning-[UFTMD] User function/task multiply defined
/mnt/tools/synopsys/verdi/V-2023.12-SP2/share/PLI/VCS/LINUX64/verdi.tab, 33
  The function/task '$fsdbTrans_create_stream_begin' has mismatching multiple 
  definitions in PLI table(s):
  call=novas_call_fsdbEvent_create_stream_begin vs 
  call=novas_call_phaseout_fsdbEvent_create_stream_begin
  This definition is ignored.
  The previous definition is in:
  /mnt/tools/synopsys/verdi/V-2023.12-SP2/share/PLI/VCS/LINUX64/novas.tab, 34


Warning-[UFTMD] User function/task multiply defined
/mnt/tools/synopsys/verdi/V-2023.12-SP2/share/PLI/VCS/LINUX64/verdi.tab, 34
  The function/task '$fsdbTrans_define_attribute' has mismatching multiple 
  definitions in PLI table(s):
  call=novas_call_fsdbEvent_add_stream_attribute vs 
  call=novas_call_phaseout_fsdbEvent_add_stream_attribute
  This definition is ignored.
  The previous definition is in:
  /mnt/tools/synopsys/verdi/V-2023.12-SP2/share/PLI/VCS/LINUX64/novas.tab, 35


Warning-[UFTMD] User function/task multiply defined
/mnt/tools/synopsys/verdi/V-2023.12-SP2/share/PLI/VCS/LINUX64/verdi.tab, 35
  The function/task '$fsdbTrans_create_stream_end' has mismatching multiple 
  definitions in PLI table(s):
  call=novas_call_fsdbEvent_create_stream_end vs 
  call=novas_call_phaseout_fsdbEvent_create_stream_end
  This definition is ignored.
  The previous definition is in:
  /mnt/tools/synopsys/verdi/V-2023.12-SP2/share/PLI/VCS/LINUX64/novas.tab, 36


Warning-[UFTMD] User function/task multiply defined
/mnt/tools/synopsys/verdi/V-2023.12-SP2/share/PLI/VCS/LINUX64/verdi.tab, 36
  The function/task '$fsdbTrans_begin' has mismatching multiple definitions in
  PLI table(s):
  call=novas_call_fsdbEvent_begin vs call=novas_call_phaseout_fsdbEvent_begin
  This definition is ignored.
  The previous definition is in:
  /mnt/tools/synopsys/verdi/V-2023.12-SP2/share/PLI/VCS/LINUX64/novas.tab, 37


Warning-[UFTMD] User function/task multiply defined
/mnt/tools/synopsys/verdi/V-2023.12-SP2/share/PLI/VCS/LINUX64/verdi.tab, 37
  The function/task '$fsdbTrans_set_label' has mismatching multiple 
  definitions in PLI table(s):
  call=novas_call_fsdbEvent_set_label vs 
  call=novas_call_phaseout_fsdbEvent_set_label
  This definition is ignored.
  The previous definition is in:
  /mnt/tools/synopsys/verdi/V-2023.12-SP2/share/PLI/VCS/LINUX64/novas.tab, 38


Warning-[UFTMD] User function/task multiply defined
/mnt/tools/synopsys/verdi/V-2023.12-SP2/share/PLI/VCS/LINUX64/verdi.tab, 38
  The function/task '$fsdbTrans_add_attribute' has mismatching multiple 
  definitions in PLI table(s):
  call=novas_call_fsdbEvent_add_attribute vs 
  call=novas_call_phaseout_fsdbEvent_add_attribute
  This definition is ignored.
  The previous definition is in:
  /mnt/tools/synopsys/verdi/V-2023.12-SP2/share/PLI/VCS/LINUX64/novas.tab, 39


Warning-[UFTMD] User function/task multiply defined
/mnt/tools/synopsys/verdi/V-2023.12-SP2/share/PLI/VCS/LINUX64/verdi.tab, 39
  The function/task '$fsdbTrans_add_tag' has mismatching multiple definitions 
  in PLI table(s):
  call=novas_call_fsdbEvent_add_tag vs 
  call=novas_call_phaseout_fsdbEvent_add_tag
  This definition is ignored.
  The previous definition is in:
  /mnt/tools/synopsys/verdi/V-2023.12-SP2/share/PLI/VCS/LINUX64/novas.tab, 40


Warning-[UFTMD] User function/task multiply defined
/mnt/tools/synopsys/verdi/V-2023.12-SP2/share/PLI/VCS/LINUX64/verdi.tab, 40
  The function/task '$fsdbTrans_end' has mismatching multiple definitions in 
  PLI table(s):
  call=novas_call_fsdbEvent_end vs call=novas_call_phaseout_fsdbEvent_end
  This definition is ignored.
  The previous definition is in:
  /mnt/tools/synopsys/verdi/V-2023.12-SP2/share/PLI/VCS/LINUX64/novas.tab, 41


Warning-[UFTMD] User function/task multiply defined
/mnt/tools/synopsys/verdi/V-2023.12-SP2/share/PLI/VCS/LINUX64/verdi.tab, 41
  The function/task '$fsdbTrans_add_relation' has mismatching multiple 
  definitions in PLI table(s):
  call=novas_call_fsdbEvent_add_relation vs 
  call=novas_call_phaseout_fsdbEvent_add_relation
  This definition is ignored.
  The previous definition is in:
  /mnt/tools/synopsys/verdi/V-2023.12-SP2/share/PLI/VCS/LINUX64/novas.tab, 42


Warning-[UFTMD] User function/task multiply defined
/mnt/tools/synopsys/verdi/V-2023.12-SP2/share/PLI/VCS/LINUX64/verdi.tab, 42
  The function/task '$fsdbTrans_get_error_code' has mismatching multiple 
  definitions in PLI table(s):
  call=novas_call_fsdbEvent_get_error_code vs 
  call=novas_call_phaseout_fsdbEvent_get_error_code
  This definition is ignored.
  The previous definition is in:
  /mnt/tools/synopsys/verdi/V-2023.12-SP2/share/PLI/VCS/LINUX64/novas.tab, 43


Warning-[UFTMD] User function/task multiply defined
/mnt/tools/synopsys/verdi/V-2023.12-SP2/share/PLI/VCS/LINUX64/verdi.tab, 43
  The function/task '$fsdbTrans_add_stream_attribute' has mismatching multiple
  definitions in PLI table(s):
  call=novas_call_fsdbTrans_add_stream_attribute vs 
  call=novas_call_phaseout_fsdbTrans_add_stream_attribute
  This definition is ignored.
  The previous definition is in:
  /mnt/tools/synopsys/verdi/V-2023.12-SP2/share/PLI/VCS/LINUX64/novas.tab, 44


Warning-[UFTMD] User function/task multiply defined
/mnt/tools/synopsys/verdi/V-2023.12-SP2/share/PLI/VCS/LINUX64/verdi.tab, 44
  The function/task '$fsdbTrans_add_scope_attribute' has mismatching multiple 
  definitions in PLI table(s):
  call=novas_call_fsdbTrans_add_scope_attribute vs 
  call=novas_call_phaseout_fsdbTrans_add_scope_attribute
  This definition is ignored.
  The previous definition is in:
  /mnt/tools/synopsys/verdi/V-2023.12-SP2/share/PLI/VCS/LINUX64/novas.tab, 45


Warning-[UFTMD] User function/task multiply defined
/mnt/tools/synopsys/verdi/V-2023.12-SP2/share/PLI/VCS/LINUX64/verdi.tab, 45
  The function/task '$sps_interactive' has mismatching multiple definitions in
  PLI table(s):
  call=novas_call_sps_interactive vs call=novas_call_phaseout_sps_interactive
  This definition is ignored.
  The previous definition is in:
  /mnt/tools/synopsys/verdi/V-2023.12-SP2/share/PLI/VCS/LINUX64/novas.tab, 46


Warning-[UFTMD] User function/task multiply defined
/mnt/tools/synopsys/verdi/V-2023.12-SP2/share/PLI/VCS/LINUX64/verdi.tab, 46
  The function/task '$sps_test' has mismatching multiple definitions in PLI 
  table(s):
  call=novas_call_sps_test vs call=novas_call_phaseout_sps_test
  This definition is ignored.
  The previous definition is in:
  /mnt/tools/synopsys/verdi/V-2023.12-SP2/share/PLI/VCS/LINUX64/novas.tab, 47


Warning-[UFTMD] User function/task multiply defined
/mnt/tools/synopsys/verdi/V-2023.12-SP2/share/PLI/VCS/LINUX64/verdi.tab, 47
  The function/task '$fsdbDumpClassObject' has mismatching multiple 
  definitions in PLI table(s):
  call=novas_call_fsdbDumpClassObject vs 
  call=novas_call_phaseout_fsdbDumpClassObject
  This definition is ignored.
  The previous definition is in:
  /mnt/tools/synopsys/verdi/V-2023.12-SP2/share/PLI/VCS/LINUX64/novas.tab, 48


Warning-[UFTMD] User function/task multiply defined
/mnt/tools/synopsys/verdi/V-2023.12-SP2/share/PLI/VCS/LINUX64/verdi.tab, 48
  The function/task '$fsdbDumpClassObjectByFile' has mismatching multiple 
  definitions in PLI table(s):
  call=novas_call_fsdbDumpClassObjectByFile vs 
  call=novas_call_phaseout_fsdbDumpClassObjectByFile
  This definition is ignored.
  The previous definition is in:
  /mnt/tools/synopsys/verdi/V-2023.12-SP2/share/PLI/VCS/LINUX64/novas.tab, 49


Warning-[UFTMD] User function/task multiply defined
/mnt/tools/synopsys/verdi/V-2023.12-SP2/share/PLI/VCS/LINUX64/verdi.tab, 49
  The function/task '$fsdbTrans_add_attribute_expand' has mismatching multiple
  definitions in PLI table(s):
  call=novas_call_fsdbEvent_add_attribute_expand vs 
  call=novas_call_phaseout_fsdbEvent_add_attribute_expand
  This definition is ignored.
  The previous definition is in:
  /mnt/tools/synopsys/verdi/V-2023.12-SP2/share/PLI/VCS/LINUX64/novas.tab, 50


Warning-[UFTMD] User function/task multiply defined
/mnt/tools/synopsys/verdi/V-2023.12-SP2/share/PLI/VCS/LINUX64/verdi.tab, 50
  The function/task '$ridbDump' has mismatching multiple definitions in PLI 
  table(s):
  call=novas_call_ridbDump vs call=novas_call_phaseout_ridbDump
  This definition is ignored.
  The previous definition is in:
  /mnt/tools/synopsys/verdi/V-2023.12-SP2/share/PLI/VCS/LINUX64/novas.tab, 51


Warning-[UFTMD] User function/task multiply defined
/mnt/tools/synopsys/verdi/V-2023.12-SP2/share/PLI/VCS/LINUX64/verdi.tab, 51
  The function/task '$sps_flush_file' has mismatching multiple definitions in 
  PLI table(s):
  call=novas_call_sps_flush_file vs call=novas_call_phaseout_sps_flush_file
  This definition is ignored.
  The previous definition is in:
  /mnt/tools/synopsys/verdi/V-2023.12-SP2/share/PLI/VCS/LINUX64/novas.tab, 52


Warning-[UFTMD] User function/task multiply defined
/mnt/tools/synopsys/verdi/V-2023.12-SP2/share/PLI/VCS/LINUX64/verdi.tab, 52
  The function/task '$fsdbDumpPSL' has mismatching multiple definitions in PLI
  table(s):
  call=novas_call_fsdbDumpPSL vs call=novas_call_phaseout_fsdbDumpPSL
  This definition is ignored.
  The previous definition is in:
  /mnt/tools/synopsys/verdi/V-2023.12-SP2/share/PLI/VCS/LINUX64/novas.tab, 53


Warning-[UFTMD] User function/task multiply defined
/mnt/tools/synopsys/verdi/V-2023.12-SP2/share/PLI/VCS/LINUX64/verdi.tab, 53
  The function/task '$fsdbDisplay' has mismatching multiple definitions in PLI
  table(s):
  call=novas_call_fsdbDisplay vs call=novas_call_phaseout_fsdbDisplay
  This definition is ignored.
  The previous definition is in:
  /mnt/tools/synopsys/verdi/V-2023.12-SP2/share/PLI/VCS/LINUX64/novas.tab, 54


Warning-[UFTMD] User function/task multiply defined
/mnt/tools/synopsys/verdi/V-2023.12-SP2/share/PLI/VCS/LINUX64/verdi.tab, 54
  The function/task '$fsdbDumplimit' has mismatching multiple definitions in 
  PLI table(s):
  call=novas_call_fsdbDumplimit vs call=novas_call_phaseout_fsdbDumplimit
  This definition is ignored.
  The previous definition is in:
  /mnt/tools/synopsys/verdi/V-2023.12-SP2/share/PLI/VCS/LINUX64/novas.tab, 55


Warning-[UFTMD] User function/task multiply defined
/mnt/tools/synopsys/verdi/V-2023.12-SP2/share/PLI/VCS/LINUX64/verdi.tab, 55
  The function/task '$fsdbDumpMem' has mismatching multiple definitions in PLI
  table(s):
  call=novas_call_fsdbDumpMem vs call=novas_call_phaseout_fsdbDumpMem
  This definition is ignored.
  The previous definition is in:
  /mnt/tools/synopsys/verdi/V-2023.12-SP2/share/PLI/VCS/LINUX64/novas.tab, 56


Warning-[UFTMD] User function/task multiply defined
/mnt/tools/synopsys/verdi/V-2023.12-SP2/share/PLI/VCS/LINUX64/verdi.tab, 56
  The function/task '$fsdbDumpMemNow' has mismatching multiple definitions in 
  PLI table(s):
  call=novas_call_fsdbDumpMemNow vs call=novas_call_phaseout_fsdbDumpMemNow
  This definition is ignored.
  The previous definition is in:
  /mnt/tools/synopsys/verdi/V-2023.12-SP2/share/PLI/VCS/LINUX64/novas.tab, 57


Warning-[UFTMD] User function/task multiply defined
/mnt/tools/synopsys/verdi/V-2023.12-SP2/share/PLI/VCS/LINUX64/verdi.tab, 57
  The function/task '$fsdbDumpMemInScope' has mismatching multiple definitions
  in PLI table(s):
  call=novas_call_fsdbDumpMemInScope vs 
  call=novas_call_phaseout_fsdbDumpMemInScope
  This definition is ignored.
  The previous definition is in:
  /mnt/tools/synopsys/verdi/V-2023.12-SP2/share/PLI/VCS/LINUX64/novas.tab, 58


Warning-[UFTMD] User function/task multiply defined
/mnt/tools/synopsys/verdi/V-2023.12-SP2/share/PLI/VCS/LINUX64/verdi.tab, 58
  The function/task '$fsdbDumpMDANow' has mismatching multiple definitions in 
  PLI table(s):
  call=novas_call_fsdbDumpMDANow vs call=novas_call_phaseout_fsdbDumpMDANow
  This definition is ignored.
  The previous definition is in:
  /mnt/tools/synopsys/verdi/V-2023.12-SP2/share/PLI/VCS/LINUX64/novas.tab, 59


Warning-[UFTMD] User function/task multiply defined
/mnt/tools/synopsys/verdi/V-2023.12-SP2/share/PLI/VCS/LINUX64/verdi.tab, 59
  The function/task '$fsdbDumpMDAOnChange' has mismatching multiple 
  definitions in PLI table(s):
  call=novas_call_fsdbDumpMDAOnChange vs 
  call=novas_call_phaseout_fsdbDumpMDAOnChange
  This definition is ignored.
  The previous definition is in:
  /mnt/tools/synopsys/verdi/V-2023.12-SP2/share/PLI/VCS/LINUX64/novas.tab, 60


Warning-[UFTMD] User function/task multiply defined
/mnt/tools/synopsys/verdi/V-2023.12-SP2/share/PLI/VCS/LINUX64/verdi.tab, 60
  The function/task '$fsdbDumpMDAInScope' has mismatching multiple definitions
  in PLI table(s):
  call=novas_call_fsdbDumpMDAInScope vs 
  call=novas_call_phaseout_fsdbDumpMDAInScope
  This definition is ignored.
  The previous definition is in:
  /mnt/tools/synopsys/verdi/V-2023.12-SP2/share/PLI/VCS/LINUX64/novas.tab, 61


Warning-[UFTMD] User function/task multiply defined
/mnt/tools/synopsys/verdi/V-2023.12-SP2/share/PLI/VCS/LINUX64/verdi.tab, 61
  The function/task '$fsdbDumpMemInFile' has mismatching multiple definitions 
  in PLI table(s):
  call=novas_call_fsdbDumpMemInFile vs 
  call=novas_call_phaseout_fsdbDumpMemInFile
  This definition is ignored.
  The previous definition is in:
  /mnt/tools/synopsys/verdi/V-2023.12-SP2/share/PLI/VCS/LINUX64/novas.tab, 62


Warning-[UFTMD] User function/task multiply defined
/mnt/tools/synopsys/verdi/V-2023.12-SP2/share/PLI/VCS/LINUX64/verdi.tab, 62
  The function/task '$fsdbDumpPSLon' has mismatching multiple definitions in 
  PLI table(s):
  call=novas_call_fsdbDumpPSLon vs call=novas_call_phaseout_fsdbDumpPSLon
  This definition is ignored.
  The previous definition is in:
  /mnt/tools/synopsys/verdi/V-2023.12-SP2/share/PLI/VCS/LINUX64/novas.tab, 63


Warning-[UFTMD] User function/task multiply defined
/mnt/tools/synopsys/verdi/V-2023.12-SP2/share/PLI/VCS/LINUX64/verdi.tab, 63
  The function/task '$fsdbDumpPSLoff' has mismatching multiple definitions in 
  PLI table(s):
  call=novas_call_fsdbDumpPSLoff vs call=novas_call_phaseout_fsdbDumpPSLoff
  This definition is ignored.
  The previous definition is in:
  /mnt/tools/synopsys/verdi/V-2023.12-SP2/share/PLI/VCS/LINUX64/novas.tab, 64


Warning-[UFTMD] User function/task multiply defined
/mnt/tools/synopsys/verdi/V-2023.12-SP2/share/PLI/VCS/LINUX64/verdi.tab, 64
  The function/task '$fsdbDumpSVAon' has mismatching multiple definitions in 
  PLI table(s):
  call=novas_call_fsdbDumpSVAon vs call=novas_call_phaseout_fsdbDumpSVAon
  This definition is ignored.
  The previous definition is in:
  /mnt/tools/synopsys/verdi/V-2023.12-SP2/share/PLI/VCS/LINUX64/novas.tab, 65


Warning-[UFTMD] User function/task multiply defined
/mnt/tools/synopsys/verdi/V-2023.12-SP2/share/PLI/VCS/LINUX64/verdi.tab, 65
  The function/task '$fsdbDumpSVAoff' has mismatching multiple definitions in 
  PLI table(s):
  call=novas_call_fsdbDumpSVAoff vs call=novas_call_phaseout_fsdbDumpSVAoff
  This definition is ignored.
  The previous definition is in:
  /mnt/tools/synopsys/verdi/V-2023.12-SP2/share/PLI/VCS/LINUX64/novas.tab, 66


Warning-[UFTMD] User function/task multiply defined
/mnt/tools/synopsys/verdi/V-2023.12-SP2/share/PLI/VCS/LINUX64/verdi.tab, 66
  The function/task '$fsdbDumpStrength' has mismatching multiple definitions 
  in PLI table(s):
  call=novas_call_fsdbDumpStrength vs 
  call=novas_call_phaseout_fsdbDumpStrength
  This definition is ignored.
  The previous definition is in:
  /mnt/tools/synopsys/verdi/V-2023.12-SP2/share/PLI/VCS/LINUX64/novas.tab, 67


Warning-[UFTMD] User function/task multiply defined
/mnt/tools/synopsys/verdi/V-2023.12-SP2/share/PLI/VCS/LINUX64/verdi.tab, 67
  The function/task '$fsdbDumpSingle' has mismatching multiple definitions in 
  PLI table(s):
  call=novas_call_fsdbDumpSingle vs call=novas_call_phaseout_fsdbDumpSingle
  This definition is ignored.
  The previous definition is in:
  /mnt/tools/synopsys/verdi/V-2023.12-SP2/share/PLI/VCS/LINUX64/novas.tab, 68


Warning-[UFTMD] User function/task multiply defined
/mnt/tools/synopsys/verdi/V-2023.12-SP2/share/PLI/VCS/LINUX64/verdi.tab, 68
  The function/task '$fsdbDumpIO' has mismatching multiple definitions in PLI 
  table(s):
  call=novas_call_fsdbDumpIO vs call=novas_call_phaseout_fsdbDumpIO
  This definition is ignored.
  The previous definition is in:
  /mnt/tools/synopsys/verdi/V-2023.12-SP2/share/PLI/VCS/LINUX64/novas.tab, 69


Warning-[UFTMD] User function/task multiply defined
/mnt/tools/synopsys/verdi/V-2023.12-SP2/share/PLI/VCS/LINUX64/verdi.tab, 69
  The function/task '$fsdbDumpPattern' has mismatching multiple definitions in
  PLI table(s):
  call=novas_call_fsdbDumpPattern vs call=novas_call_phaseout_fsdbDumpPattern
  This definition is ignored.
  The previous definition is in:
  /mnt/tools/synopsys/verdi/V-2023.12-SP2/share/PLI/VCS/LINUX64/novas.tab, 70


Warning-[UFTMD] User function/task multiply defined
/mnt/tools/synopsys/verdi/V-2023.12-SP2/share/PLI/VCS/LINUX64/verdi.tab, 70
  The function/task '$fsdbSubstituteHier' has mismatching multiple definitions
  in PLI table(s):
  call=novas_call_fsdbSubstituteHier vs 
  call=novas_call_phaseout_fsdbSubstituteHier
  This definition is ignored.
  The previous definition is in:
  /mnt/tools/synopsys/verdi/V-2023.12-SP2/share/PLI/VCS/LINUX64/novas.tab, 71

Parsing design file '/x2025/GPrj1/IC1/riscv/RISCV_CPU/cdp-tests/mySoC/Control.v'
Parsing included file '/x2025/GPrj1/IC1/riscv/RISCV_CPU/cdp-tests/mySoC/defines.vh'.
Back to file '/x2025/GPrj1/IC1/riscv/RISCV_CPU/cdp-tests/mySoC/Control.v'.
Parsing design file '/x2025/GPrj1/IC1/riscv/RISCV_CPU/cdp-tests/mySoC/ALU.v'
Parsing included file '/x2025/GPrj1/IC1/riscv/RISCV_CPU/cdp-tests/mySoC/defines.vh'.
Back to file '/x2025/GPrj1/IC1/riscv/RISCV_CPU/cdp-tests/mySoC/ALU.v'.
Parsing design file '/x2025/GPrj1/IC1/riscv/RISCV_CPU/cdp-tests/mySoC/MEM_WB.v'
Parsing design file '/x2025/GPrj1/IC1/riscv/RISCV_CPU/cdp-tests/mySoC/ID_EX.v'
Parsing design file '/x2025/GPrj1/IC1/riscv/RISCV_CPU/cdp-tests/mySoC/MUL_DIV.v'
Parsing included file '/x2025/GPrj1/IC1/riscv/RISCV_CPU/cdp-tests/mySoC/defines.vh'.
Back to file '/x2025/GPrj1/IC1/riscv/RISCV_CPU/cdp-tests/mySoC/MUL_DIV.v'.
Parsing design file '/x2025/GPrj1/IC1/riscv/RISCV_CPU/cdp-tests/mySoC/SEXT.v'
Parsing included file '/x2025/GPrj1/IC1/riscv/RISCV_CPU/cdp-tests/mySoC/defines.vh'.
Back to file '/x2025/GPrj1/IC1/riscv/RISCV_CPU/cdp-tests/mySoC/SEXT.v'.
Parsing design file '/x2025/GPrj1/IC1/riscv/RISCV_CPU/cdp-tests/mySoC/ALU_input_MUX.v'
Parsing included file '/x2025/GPrj1/IC1/riscv/RISCV_CPU/cdp-tests/mySoC/defines.vh'.
Back to file '/x2025/GPrj1/IC1/riscv/RISCV_CPU/cdp-tests/mySoC/ALU_input_MUX.v'.
Parsing design file '/x2025/GPrj1/IC1/riscv/RISCV_CPU/cdp-tests/mySoC/RegFile.v'
Parsing included file '/x2025/GPrj1/IC1/riscv/RISCV_CPU/cdp-tests/mySoC/defines.vh'.
Back to file '/x2025/GPrj1/IC1/riscv/RISCV_CPU/cdp-tests/mySoC/RegFile.v'.
Parsing included file '/x2025/GPrj1/IC1/riscv/RISCV_CPU/cdp-tests/mySoC/defines.vh'.
Back to file '/x2025/GPrj1/IC1/riscv/RISCV_CPU/cdp-tests/mySoC/RegFile.v'.
Parsing design file '/x2025/GPrj1/IC1/riscv/RISCV_CPU/cdp-tests/mySoC/IF_ID.v'
Parsing design file '/x2025/GPrj1/IC1/riscv/RISCV_CPU/cdp-tests/mySoC/NPC.v'
Parsing included file '/x2025/GPrj1/IC1/riscv/RISCV_CPU/cdp-tests/mySoC/defines.vh'.
Back to file '/x2025/GPrj1/IC1/riscv/RISCV_CPU/cdp-tests/mySoC/NPC.v'.
Parsing design file '/x2025/GPrj1/IC1/riscv/RISCV_CPU/cdp-tests/mySoC/EX_wD_MUX1.v'
Parsing design file '/x2025/GPrj1/IC1/riscv/RISCV_CPU/cdp-tests/mySoC/EX_MEM.v'
Parsing design file '/x2025/GPrj1/IC1/riscv/RISCV_CPU/cdp-tests/mySoC/PC.v'
Parsing design file '/x2025/GPrj1/IC1/riscv/RISCV_CPU/cdp-tests/mySoC/MEM_wD_MUX.v'
Parsing design file '/x2025/GPrj1/IC1/riscv/RISCV_CPU/cdp-tests/mySoC/mycpu.v'
Parsing included file '/x2025/GPrj1/IC1/riscv/RISCV_CPU/cdp-tests/mySoC/defines.vh'.
Back to file '/x2025/GPrj1/IC1/riscv/RISCV_CPU/cdp-tests/mySoC/mycpu.v'.
Parsing design file '/x2025/GPrj1/IC1/riscv/RISCV_CPU/cdp-tests/mySoC/Hazard_Detection.v'
Parsing design file '/x2025/GPrj1/IC1/riscv/RISCV_CPU/cdp-tests/mySoC/MEM.v'
Parsing design file '/x2025/GPrj1/IC1/riscv/RISCV_CPU/cdp-tests/mySoC/miniRV_SoC.v'
Parsing design file '/x2025/GPrj1/IC1/riscv/RISCV_CPU/cdp-tests/vsrc/ram.v'

Warning-[RVOSFD] Return value discarded
/x2025/GPrj1/IC1/riscv/RISCV_CPU/cdp-tests/vsrc/ram.v, 29
  System function '$fread' is invoked as task, its return value is discarded.
  "/x2025/GPrj1/IC1/riscv/RISCV_CPU/cdp-tests/vsrc/ram.v", 29
  Source info:         $fread(mem_rd, mem_file);


Warning-[RVOSFD] Return value discarded
/x2025/GPrj1/IC1/riscv/RISCV_CPU/cdp-tests/vsrc/ram.v, 69
  System function '$fread' is invoked as task, its return value is discarded.
  "/x2025/GPrj1/IC1/riscv/RISCV_CPU/cdp-tests/vsrc/ram.v", 69
  Source info:         $fread(mem_rd, mem_file);

Parsing design file '/x2025/GPrj1/IC1/riscv/RISCV_CPU/cdp-tests/tb/tb_miniRV_dpi.sv'
Parsing design file '/x2025/GPrj1/IC1/riscv/RISCV_CPU/cdp-tests/tb/tb_miniRV.sv'
Top Level Modules:
       tb_miniRV_dpi
TimeScale is 1 ns / 1 ps

Warning-[PCWM-W] Port connection width mismatch
/x2025/GPrj1/IC1/riscv/RISCV_CPU/cdp-tests/mySoC/mycpu.v, 356
"Hazard_Detection U_Hazard_Detection( .id_rf1_used (id_rf1_used),  .id_rf2_used (id_rf2_used),  .ex_rf_wsel (ex_rf_wsel),  .ex_wR (ex_wR),  .mem_wR (mem_wR),  .wb_wR (wb_wR),  .ex_wD (ex_wD),  .mem_wD (mem_wD),  .wb_wD (wb_wD),  .id_rR1 (id_inst[19:15]),  .id_rR2 (id_inst[24:20]),  .branched (branched),  .ex_rf_we (ex_rf_we),  .mem_rf_we (mem_rf_we),  .wb_rf_we (wb_rf_we),  .muldiv_stall (muldiv_stall),  .stall (stall),  .flush_IF_ID (flush_if_id),  .flush_ID_EX (flush_id_ex),  .A_forward (A_forward),  .B_forward (B_forward),  .Forward_A_en (Forward_A_en),  .Forward_B_en (Forward_B_en));"
  The following 5-bit expression is connected to 32-bit port "id_rR1" of 
  module "Hazard_Detection", instance "U_Hazard_Detection".
  Expression: id_inst[19:15]
  Instantiated module defined at: 
  "/x2025/GPrj1/IC1/riscv/RISCV_CPU/cdp-tests/mySoC/Hazard_Detection.v", 21
  Use +lint=PCWM for more details.


Warning-[PCWM-W] Port connection width mismatch
/x2025/GPrj1/IC1/riscv/RISCV_CPU/cdp-tests/mySoC/mycpu.v, 356
"Hazard_Detection U_Hazard_Detection( .id_rf1_used (id_rf1_used),  .id_rf2_used (id_rf2_used),  .ex_rf_wsel (ex_rf_wsel),  .ex_wR (ex_wR),  .mem_wR (mem_wR),  .wb_wR (wb_wR),  .ex_wD (ex_wD),  .mem_wD (mem_wD),  .wb_wD (wb_wD),  .id_rR1 (id_inst[19:15]),  .id_rR2 (id_inst[24:20]),  .branched (branched),  .ex_rf_we (ex_rf_we),  .mem_rf_we (mem_rf_we),  .wb_rf_we (wb_rf_we),  .muldiv_stall (muldiv_stall),  .stall (stall),  .flush_IF_ID (flush_if_id),  .flush_ID_EX (flush_id_ex),  .A_forward (A_forward),  .B_forward (B_forward),  .Forward_A_en (Forward_A_en),  .Forward_B_en (Forward_B_en));"
  The following 5-bit expression is connected to 32-bit port "id_rR2" of 
  module "Hazard_Detection", instance "U_Hazard_Detection".
  Expression: id_inst[24:20]
  Instantiated module defined at: 
  "/x2025/GPrj1/IC1/riscv/RISCV_CPU/cdp-tests/mySoC/Hazard_Detection.v", 21
  Use +lint=PCWM for more details.


Warning-[PCWM-W] Port connection width mismatch
/x2025/GPrj1/IC1/riscv/RISCV_CPU/cdp-tests/mySoC/miniRV_SoC.v, 85
"myCPU Core_cpu( .cpu_rst (fpga_rst),  .cpu_clk (cpu_clk),  .inst_addr (inst_addr),  .inst (inst),  .Bus_addr (Bus_addr),  .Bus_rdata (Bus_rdata),  .Bus_wen (Bus_wen),  .Bus_wdata (Bus_wdata),  .debug_wb_have_inst (debug_wb_have_inst),  .debug_wb_pc (debug_wb_pc),  .debug_wb_ena (debug_wb_ena),  .debug_wb_reg (debug_wb_reg),  .debug_wb_value (debug_wb_value));"
  The following 32-bit expression is connected to 14-bit port "inst_addr" of 
  module "myCPU", instance "Core_cpu".
  Expression: inst_addr
  Instantiated module defined at: 
  "/x2025/GPrj1/IC1/riscv/RISCV_CPU/cdp-tests/mySoC/mycpu.v", 5
  Use +lint=PCWM for more details.


Warning-[PCWM-W] Port connection width mismatch
/x2025/GPrj1/IC1/riscv/RISCV_CPU/cdp-tests/mySoC/miniRV_SoC.v, 102
"IROM Mem_IROM( .a (inst_addr),  .spo (inst));"
  The following 32-bit expression is connected to 16-bit port "a" of module 
  "IROM", instance "Mem_IROM".
  Expression: inst_addr
  Instantiated module defined at: 
  "/x2025/GPrj1/IC1/riscv/RISCV_CPU/cdp-tests/vsrc/ram.v", 4
  Use +lint=PCWM for more details.


Warning-[PCWM-W] Port connection width mismatch
/x2025/GPrj1/IC1/riscv/RISCV_CPU/cdp-tests/mySoC/miniRV_SoC.v, 107
"DRAM Mem_DRAM( .clk (cpu_clk),  .a (Bus_addr[15:2]),  .spo (Bus_rdata),  .we (Bus_wen),  .d (Bus_wdata));"
  The following 14-bit expression is connected to 16-bit port "a" of module 
  "DRAM", instance "Mem_DRAM".
  Expression: Bus_addr[15:2]
  Instantiated module defined at: 
  "/x2025/GPrj1/IC1/riscv/RISCV_CPU/cdp-tests/vsrc/ram.v", 41
  Use +lint=PCWM for more details.

Starting vcs inline pass...

5 modules and 0 UDP read.
recompiling module tb_miniRV_dpi
	However, due to incremental compilation, only 1 module needs to be compiled. 
make[1]: Entering directory `/x2025/GPrj1/IC1/riscv/RISCV_CPU/cdp-tests/obj_vcs/csrc' \

make[1]: Warning: File `filelist.cu' has modification time 584 s in the future
make[2]: Warning: File `filelist.cu' has modification time 584 s in the future
rm -f _cuarc*.so _csrc*.so pre_vcsobj_*.so share_vcsobj_*.so
make[2]: warning:  Clock skew detected.  Your build may be incomplete.
make[2]: Warning: File `filelist.cu' has modification time 584 s in the future
make[2]: warning:  Clock skew detected.  Your build may be incomplete.
if [ -x /x2025/GPrj1/IC1/riscv/RISCV_CPU/cdp-tests/obj_vcs/simv ]; then chmod a-x \
/x2025/GPrj1/IC1/riscv/RISCV_CPU/cdp-tests/obj_vcs/simv; fi
g++  -o /x2025/GPrj1/IC1/riscv/RISCV_CPU/cdp-tests/obj_vcs/simv      -Wl,-rpath,/mnt/tools/synopsys/verdi/V-2023.12-SP2/share/PLI/VCS/LINUX64 \
-Wl,-rpath,/x2025/GPrj1/IC1/riscv/RISCV_CPU/cdp-tests -rdynamic  -Wl,-rpath='$ORIGIN'/simv.daidir \
-Wl,-rpath=./simv.daidir -Wl,-rpath=/mnt/tools/synopsys/vcs/V-2023.12-SP2/linux64/lib \
-L/mnt/tools/synopsys/vcs/V-2023.12-SP2/linux64/lib  -Wl,-rpath-link=./  /usr/lib64/libnuma.so.1 \
dpi_shim.o emu.o MEM.o ID.o EX.o WB.o IF.o result_monitor.o onboard.o   objs/amcQw_d.o \
_15078_archive_1.so _prev_archive_1.so   SIM_l.o      rmapats_mop.o rmapats.o rmar.o \
rmar_nd.o  rmar_llvm_0_1.o rmar_llvm_0_0.o            -lvirsim -lerrorinf -lsnpsmalloc \
-lvfs /mnt/tools/synopsys/verdi/V-2023.12-SP2/share/PLI/VCS/LINUX64/pli.a    -lvcsnew \
-lsimprofile -luclinative /mnt/tools/synopsys/vcs/V-2023.12-SP2/linux64/lib/vcs_tls.o \
-Wl,-whole-archive  -lvcsucli    -Wl,-no-whole-archive       ./../simv.daidir/vc_hdrs.o \
_vcs_pli_stub_.o   /mnt/tools/synopsys/vcs/V-2023.12-SP2/linux64/lib/vcs_save_restore_new.o \
/mnt/tools/synopsys/verdi/V-2023.12-SP2/share/PLI/VCS/LINUX64/pli.a -ldl -lm  -lc \
-lpthread -ldl 
/x2025/GPrj1/IC1/riscv/RISCV_CPU/cdp-tests/obj_vcs/simv up to date
make[1]: warning:  Clock skew detected.  Your build may be incomplete.
make[1]: Leaving directory `/x2025/GPrj1/IC1/riscv/RISCV_CPU/cdp-tests/obj_vcs/csrc' \

CPU time: .667 seconds to compile + .450 seconds to elab + .291 seconds to link
