Command: /x2025/GPrj1/IC1/riscv/RISCV_CPU/cdp-tests/./obj_vcs/simv +vcs+lic+wait +MAX_CYCLES=3000000 +WAVE=coremark_long -l obj_vcs/coremark_long.log
Chronologic VCS simulator copyright 1991-2023
Contains Synopsys proprietary information.
Compiler version V-2023.12-SP2_Full64; Runtime version V-2023.12-SP2_Full64;  Sep 21 21:59 2026
[INFO] Instruction ROM initialized with /x2025/GPrj1/IC1/riscv/RISCV_CPU/cdp-tests/meminit.bin
*Verdi* WARNING: 'Enable FSDB dumping with option -debug/-debug_pp/-debug_all and option -P along with novas.tab file' will be deprecated in VERDI2024.09.
*Verdi* WARNING: Please use '-debug_access' along with a proper setting on VERDI_HOME environment variable in vcs compilation. For details, please refer to VCS manual for -debug_access usage.
*Verdi* Loading libsscore_vcs202312.so
FSDB Dumper for VCS, Release Verdi_V-2023.12-SP2, Linux x86_64/64bit, 05/26/2024
(C) 1996 - 2024 by Synopsys, Inc.
*Verdi* : Create FSDB file 'waveform/coremark_long.fsdb'
*Verdi* : Begin traversing the scope (tb_miniRV_dpi), layer (0).
*Verdi* : End of traversing.
[INFO] Data RAM initialized with /x2025/GPrj1/IC1/riscv/RISCV_CPU/cdp-tests/meminit.bin
[mycpu] Reset done.
[difftest] Test Start!
Timed out! Please check whether your CPU got stuck.
$finish called from file "/x2025/GPrj1/IC1/riscv/RISCV_CPU/cdp-tests/tb/tb_miniRV_dpi.sv", line 103.
$finish at simulation time          29999995000
           V C S   S i m u l a t i o n   R e p o r t 
Time: 29999995000 ps
CPU Time:     14.640 seconds;       Data structure size:  32.0Mb
Mon Sep 21 22:00:10 2026
