
****** Vivado v2023.2 (64-bit)
  **** SW Build 4029153 on Fri Oct 13 20:13:54 MDT 2023
  **** IP Build 4028589 on Sat Oct 14 00:45:43 MDT 2023
  **** SharedData Build 4025554 on Tue Oct 10 17:18:54 MDT 2023
    ** Copyright 1986-2022 Xilinx, Inc. All Rights Reserved.
    ** Copyright 2022-2023 Advanced Micro Devices, Inc. All Rights Reserved.

source /tmp/p0b_flow.tcl
# set PERIOD [lindex $argv 0]
# set TAG    [lindex $argv 1]
# set PBSPEC [lindex $argv 2]
# set PBDIR  [lindex $argv 3]
# set CR     [lindex $argv 4]
# set ROOT  /home/st-wangjun/project/RISCV_A910
# set SYNTH [file join $ROOT synth vivado fmax_impl_${PERIOD}ns \
#                 fmax_impl_${PERIOD}ns.runs synth_1 top_fmax.dcp]
# set OUT [file join /tmp/p0b fmax_${TAG}_${PERIOD}ns]
# file mkdir $OUT
# open_checkpoint $SYNTH
Command: open_checkpoint /home/st-wangjun/project/RISCV_A910/synth/vivado/fmax_impl_6.9ns/fmax_impl_6.9ns.runs/synth_1/top_fmax.dcp

Starting open_checkpoint Task

Time (s): cpu = 00:00:00.03 ; elapsed = 00:00:00.03 . Memory (MB): peak = 1427.738 ; gain = 62.207 ; free physical = 100125 ; free virtual = 961172
INFO: [Device 21-403] Loading part xc7k325tffg900-2
Netlist sorting complete. Time (s): cpu = 00:00:00.06 ; elapsed = 00:00:00.06 . Memory (MB): peak = 1796.121 ; gain = 0.000 ; free physical = 97711 ; free virtual = 958757
INFO: [Netlist 29-17] Analyzing 1275 Unisim elements for replacement
INFO: [Netlist 29-28] Unisim Transformation completed in 0 CPU seconds
INFO: [Project 1-479] Netlist was created with Vivado 2023.2
INFO: [Project 1-570] Preparing netlist for logic optimization
Read ShapeDB Complete: Time (s): cpu = 00:00:00.02 ; elapsed = 00:00:00.02 . Memory (MB): peak = 1888.746 ; gain = 2.004 ; free physical = 97167 ; free virtual = 958214
Netlist sorting complete. Time (s): cpu = 00:00:00 ; elapsed = 00:00:00 . Memory (MB): peak = 1888.746 ; gain = 0.000 ; free physical = 97138 ; free virtual = 958185
INFO: [Project 1-111] Unisim Transformation Summary:
  A total of 267 instances were transformed.
  RAM32M => RAM32M (RAMD32(x6), RAMS32(x2)): 8 instances
  RAM64M => RAM64M (RAMD64E(x4)): 183 instances
  RAM64X1D => RAM64X1D (RAMD64E(x2)): 76 instances

INFO: [Project 1-604] Checkpoint was created with Vivado v2023.2 (64-bit) build 4029153
open_checkpoint: Time (s): cpu = 00:00:11 ; elapsed = 00:00:11 . Memory (MB): peak = 1896.750 ; gain = 531.219 ; free physical = 97128 ; free virtual = 958175
# if {[llength [get_clocks -quiet]] == 0} {
#     read_xdc [file join $ROOT synth vivado fmax_impl_${PERIOD}ns fmax_gen.xdc]
# }
Parsing XDC File [/home/st-wangjun/project/RISCV_A910/synth/vivado/fmax_impl_6.9ns/fmax_gen.xdc]
Finished Parsing XDC File [/home/st-wangjun/project/RISCV_A910/synth/vivado/fmax_impl_6.9ns/fmax_gen.xdc]
# set per [get_property -quiet PERIOD [get_clocks -quiet clk]]
# puts "P0B_CLK period=$per expect=$PERIOD"
P0B_CLK period=6.900 expect=6.9
# if {$per eq "" || abs($per - $PERIOD) > 0.01} { error "时钟不对: per=$per" }
# proc span {label pat} {
#     set xs {}; set ys {}; set n 0
#     foreach c [get_cells -quiet -hier -filter "NAME =~ \"$pat\" && IS_PRIMITIVE"] {
#         if {[regexp {X(\d+)Y(\d+)} [get_property -quiet LOC $c] m x y]} {
#             lappend xs $x; lappend ys $y; incr n
#         }
#     }
#     if {$n == 0} { puts "SPAN $label: 无落位单元"; return }
#     set xs [lsort -integer $xs]; set ys [lsort -integer $ys]
#     puts [format "SPAN %-14s n=%-6d X=%s..%s Y=%s..%s" $label $n [lindex $xs 0] [lindex $xs end] [lindex $ys 0] [lindex $ys end]]
# }
# opt_design
Command: opt_design
Attempting to get a license for feature 'Implementation' and/or device 'xc7k325t'
INFO: [Common 17-349] Got license for feature 'Implementation' and/or device 'xc7k325t'
Running DRC as a precondition to command opt_design

Starting DRC Task
INFO: [DRC 23-27] Running DRC with 8 threads
INFO: [Project 1-461] DRC finished with 0 Errors
INFO: [Project 1-462] Please refer to the DRC report (report_drc) for more information.

Time (s): cpu = 00:00:01 ; elapsed = 00:00:00.65 . Memory (MB): peak = 2725.805 ; gain = 123.438 ; free physical = 93954 ; free virtual = 955000

Starting Cache Timing Information Task
Ending Cache Timing Information Task | Checksum: 6eccee03

Time (s): cpu = 00:00:00.32 ; elapsed = 00:00:00.06 . Memory (MB): peak = 2725.805 ; gain = 0.000 ; free physical = 93911 ; free virtual = 954958

Starting Logic Optimization Task

Phase 1 Initialization

Phase 1.1 Core Generation And Design Setup
Phase 1.1 Core Generation And Design Setup | Checksum: 6eccee03

Time (s): cpu = 00:00:00 ; elapsed = 00:00:00 . Memory (MB): peak = 2942.652 ; gain = 0.004 ; free physical = 92344 ; free virtual = 953391

Phase 1.2 Setup Constraints And Sort Netlist
Phase 1.2 Setup Constraints And Sort Netlist | Checksum: 6eccee03

Time (s): cpu = 00:00:00.01 ; elapsed = 00:00:00.01 . Memory (MB): peak = 2942.652 ; gain = 0.004 ; free physical = 92344 ; free virtual = 953391
Phase 1 Initialization | Checksum: 6eccee03

Time (s): cpu = 00:00:00.01 ; elapsed = 00:00:00.01 . Memory (MB): peak = 2942.652 ; gain = 0.004 ; free physical = 92344 ; free virtual = 953391

Phase 2 Timer Update And Timing Data Collection

Phase 2.1 Timer Update
Phase 2.1 Timer Update | Checksum: 6eccee03

Time (s): cpu = 00:00:00.86 ; elapsed = 00:00:00.19 . Memory (MB): peak = 2942.652 ; gain = 0.004 ; free physical = 92336 ; free virtual = 953382

Phase 2.2 Timing Data Collection
Phase 2.2 Timing Data Collection | Checksum: 6eccee03

Time (s): cpu = 00:00:00.87 ; elapsed = 00:00:00.21 . Memory (MB): peak = 2942.652 ; gain = 0.004 ; free physical = 92332 ; free virtual = 953379
Phase 2 Timer Update And Timing Data Collection | Checksum: 6eccee03

Time (s): cpu = 00:00:00.87 ; elapsed = 00:00:00.21 . Memory (MB): peak = 2942.652 ; gain = 0.004 ; free physical = 92332 ; free virtual = 953379

Phase 3 Retarget
INFO: [Opt 31-138] Pushed 0 inverter(s) to 0 load pin(s).
INFO: [Opt 31-49] Retargeted 0 cell(s).
Phase 3 Retarget | Checksum: f2a246d1

Time (s): cpu = 00:00:01 ; elapsed = 00:00:00.38 . Memory (MB): peak = 2991.496 ; gain = 48.848 ; free physical = 92329 ; free virtual = 953375
Retarget | Checksum: f2a246d1
INFO: [Opt 31-389] Phase Retarget created 8 cells and removed 9 cells

Phase 4 Constant propagation
INFO: [Opt 31-138] Pushed 0 inverter(s) to 0 load pin(s).
Phase 4 Constant propagation | Checksum: 19e50cfca

Time (s): cpu = 00:00:01 ; elapsed = 00:00:00.47 . Memory (MB): peak = 2991.496 ; gain = 48.848 ; free physical = 92326 ; free virtual = 953373
Constant propagation | Checksum: 19e50cfca
INFO: [Opt 31-389] Phase Constant propagation created 0 cells and removed 0 cells

Phase 5 Sweep
Phase 5 Sweep | Checksum: 15996e141

Time (s): cpu = 00:00:01 ; elapsed = 00:00:00.59 . Memory (MB): peak = 2991.496 ; gain = 48.848 ; free physical = 92313 ; free virtual = 953359
Sweep | Checksum: 15996e141
INFO: [Opt 31-389] Phase Sweep created 37 cells and removed 0 cells

Phase 6 BUFG optimization
Phase 6 BUFG optimization | Checksum: 15996e141

Time (s): cpu = 00:00:01 ; elapsed = 00:00:00.66 . Memory (MB): peak = 3040.336 ; gain = 97.688 ; free physical = 92304 ; free virtual = 953350
BUFG optimization | Checksum: 15996e141
INFO: [Opt 31-662] Phase BUFG optimization created 0 cells of which 0 are BUFGs and removed 0 cells.

Phase 7 Shift Register Optimization
INFO: [Opt 31-1064] SRL Remap converted 0 SRLs to 0 registers and converted 0 registers of register chains to 0 SRLs
Phase 7 Shift Register Optimization | Checksum: 15996e141

Time (s): cpu = 00:00:01 ; elapsed = 00:00:00.67 . Memory (MB): peak = 3040.336 ; gain = 97.688 ; free physical = 92304 ; free virtual = 953350
Shift Register Optimization | Checksum: 15996e141
INFO: [Opt 31-389] Phase Shift Register Optimization created 0 cells and removed 0 cells

Phase 8 Post Processing Netlist
Phase 8 Post Processing Netlist | Checksum: 1bb669175

Time (s): cpu = 00:00:01 ; elapsed = 00:00:00.7 . Memory (MB): peak = 3040.336 ; gain = 97.688 ; free physical = 92302 ; free virtual = 953349
Post Processing Netlist | Checksum: 1bb669175
INFO: [Opt 31-389] Phase Post Processing Netlist created 0 cells and removed 0 cells

Phase 9 Finalization

Phase 9.1 Finalizing Design Cores and Updating Shapes
Phase 9.1 Finalizing Design Cores and Updating Shapes | Checksum: 117b7f5db

Time (s): cpu = 00:00:02 ; elapsed = 00:00:00.79 . Memory (MB): peak = 3040.336 ; gain = 97.688 ; free physical = 92250 ; free virtual = 953297

Phase 9.2 Verifying Netlist Connectivity

Starting Connectivity Check Task

Time (s): cpu = 00:00:00.02 ; elapsed = 00:00:00.02 . Memory (MB): peak = 3040.336 ; gain = 0.000 ; free physical = 92242 ; free virtual = 953288
Phase 9.2 Verifying Netlist Connectivity | Checksum: 117b7f5db

Time (s): cpu = 00:00:02 ; elapsed = 00:00:00.81 . Memory (MB): peak = 3040.336 ; gain = 97.688 ; free physical = 92240 ; free virtual = 953287
Phase 9 Finalization | Checksum: 117b7f5db

Time (s): cpu = 00:00:02 ; elapsed = 00:00:00.81 . Memory (MB): peak = 3040.336 ; gain = 97.688 ; free physical = 92240 ; free virtual = 953287
Opt_design Change Summary
=========================


-------------------------------------------------------------------------------------------------------------------------
|  Phase                        |  #Cells created  |  #Cells Removed  |  #Constrained objects preventing optimizations  |
-------------------------------------------------------------------------------------------------------------------------
|  Retarget                     |               8  |               9  |                                              0  |
|  Constant propagation         |               0  |               0  |                                              0  |
|  Sweep                        |              37  |               0  |                                              0  |
|  BUFG optimization            |               0  |               0  |                                              0  |
|  Shift Register Optimization  |               0  |               0  |                                              0  |
|  Post Processing Netlist      |               0  |               0  |                                              0  |
-------------------------------------------------------------------------------------------------------------------------


Ending Logic Optimization Task | Checksum: 117b7f5db

Time (s): cpu = 00:00:02 ; elapsed = 00:00:00.81 . Memory (MB): peak = 3040.336 ; gain = 97.688 ; free physical = 92240 ; free virtual = 953287
INFO: [Constraints 18-11670] Building netlist checker database with flags, 0x8
Done building netlist checker database: Time (s): cpu = 00:00:00 ; elapsed = 00:00:00 . Memory (MB): peak = 3040.336 ; gain = 0.000 ; free physical = 92240 ; free virtual = 953286

Starting Power Optimization Task
INFO: [Pwropt 34-132] Skipping clock gating for clocks with a period < 2.00 ns.
INFO: [Timing 38-35] Done setting XDC timing constraints.
Running Vector-less Activity Propagation...
INFO: [Pwropt 34-9] Applying IDT optimizations ...
INFO: [Pwropt 34-10] Applying ODC optimizations ...

Finished Running Vector-less Activity Propagation


Starting PowerOpt Patch Enables Task
INFO: [Pwropt 34-162] WRITE_MODE attribute of 0 BRAM(s) out of a total of 35 has been updated to save power. Run report_power_opt to get a complete listing of the BRAMs updated.
INFO: [Pwropt 34-201] Structural ODC has moved 0 WE to EN ports
Number of BRAM Ports augmented: 0 newly gated: 0 Total Ports: 70
Ending PowerOpt Patch Enables Task | Checksum: 117b7f5db

Time (s): cpu = 00:00:00.12 ; elapsed = 00:00:00.12 . Memory (MB): peak = 3453.312 ; gain = 0.000 ; free physical = 91111 ; free virtual = 952158
Ending Power Optimization Task | Checksum: 117b7f5db

Time (s): cpu = 00:00:07 ; elapsed = 00:00:04 . Memory (MB): peak = 3453.312 ; gain = 412.977 ; free physical = 91111 ; free virtual = 952158

Starting Final Cleanup Task
Ending Final Cleanup Task | Checksum: 117b7f5db

Time (s): cpu = 00:00:00 ; elapsed = 00:00:00 . Memory (MB): peak = 3453.312 ; gain = 0.000 ; free physical = 91111 ; free virtual = 952158

Starting Netlist Obfuscation Task
Netlist sorting complete. Time (s): cpu = 00:00:00 ; elapsed = 00:00:00 . Memory (MB): peak = 3453.312 ; gain = 0.000 ; free physical = 91111 ; free virtual = 952158
Ending Netlist Obfuscation Task | Checksum: 117b7f5db

Time (s): cpu = 00:00:00 ; elapsed = 00:00:00 . Memory (MB): peak = 3453.312 ; gain = 0.000 ; free physical = 91111 ; free virtual = 952158
INFO: [Common 17-83] Releasing license: Implementation
22 Infos, 0 Warnings, 0 Critical Warnings and 0 Errors encountered.
opt_design completed successfully
opt_design: Time (s): cpu = 00:00:12 ; elapsed = 00:00:07 . Memory (MB): peak = 3453.312 ; gain = 870.094 ; free physical = 91111 ; free virtual = 952158
# if {$PBSPEC ne "none"} {
#     create_pblock pb_ifu
#     resize_pblock pb_ifu -add $PBSPEC
#     set keep {}
#     set nramb 0
#     foreach c [get_cells -quiet -hier -filter {NAME =~ "*u_ifu_subsys*" && IS_PRIMITIVE}] {
#         if {[string match "RAMB*" [get_property -quiet REF_NAME $c]]} { incr nramb; continue }
#         lappend keep $c
#     }
#     puts "P0B_PB range=$PBSPEC cells=[llength $keep] 剔出RAMB=$nramb"
#     add_cells_to_pblock pb_ifu -clear_locs $keep
#     if {$CR} { set_property CONTAIN_ROUTING 1 [get_pblocks pb_ifu] }
# }
# place_design -directive $PBDIR
Command: place_design -directive Explore
Attempting to get a license for feature 'Implementation' and/or device 'xc7k325t'
INFO: [Common 17-349] Got license for feature 'Implementation' and/or device 'xc7k325t'
INFO: [Common 17-83] Releasing license: Implementation
INFO: [DRC 23-27] Running DRC with 8 threads
INFO: [Vivado_Tcl 4-198] DRC finished with 0 Errors
INFO: [Vivado_Tcl 4-199] Please refer to the DRC report (report_drc) for more information.
Running DRC as a precondition to command place_design
INFO: [DRC 23-27] Running DRC with 8 threads
INFO: [Vivado_Tcl 4-198] DRC finished with 0 Errors, 21 Warnings
INFO: [Vivado_Tcl 4-199] Please refer to the DRC report (report_drc) for more information.
INFO: [Place 46-5] The placer was invoked with the 'Explore' directive.
INFO: [Place 30-611] Multithreading enabled for place_design using a maximum of 8 CPUs

Starting Placer Task

Phase 1 Placer Initialization

Phase 1.1 Placer Initialization Netlist Sorting
Netlist sorting complete. Time (s): cpu = 00:00:00 ; elapsed = 00:00:00 . Memory (MB): peak = 3453.312 ; gain = 0.000 ; free physical = 91108 ; free virtual = 952155
Phase 1.1 Placer Initialization Netlist Sorting | Checksum: 943b8349

Time (s): cpu = 00:00:00.01 ; elapsed = 00:00:00.01 . Memory (MB): peak = 3453.312 ; gain = 0.000 ; free physical = 91108 ; free virtual = 952155
Netlist sorting complete. Time (s): cpu = 00:00:00 ; elapsed = 00:00:00 . Memory (MB): peak = 3453.312 ; gain = 0.000 ; free physical = 91108 ; free virtual = 952155

Phase 1.2 IO Placement/ Clock Placement/ Build Placer Device
INFO: [Timing 38-35] Done setting XDC timing constraints.
Phase 1.2 IO Placement/ Clock Placement/ Build Placer Device | Checksum: 11fa6d2e3

Time (s): cpu = 00:00:03 ; elapsed = 00:00:01 . Memory (MB): peak = 3453.312 ; gain = 0.000 ; free physical = 91100 ; free virtual = 952148

Phase 1.3 Build Placer Netlist Model
Phase 1.3 Build Placer Netlist Model | Checksum: 16ab411f8

Time (s): cpu = 00:00:07 ; elapsed = 00:00:03 . Memory (MB): peak = 3453.312 ; gain = 0.000 ; free physical = 91063 ; free virtual = 952111

Phase 1.4 Constrain Clocks/Macros
Phase 1.4 Constrain Clocks/Macros | Checksum: 16ab411f8

Time (s): cpu = 00:00:07 ; elapsed = 00:00:03 . Memory (MB): peak = 3453.312 ; gain = 0.000 ; free physical = 91063 ; free virtual = 952111
Phase 1 Placer Initialization | Checksum: 16ab411f8

Time (s): cpu = 00:00:07 ; elapsed = 00:00:03 . Memory (MB): peak = 3453.312 ; gain = 0.000 ; free physical = 91063 ; free virtual = 952111

Phase 2 Global Placement

Phase 2.1 Floorplanning
Phase 2.1 Floorplanning | Checksum: 1c92a7c4e

Time (s): cpu = 00:00:09 ; elapsed = 00:00:03 . Memory (MB): peak = 3453.312 ; gain = 0.000 ; free physical = 91050 ; free virtual = 952097

Phase 2.2 Update Timing before SLR Path Opt
Phase 2.2 Update Timing before SLR Path Opt | Checksum: 161a1f9a1

Time (s): cpu = 00:00:10 ; elapsed = 00:00:04 . Memory (MB): peak = 3453.312 ; gain = 0.000 ; free physical = 91038 ; free virtual = 952085

Phase 2.3 Post-Processing in Floorplanning
Phase 2.3 Post-Processing in Floorplanning | Checksum: 161a1f9a1

Time (s): cpu = 00:00:10 ; elapsed = 00:00:04 . Memory (MB): peak = 3453.312 ; gain = 0.000 ; free physical = 91037 ; free virtual = 952084

Phase 2.4 Global Placement Core

Phase 2.4.1 UpdateTiming Before Physical Synthesis
Phase 2.4.1 UpdateTiming Before Physical Synthesis | Checksum: 20fbc20fd

Time (s): cpu = 00:00:35 ; elapsed = 00:00:12 . Memory (MB): peak = 3453.312 ; gain = 0.000 ; free physical = 90748 ; free virtual = 951796

Phase 2.4.2 Physical Synthesis In Placer
INFO: [Physopt 32-1035] Found 6 LUTNM shape to break, 817 LUT instances to create LUTNM shape
INFO: [Physopt 32-1044] Break lutnm for timing: one critical 4, two critical 2, total 6, new lutff created 2
INFO: [Physopt 32-1138] End 1 Pass. Optimized 344 nets or LUTs. Breaked 6 LUTs, combined 338 existing LUTs and moved 0 existing LUT
INFO: [Physopt 32-65] No nets found for high-fanout optimization.
INFO: [Physopt 32-232] Optimized 0 net. Created 0 new instance.
INFO: [Physopt 32-775] End 1 Pass. Optimized 0 net or cell. Created 0 new cell, deleted 0 existing cell and moved 0 existing cell
INFO: [Physopt 32-76] Pass 1. Identified 3 candidate nets for fanout optimization.
INFO: [Physopt 32-81] Processed net u_soc/Core_cpu/u_ifu_subsys/u_refill/Q[1]. Replicated 2 times.
INFO: [Physopt 32-81] Processed net u_soc/Core_cpu/u_ifu_subsys/u_refill/Q[2]. Replicated 3 times.
INFO: [Physopt 32-81] Processed net u_soc/Core_cpu/u_ifu_subsys/u_refill/Q[0]. Replicated 2 times.
INFO: [Physopt 32-232] Optimized 3 nets. Created 7 new instances.
INFO: [Physopt 32-775] End 1 Pass. Optimized 3 nets or cells. Created 7 new cells, deleted 0 existing cell and moved 0 existing cell
Netlist sorting complete. Time (s): cpu = 00:00:00.03 ; elapsed = 00:00:00.03 . Memory (MB): peak = 3453.312 ; gain = 0.000 ; free physical = 90750 ; free virtual = 951797
INFO: [Physopt 32-46] Identified 2 candidate nets for critical-cell optimization.
INFO: [Physopt 32-232] Optimized 0 net. Created 0 new instance.
INFO: [Physopt 32-775] End 1 Pass. Optimized 0 net or cell. Created 0 new cell, deleted 0 existing cell and moved 0 existing cell
INFO: [Physopt 32-456] No candidate cells for DSP register optimization found in the design.
INFO: [Physopt 32-775] End 2 Pass. Optimized 0 net or cell. Created 0 new cell, deleted 0 existing cell and moved 0 existing cell
INFO: [Physopt 32-1123] No candidate cells found for Shift Register to Pipeline optimization
INFO: [Physopt 32-775] End 2 Pass. Optimized 0 net or cell. Created 0 new cell, deleted 0 existing cell and moved 0 existing cell
INFO: [Physopt 32-1401] No candidate cells found for Shift Register optimization.
INFO: [Physopt 32-677] No candidate cells for Shift Register optimization found in the design
INFO: [Physopt 32-775] End 1 Pass. Optimized 0 net or cell. Created 0 new cell, deleted 0 existing cell and moved 0 existing cell
INFO: [Physopt 32-526] No candidate cells for BRAM register optimization found in the design
INFO: [Physopt 32-775] End 1 Pass. Optimized 0 net or cell. Created 0 new cell, deleted 0 existing cell and moved 0 existing cell
INFO: [Physopt 32-846] No candidate cells for URAM register optimization found in the design
INFO: [Physopt 32-775] End 1 Pass. Optimized 0 net or cell. Created 0 new cell, deleted 0 existing cell and moved 0 existing cell
INFO: [Physopt 32-846] No candidate cells for URAM register optimization found in the design
INFO: [Physopt 32-775] End 1 Pass. Optimized 0 net or cell. Created 0 new cell, deleted 0 existing cell and moved 0 existing cell
INFO: [Physopt 32-949] No candidate nets found for dynamic/static region interface net replication
INFO: [Physopt 32-775] End 1 Pass. Optimized 0 net or cell. Created 0 new cell, deleted 0 existing cell and moved 0 existing cell
Netlist sorting complete. Time (s): cpu = 00:00:00 ; elapsed = 00:00:00 . Memory (MB): peak = 3453.312 ; gain = 0.000 ; free physical = 90748 ; free virtual = 951796

Summary of Physical Synthesis Optimizations
============================================


-----------------------------------------------------------------------------------------------------------------------------------------------------------
|  Optimization                                     |  Added Cells  |  Removed Cells  |  Optimized Cells/Nets  |  Dont Touch  |  Iterations  |  Elapsed   |
-----------------------------------------------------------------------------------------------------------------------------------------------------------
|  LUT Combining                                    |            6  |            338  |                   344  |           0  |           1  |  00:00:01  |
|  Retime                                           |            0  |              0  |                     0  |           0  |           1  |  00:00:00  |
|  Very High Fanout                                 |            0  |              0  |                     0  |           0  |           1  |  00:00:00  |
|  Fanout                                           |            7  |              0  |                     3  |           0  |           1  |  00:00:00  |
|  Critical Cell                                    |            0  |              0  |                     0  |           0  |           1  |  00:00:00  |
|  DSP Register                                     |            0  |              0  |                     0  |           0  |           1  |  00:00:00  |
|  Shift Register to Pipeline                       |            0  |              0  |                     0  |           0  |           1  |  00:00:00  |
|  Shift Register                                   |            0  |              0  |                     0  |           0  |           1  |  00:00:00  |
|  BRAM Register                                    |            0  |              0  |                     0  |           0  |           1  |  00:00:00  |
|  URAM Register                                    |            0  |              0  |                     0  |           0  |           1  |  00:00:00  |
|  Dynamic/Static Region Interface Net Replication  |            0  |              0  |                     0  |           0  |           1  |  00:00:00  |
|  Total                                            |           13  |            338  |                   347  |           0  |          11  |  00:00:01  |
-----------------------------------------------------------------------------------------------------------------------------------------------------------


Phase 2.4.2 Physical Synthesis In Placer | Checksum: 202eb5597

Time (s): cpu = 00:00:38 ; elapsed = 00:00:14 . Memory (MB): peak = 3453.312 ; gain = 0.000 ; free physical = 90744 ; free virtual = 951792
Phase 2.4 Global Placement Core | Checksum: 1bd6e92af

Time (s): cpu = 00:00:39 ; elapsed = 00:00:14 . Memory (MB): peak = 3453.312 ; gain = 0.000 ; free physical = 90746 ; free virtual = 951793
Phase 2 Global Placement | Checksum: 1bd6e92af

Time (s): cpu = 00:00:39 ; elapsed = 00:00:15 . Memory (MB): peak = 3453.312 ; gain = 0.000 ; free physical = 90745 ; free virtual = 951793

Phase 3 Detail Placement

Phase 3.1 Commit Multi Column Macros
Phase 3.1 Commit Multi Column Macros | Checksum: 20e5e5d84

Time (s): cpu = 00:00:41 ; elapsed = 00:00:15 . Memory (MB): peak = 3453.312 ; gain = 0.000 ; free physical = 90745 ; free virtual = 951793

Phase 3.2 Commit Most Macros & LUTRAMs
Phase 3.2 Commit Most Macros & LUTRAMs | Checksum: 1e3018ede

Time (s): cpu = 00:00:44 ; elapsed = 00:00:16 . Memory (MB): peak = 3453.312 ; gain = 0.000 ; free physical = 90749 ; free virtual = 951796

Phase 3.3 Area Swap Optimization
Phase 3.3 Area Swap Optimization | Checksum: 207cdcbc8

Time (s): cpu = 00:00:45 ; elapsed = 00:00:16 . Memory (MB): peak = 3453.312 ; gain = 0.000 ; free physical = 90750 ; free virtual = 951797

Phase 3.4 Pipeline Register Optimization
Phase 3.4 Pipeline Register Optimization | Checksum: 1b4899dfb

Time (s): cpu = 00:00:45 ; elapsed = 00:00:16 . Memory (MB): peak = 3453.312 ; gain = 0.000 ; free physical = 90749 ; free virtual = 951796

Phase 3.5 Fast Optimization
Phase 3.5 Fast Optimization | Checksum: 254c8fa5d

Time (s): cpu = 00:00:50 ; elapsed = 00:00:19 . Memory (MB): peak = 3453.312 ; gain = 0.000 ; free physical = 90712 ; free virtual = 951760

Phase 3.6 Small Shape Detail Placement
Phase 3.6 Small Shape Detail Placement | Checksum: 22ab4f7a1

Time (s): cpu = 00:00:55 ; elapsed = 00:00:23 . Memory (MB): peak = 3453.312 ; gain = 0.000 ; free physical = 90717 ; free virtual = 951764

Phase 3.7 Re-assign LUT pins
Phase 3.7 Re-assign LUT pins | Checksum: 251e090ea

Time (s): cpu = 00:00:55 ; elapsed = 00:00:24 . Memory (MB): peak = 3453.312 ; gain = 0.000 ; free physical = 90725 ; free virtual = 951773

Phase 3.8 Pipeline Register Optimization
Phase 3.8 Pipeline Register Optimization | Checksum: 21aec9944

Time (s): cpu = 00:00:55 ; elapsed = 00:00:24 . Memory (MB): peak = 3453.312 ; gain = 0.000 ; free physical = 90726 ; free virtual = 951773
Phase 3 Detail Placement | Checksum: 21aec9944

Time (s): cpu = 00:00:55 ; elapsed = 00:00:24 . Memory (MB): peak = 3453.312 ; gain = 0.000 ; free physical = 90725 ; free virtual = 951772

Phase 4 Post Placement Optimization and Clean-Up

Phase 4.1 Post Commit Optimization
INFO: [Timing 38-35] Done setting XDC timing constraints.

Phase 4.1.1 Post Placement Optimization
Post Placement Optimization Initialization | Checksum: 1118cc09f

Phase 4.1.1.1 BUFG Insertion

Starting Physical Synthesis Task

Phase 1 Physical Synthesis Initialization
INFO: [Physopt 32-721] Multithreading enabled for phys_opt_design using a maximum of 8 CPUs
INFO: [Physopt 32-619] Estimated Timing Summary | WNS=-0.995 | TNS=-404.007 |
Phase 1 Physical Synthesis Initialization | Checksum: 1d32fd4ad

Time (s): cpu = 00:00:01 ; elapsed = 00:00:00.37 . Memory (MB): peak = 3453.312 ; gain = 0.000 ; free physical = 90687 ; free virtual = 951734
INFO: [Place 46-56] BUFG insertion identified 0 candidate nets. Inserted BUFG: 0, Replicated BUFG Driver: 0, Skipped due to Placement/Routing Conflicts: 0, Skipped due to Timing Degradation: 0, Skipped due to netlist editing failed: 0.
Ending Physical Synthesis Task | Checksum: 1d32fd4ad

Time (s): cpu = 00:00:01 ; elapsed = 00:00:00.52 . Memory (MB): peak = 3453.312 ; gain = 0.000 ; free physical = 90684 ; free virtual = 951732
Phase 4.1.1.1 BUFG Insertion | Checksum: 1118cc09f

Time (s): cpu = 00:01:02 ; elapsed = 00:00:26 . Memory (MB): peak = 3453.312 ; gain = 0.000 ; free physical = 90684 ; free virtual = 951731

Phase 4.1.1.2 Post Placement Timing Optimization
INFO: [Place 30-746] Post Placement Timing Summary WNS=0.298. For the most accurate timing information please run report_timing.
Phase 4.1.1.2 Post Placement Timing Optimization | Checksum: 1182636c5

Time (s): cpu = 00:01:53 ; elapsed = 00:01:13 . Memory (MB): peak = 3453.312 ; gain = 0.000 ; free physical = 90171 ; free virtual = 951219

Time (s): cpu = 00:01:53 ; elapsed = 00:01:13 . Memory (MB): peak = 3453.312 ; gain = 0.000 ; free physical = 90171 ; free virtual = 951219
Phase 4.1 Post Commit Optimization | Checksum: 1182636c5

Time (s): cpu = 00:01:53 ; elapsed = 00:01:13 . Memory (MB): peak = 3453.312 ; gain = 0.000 ; free physical = 90170 ; free virtual = 951217

Phase 4.2 Post Placement Cleanup
Phase 4.2 Post Placement Cleanup | Checksum: 1182636c5

Time (s): cpu = 00:01:53 ; elapsed = 00:01:13 . Memory (MB): peak = 3453.312 ; gain = 0.000 ; free physical = 90167 ; free virtual = 951214

Phase 4.3 Placer Reporting

Phase 4.3.1 Print Estimated Congestion
INFO: [Place 30-612] Post-Placement Estimated Congestion 
 ____________________________________________________
|           | Global Congestion | Short Congestion  |
| Direction | Region Size       | Region Size       |
|___________|___________________|___________________|
|      North|                1x1|                2x2|
|___________|___________________|___________________|
|      South|                1x1|                4x4|
|___________|___________________|___________________|
|       East|                2x2|                2x2|
|___________|___________________|___________________|
|       West|                1x1|                1x1|
|___________|___________________|___________________|

Phase 4.3.1 Print Estimated Congestion | Checksum: 1182636c5

Time (s): cpu = 00:01:53 ; elapsed = 00:01:14 . Memory (MB): peak = 3453.312 ; gain = 0.000 ; free physical = 90166 ; free virtual = 951213
Phase 4.3 Placer Reporting | Checksum: 1182636c5

Time (s): cpu = 00:01:53 ; elapsed = 00:01:14 . Memory (MB): peak = 3453.312 ; gain = 0.000 ; free physical = 90165 ; free virtual = 951212

Phase 4.4 Final Placement Cleanup
Netlist sorting complete. Time (s): cpu = 00:00:00 ; elapsed = 00:00:00.01 . Memory (MB): peak = 3453.312 ; gain = 0.000 ; free physical = 90164 ; free virtual = 951211

Time (s): cpu = 00:01:53 ; elapsed = 00:01:14 . Memory (MB): peak = 3453.312 ; gain = 0.000 ; free physical = 90164 ; free virtual = 951211
Phase 4 Post Placement Optimization and Clean-Up | Checksum: 14d8f8385

Time (s): cpu = 00:01:53 ; elapsed = 00:01:14 . Memory (MB): peak = 3453.312 ; gain = 0.000 ; free physical = 90163 ; free virtual = 951210
Ending Placer Task | Checksum: e0d1c3a7

Time (s): cpu = 00:01:53 ; elapsed = 00:01:14 . Memory (MB): peak = 3453.312 ; gain = 0.000 ; free physical = 90162 ; free virtual = 951209
47 Infos, 0 Warnings, 0 Critical Warnings and 0 Errors encountered.
place_design completed successfully
place_design: Time (s): cpu = 00:01:55 ; elapsed = 00:01:14 . Memory (MB): peak = 3453.312 ; gain = 0.000 ; free physical = 90161 ; free virtual = 951209
# span "*u_ifu_subsys*"      "IFU(全部)"
SPAN *u_ifu_subsys*: 无落位单元
# span "*u_ifu_subsys/u_ibuf*"  "ibuf"
SPAN *u_ifu_subsys/u_ibuf*: 无落位单元
# span "*u_ifu_subsys/g_tage.u_tage*" "tage"
SPAN *u_ifu_subsys/g_tage.u_tage*: 无落位单元
# span "*Core_cpu/U_IF_ID*"  "IF_ID"
SPAN *Core_cpu/U_IF_ID*: 无落位单元
# span "*Core_cpu/U_ID_EX*"  "ID_EX"
SPAN *Core_cpu/U_ID_EX*: 无落位单元
# span "*Core_cpu/u_ifu_subsys/u_icache*" "icache"
SPAN *Core_cpu/u_ifu_subsys/u_icache*: 无落位单元
# phys_opt_design
Command: phys_opt_design
Attempting to get a license for feature 'Implementation' and/or device 'xc7k325t'
INFO: [Common 17-349] Got license for feature 'Implementation' and/or device 'xc7k325t'

Starting Initial Update Timing Task

Time (s): cpu = 00:00:04 ; elapsed = 00:00:00.94 . Memory (MB): peak = 3453.312 ; gain = 0.000 ; free physical = 90157 ; free virtual = 951204
INFO: [Vivado_Tcl 4-383] Design worst setup slack (WNS) is greater than or equal to 0.000 ns. Skipping all physical synthesis optimizations.
INFO: [Vivado_Tcl 4-232] No setup violation found. The netlist was not modified.
INFO: [Common 17-83] Releasing license: Implementation
4 Infos, 0 Warnings, 0 Critical Warnings and 0 Errors encountered.
phys_opt_design completed successfully
# route_design
Command: route_design
Attempting to get a license for feature 'Implementation' and/or device 'xc7k325t'
INFO: [Common 17-349] Got license for feature 'Implementation' and/or device 'xc7k325t'
Running DRC as a precondition to command route_design
INFO: [DRC 23-27] Running DRC with 8 threads
INFO: [Vivado_Tcl 4-198] DRC finished with 0 Errors
INFO: [Vivado_Tcl 4-199] Please refer to the DRC report (report_drc) for more information.


Starting Routing Task
INFO: [Route 35-254] Multithreading enabled for route_design using a maximum of 8 CPUs

Phase 1 Build RT Design
Checksum: PlaceDB: 1fcd36b8 ConstDB: 0 ShapeSum: c1048cef RouteDB: 0
Post Restoration Checksum: NetGraph: 30869fe0 | NumContArr: 701bf73c | Constraints: c2a8fa9d | Timing: c2a8fa9d
Phase 1 Build RT Design | Checksum: 225f48c56

Time (s): cpu = 00:00:32 ; elapsed = 00:00:19 . Memory (MB): peak = 3659.273 ; gain = 144.906 ; free physical = 89215 ; free virtual = 950262

Phase 2 Router Initialization

Phase 2.1 Fix Topology Constraints
Phase 2.1 Fix Topology Constraints | Checksum: 225f48c56

Time (s): cpu = 00:00:32 ; elapsed = 00:00:19 . Memory (MB): peak = 3659.273 ; gain = 144.906 ; free physical = 89215 ; free virtual = 950263

Phase 2.2 Pre Route Cleanup
Phase 2.2 Pre Route Cleanup | Checksum: 225f48c56

Time (s): cpu = 00:00:32 ; elapsed = 00:00:19 . Memory (MB): peak = 3659.273 ; gain = 144.906 ; free physical = 89214 ; free virtual = 950262
 Number of Nodes with overlaps = 0

Phase 2.3 Update Timing
Phase 2.3 Update Timing | Checksum: 3192a67eb

Time (s): cpu = 00:00:39 ; elapsed = 00:00:22 . Memory (MB): peak = 3745.008 ; gain = 230.641 ; free physical = 89114 ; free virtual = 950162
INFO: [Route 35-416] Intermediate Timing Summary | WNS=0.335  | TNS=0.000  | WHS=-0.298 | THS=-280.674|


Router Utilization Summary
  Global Vertical Routing Utilization    = 0 %
  Global Horizontal Routing Utilization  = 0 %
  Routable Net Status*
  *Does not include unroutable nets such as driverless and loadless.
  Run report_route_status for detailed report.
  Number of Failed Nets               = 14916
    (Failed Nets is the sum of unrouted and partially routed nets)
  Number of Unrouted Nets             = 14916
  Number of Partially Routed Nets     = 0
  Number of Node Overlaps             = 0

Phase 2 Router Initialization | Checksum: 274382935

Time (s): cpu = 00:00:44 ; elapsed = 00:00:23 . Memory (MB): peak = 3754.258 ; gain = 239.891 ; free physical = 89116 ; free virtual = 950164

Phase 3 Initial Routing

Phase 3.1 Global Routing
Phase 3.1 Global Routing | Checksum: 274382935

Time (s): cpu = 00:00:44 ; elapsed = 00:00:23 . Memory (MB): peak = 3754.258 ; gain = 239.891 ; free physical = 89116 ; free virtual = 950163

Phase 3.2 Initial Net Routing
Phase 3.2 Initial Net Routing | Checksum: 28e5880a5

Time (s): cpu = 00:00:54 ; elapsed = 00:00:26 . Memory (MB): peak = 3783.258 ; gain = 268.891 ; free physical = 89093 ; free virtual = 950141
Phase 3 Initial Routing | Checksum: 28e5880a5

Time (s): cpu = 00:00:54 ; elapsed = 00:00:26 . Memory (MB): peak = 3783.258 ; gain = 268.891 ; free physical = 89093 ; free virtual = 950140

Phase 4 Rip-up And Reroute

Phase 4.1 Global Iteration 0
 Number of Nodes with overlaps = 4580
 Number of Nodes with overlaps = 929
 Number of Nodes with overlaps = 236
 Number of Nodes with overlaps = 82
 Number of Nodes with overlaps = 32
 Number of Nodes with overlaps = 15
 Number of Nodes with overlaps = 10
 Number of Nodes with overlaps = 3
 Number of Nodes with overlaps = 0
INFO: [Route 35-416] Intermediate Timing Summary | WNS=-0.238 | TNS=-6.200 | WHS=N/A    | THS=N/A    |

Phase 4.1 Global Iteration 0 | Checksum: 26e5413b9

Time (s): cpu = 00:01:21 ; elapsed = 00:00:45 . Memory (MB): peak = 3783.258 ; gain = 268.891 ; free physical = 88743 ; free virtual = 949797

Phase 4.2 Global Iteration 1
 Number of Nodes with overlaps = 1533
 Number of Nodes with overlaps = 225
 Number of Nodes with overlaps = 60
 Number of Nodes with overlaps = 33
 Number of Nodes with overlaps = 13
 Number of Nodes with overlaps = 10
 Number of Nodes with overlaps = 3
 Number of Nodes with overlaps = 3
 Number of Nodes with overlaps = 1
 Number of Nodes with overlaps = 0
INFO: [Route 35-416] Intermediate Timing Summary | WNS=-0.117 | TNS=-1.330 | WHS=N/A    | THS=N/A    |

Phase 4.2 Global Iteration 1 | Checksum: 2e8696b6b

Time (s): cpu = 00:01:33 ; elapsed = 00:00:52 . Memory (MB): peak = 3783.258 ; gain = 268.891 ; free physical = 88679 ; free virtual = 949739

Phase 4.3 Global Iteration 2
 Number of Nodes with overlaps = 856
 Number of Nodes with overlaps = 184
 Number of Nodes with overlaps = 47
 Number of Nodes with overlaps = 29
 Number of Nodes with overlaps = 19
 Number of Nodes with overlaps = 16
 Number of Nodes with overlaps = 4
 Number of Nodes with overlaps = 3
 Number of Nodes with overlaps = 2
 Number of Nodes with overlaps = 2
 Number of Nodes with overlaps = 0
INFO: [Route 35-416] Intermediate Timing Summary | WNS=-0.028 | TNS=-0.028 | WHS=N/A    | THS=N/A    |

Phase 4.3 Global Iteration 2 | Checksum: 1ef2b0ccf

Time (s): cpu = 00:01:45 ; elapsed = 00:01:00 . Memory (MB): peak = 3783.258 ; gain = 268.891 ; free physical = 93127 ; free virtual = 954188

Phase 4.4 Global Iteration 3
 Number of Nodes with overlaps = 906
 Number of Nodes with overlaps = 294
 Number of Nodes with overlaps = 126
 Number of Nodes with overlaps = 62
 Number of Nodes with overlaps = 36
 Number of Nodes with overlaps = 23
 Number of Nodes with overlaps = 9
 Number of Nodes with overlaps = 11
 Number of Nodes with overlaps = 7
 Number of Nodes with overlaps = 2
 Number of Nodes with overlaps = 0
INFO: [Route 35-416] Intermediate Timing Summary | WNS=-0.109 | TNS=-0.263 | WHS=N/A    | THS=N/A    |

Phase 4.4 Global Iteration 3 | Checksum: 209149202

Time (s): cpu = 00:01:59 ; elapsed = 00:01:08 . Memory (MB): peak = 3783.258 ; gain = 268.891 ; free physical = 93127 ; free virtual = 954194
Phase 4 Rip-up And Reroute | Checksum: 209149202

Time (s): cpu = 00:01:59 ; elapsed = 00:01:08 . Memory (MB): peak = 3783.258 ; gain = 268.891 ; free physical = 93127 ; free virtual = 954194

Phase 5 Delay and Skew Optimization

Phase 5.1 Delay CleanUp

Phase 5.1.1 Update Timing
Phase 5.1.1 Update Timing | Checksum: 26ec456a7

Time (s): cpu = 00:02:01 ; elapsed = 00:01:08 . Memory (MB): peak = 3783.258 ; gain = 268.891 ; free physical = 93121 ; free virtual = 954188
INFO: [Route 35-416] Intermediate Timing Summary | WNS=0.064  | TNS=0.000  | WHS=N/A    | THS=N/A    |

Phase 5.1 Delay CleanUp | Checksum: 26ec456a7

Time (s): cpu = 00:02:01 ; elapsed = 00:01:09 . Memory (MB): peak = 3783.258 ; gain = 268.891 ; free physical = 93121 ; free virtual = 954188

Phase 5.2 Clock Skew Optimization
Phase 5.2 Clock Skew Optimization | Checksum: 26ec456a7

Time (s): cpu = 00:02:01 ; elapsed = 00:01:09 . Memory (MB): peak = 3783.258 ; gain = 268.891 ; free physical = 93121 ; free virtual = 954189
Phase 5 Delay and Skew Optimization | Checksum: 26ec456a7

Time (s): cpu = 00:02:01 ; elapsed = 00:01:09 . Memory (MB): peak = 3783.258 ; gain = 268.891 ; free physical = 93121 ; free virtual = 954189

Phase 6 Post Hold Fix

Phase 6.1 Hold Fix Iter

Phase 6.1.1 Update Timing
Phase 6.1.1 Update Timing | Checksum: 292292dce

Time (s): cpu = 00:02:02 ; elapsed = 00:01:09 . Memory (MB): peak = 3783.258 ; gain = 268.891 ; free physical = 93145 ; free virtual = 954212
INFO: [Route 35-416] Intermediate Timing Summary | WNS=0.064  | TNS=0.000  | WHS=-0.662 | THS=-1.615 |

Phase 6.1 Hold Fix Iter | Checksum: 2783a4d20

Time (s): cpu = 00:02:03 ; elapsed = 00:01:09 . Memory (MB): peak = 3783.258 ; gain = 268.891 ; free physical = 93144 ; free virtual = 954211

Phase 6.2 Non Free Resource Hold Fix Iter
Phase 6.2 Non Free Resource Hold Fix Iter | Checksum: 266a94a87

Time (s): cpu = 00:02:03 ; elapsed = 00:01:09 . Memory (MB): peak = 3783.258 ; gain = 268.891 ; free physical = 93144 ; free virtual = 954211
Phase 6 Post Hold Fix | Checksum: 266a94a87

Time (s): cpu = 00:02:03 ; elapsed = 00:01:09 . Memory (MB): peak = 3783.258 ; gain = 268.891 ; free physical = 93143 ; free virtual = 954211

Phase 7 Route finalize

Router Utilization Summary
  Global Vertical Routing Utilization    = 1.68302 %
  Global Horizontal Routing Utilization  = 2.09398 %
  Routable Net Status*
  *Does not include unroutable nets such as driverless and loadless.
  Run report_route_status for detailed report.
  Number of Failed Nets               = 0
    (Failed Nets is the sum of unrouted and partially routed nets)
  Number of Unrouted Nets             = 0
  Number of Partially Routed Nets     = 0
  Number of Node Overlaps             = 0

Phase 7 Route finalize | Checksum: 266a94a87

Time (s): cpu = 00:02:03 ; elapsed = 00:01:09 . Memory (MB): peak = 3783.258 ; gain = 268.891 ; free physical = 93143 ; free virtual = 954210

Phase 8 Verifying routed nets

 Verification completed successfully
Phase 8 Verifying routed nets | Checksum: 266a94a87

Time (s): cpu = 00:02:03 ; elapsed = 00:01:09 . Memory (MB): peak = 3783.258 ; gain = 268.891 ; free physical = 93142 ; free virtual = 954209

Phase 9 Depositing Routes
Phase 9 Depositing Routes | Checksum: 234640087

Time (s): cpu = 00:02:04 ; elapsed = 00:01:10 . Memory (MB): peak = 3783.258 ; gain = 268.891 ; free physical = 93130 ; free virtual = 954197

Phase 10 Post Router Timing

Phase 10.1 Update Timing
Phase 10.1 Update Timing | Checksum: 1e90570b3

Time (s): cpu = 00:02:06 ; elapsed = 00:01:11 . Memory (MB): peak = 3783.258 ; gain = 268.891 ; free physical = 93124 ; free virtual = 954191
INFO: [Route 35-57] Estimated Timing Summary | WNS=0.064  | TNS=0.000  | WHS=0.111  | THS=0.000  |

INFO: [Route 35-327] The final timing numbers are based on the router estimated timing analysis. For a complete and accurate timing signoff, please run report_timing_summary.
Phase 10 Post Router Timing | Checksum: 1e90570b3

Time (s): cpu = 00:02:06 ; elapsed = 00:01:11 . Memory (MB): peak = 3783.258 ; gain = 268.891 ; free physical = 93124 ; free virtual = 954191
INFO: [Route 35-16] Router Completed Successfully

Phase 11 Post-Route Event Processing
Phase 11 Post-Route Event Processing | Checksum: 2433a4dde

Time (s): cpu = 00:02:06 ; elapsed = 00:01:11 . Memory (MB): peak = 3783.258 ; gain = 268.891 ; free physical = 93128 ; free virtual = 954196
Ending Routing Task | Checksum: 2433a4dde

Time (s): cpu = 00:02:06 ; elapsed = 00:01:11 . Memory (MB): peak = 3783.258 ; gain = 268.891 ; free physical = 93122 ; free virtual = 954189

Routing Is Done.
INFO: [Common 17-83] Releasing license: Implementation
16 Infos, 0 Warnings, 0 Critical Warnings and 0 Errors encountered.
route_design completed successfully
route_design: Time (s): cpu = 00:02:08 ; elapsed = 00:01:12 . Memory (MB): peak = 3802.246 ; gain = 348.934 ; free physical = 93122 ; free virtual = 954189
# set wns  [get_property SLACK [get_timing_paths -delay_type max -max_paths 1]]
# set fmax [expr {1000.0 / ($PERIOD - $wns)}]
# report_timing_summary -delay_type max -max_paths 20 -file [file join $OUT timing_summary.rpt]
# report_timing -delay_type max -max_paths 500 -file [file join $OUT timing_paths500.rpt]
INFO: [Timing 38-78] ReportTimingParams: -max_paths 500 -nworst 1 -delay_type max -sort_by slack.
# report_timing -delay_type max -max_paths 200 -nworst 8 -file [file join $OUT timing_paths_f1.rpt]
INFO: [Timing 38-78] ReportTimingParams: -max_paths 200 -nworst 8 -delay_type max -sort_by slack.
# report_utilization -file [file join $OUT utilization.rpt]
# foreach p [get_timing_paths -delay_type max -max_paths 4] {
#     puts [format "  %8.3f ns  %s -> %s" [get_property SLACK $p] \
#         [get_property STARTPOINT_PIN $p] [get_property ENDPOINT_PIN $p]]
# }
     0.065 ns  u_soc/Core_cpu/u_ifu_subsys/g_tage.u_tage/q_row_idx_reg[1][0]/C -> u_soc/Core_cpu/u_ifu_subsys/u_ibuf/ent_q_reg[6][6]/D
     0.096 ns  u_soc/Core_cpu/u_ifu_subsys/g_tage.u_tage/q_row_idx_reg[1][0]/C -> u_soc/Core_cpu/u_ifu_subsys/u_ibuf/ent_q_reg[3][34]/D
     0.104 ns  u_soc/Core_cpu/u_ifu_subsys/g_tage.u_tage/q_row_idx_reg[1][0]/C -> u_soc/Core_cpu/u_ifu_subsys/u_ibuf/ent_q_reg[1][90]/D
     0.121 ns  u_soc/Core_cpu/u_ifu_subsys/g_tage.u_tage/q_row_idx_reg[1][0]/C -> u_soc/Core_cpu/u_ifu_subsys/u_ibuf/ent_q_reg[2][47]/D
# puts [format "P0B_SUMMARY period=%s tag=%s pblock=%s place=%s cr=%s wns=%.4f fmax_mhz=%.2f" \
#       $PERIOD $TAG $PBSPEC $PBDIR $CR $wns $fmax]
P0B_SUMMARY period=6.9 tag=expnone pblock=none place=Explore cr=0 wns=0.0650 fmax_mhz=146.31
INFO: [Common 17-206] Exiting Vivado at Tue Sep 29 00:56:59 2026...
